Archive member included to satisfy reference by file (symbol)

C:/ST/STM32CubeIDE_1.19.0/STM32CubeIDE/plugins/com.st.stm32cube.ide.mcu.externaltools.gnu-tools-for-stm32.13.3.rel1.win32_1.0.0.202411081344/tools/bin/../lib/gcc/arm-none-eabi/13.3.1/../../../../arm-none-eabi/lib/thumb/v7e-m+fp/hard\libm.a(libm_a-wf_atan2.o)
                              ./Src/MPU9250_program.o (atan2f)
C:/ST/STM32CubeIDE_1.19.0/STM32CubeIDE/plugins/com.st.stm32cube.ide.mcu.externaltools.gnu-tools-for-stm32.13.3.rel1.win32_1.0.0.202411081344/tools/bin/../lib/gcc/arm-none-eabi/13.3.1/../../../../arm-none-eabi/lib/thumb/v7e-m+fp/hard\libm.a(libm_a-wf_sqrt.o)
                              ./Src/MPU9250_program.o (sqrtf)
C:/ST/STM32CubeIDE_1.19.0/STM32CubeIDE/plugins/com.st.stm32cube.ide.mcu.externaltools.gnu-tools-for-stm32.13.3.rel1.win32_1.0.0.202411081344/tools/bin/../lib/gcc/arm-none-eabi/13.3.1/../../../../arm-none-eabi/lib/thumb/v7e-m+fp/hard\libm.a(libm_a-sf_cos.o)
                              ./Src/MPU9250_program.o (cosf)
C:/ST/STM32CubeIDE_1.19.0/STM32CubeIDE/plugins/com.st.stm32cube.ide.mcu.externaltools.gnu-tools-for-stm32.13.3.rel1.win32_1.0.0.202411081344/tools/bin/../lib/gcc/arm-none-eabi/13.3.1/../../../../arm-none-eabi/lib/thumb/v7e-m+fp/hard\libm.a(libm_a-sf_sin.o)
                              ./Src/MPU9250_program.o (sinf)
C:/ST/STM32CubeIDE_1.19.0/STM32CubeIDE/plugins/com.st.stm32cube.ide.mcu.externaltools.gnu-tools-for-stm32.13.3.rel1.win32_1.0.0.202411081344/tools/bin/../lib/gcc/arm-none-eabi/13.3.1/../../../../arm-none-eabi/lib/thumb/v7e-m+fp/hard\libm.a(libm_a-ef_sqrt.o)
                              C:/ST/STM32CubeIDE_1.19.0/STM32CubeIDE/plugins/com.st.stm32cube.ide.mcu.externaltools.gnu-tools-for-stm32.13.3.rel1.win32_1.0.0.202411081344/tools/bin/../lib/gcc/arm-none-eabi/13.3.1/../../../../arm-none-eabi/lib/thumb/v7e-m+fp/hard\libm.a(libm_a-wf_sqrt.o) (__ieee754_sqrtf)
C:/ST/STM32CubeIDE_1.19.0/STM32CubeIDE/plugins/com.st.stm32cube.ide.mcu.externaltools.gnu-tools-for-stm32.13.3.rel1.win32_1.0.0.202411081344/tools/bin/../lib/gcc/arm-none-eabi/13.3.1/../../../../arm-none-eabi/lib/thumb/v7e-m+fp/hard\libm.a(libm_a-kf_cos.o)
                              C:/ST/STM32CubeIDE_1.19.0/STM32CubeIDE/plugins/com.st.stm32cube.ide.mcu.externaltools.gnu-tools-for-stm32.13.3.rel1.win32_1.0.0.202411081344/tools/bin/../lib/gcc/arm-none-eabi/13.3.1/../../../../arm-none-eabi/lib/thumb/v7e-m+fp/hard\libm.a(libm_a-sf_cos.o) (__kernel_cosf)
C:/ST/STM32CubeIDE_1.19.0/STM32CubeIDE/plugins/com.st.stm32cube.ide.mcu.externaltools.gnu-tools-for-stm32.13.3.rel1.win32_1.0.0.202411081344/tools/bin/../lib/gcc/arm-none-eabi/13.3.1/../../../../arm-none-eabi/lib/thumb/v7e-m+fp/hard\libm.a(libm_a-kf_sin.o)
                              C:/ST/STM32CubeIDE_1.19.0/STM32CubeIDE/plugins/com.st.stm32cube.ide.mcu.externaltools.gnu-tools-for-stm32.13.3.rel1.win32_1.0.0.202411081344/tools/bin/../lib/gcc/arm-none-eabi/13.3.1/../../../../arm-none-eabi/lib/thumb/v7e-m+fp/hard\libm.a(libm_a-sf_cos.o) (__kernel_sinf)
C:/ST/STM32CubeIDE_1.19.0/STM32CubeIDE/plugins/com.st.stm32cube.ide.mcu.externaltools.gnu-tools-for-stm32.13.3.rel1.win32_1.0.0.202411081344/tools/bin/../lib/gcc/arm-none-eabi/13.3.1/../../../../arm-none-eabi/lib/thumb/v7e-m+fp/hard\libm.a(libm_a-ef_atan2.o)
                              C:/ST/STM32CubeIDE_1.19.0/STM32CubeIDE/plugins/com.st.stm32cube.ide.mcu.externaltools.gnu-tools-for-stm32.13.3.rel1.win32_1.0.0.202411081344/tools/bin/../lib/gcc/arm-none-eabi/13.3.1/../../../../arm-none-eabi/lib/thumb/v7e-m+fp/hard\libm.a(libm_a-wf_atan2.o) (__ieee754_atan2f)
C:/ST/STM32CubeIDE_1.19.0/STM32CubeIDE/plugins/com.st.stm32cube.ide.mcu.externaltools.gnu-tools-for-stm32.13.3.rel1.win32_1.0.0.202411081344/tools/bin/../lib/gcc/arm-none-eabi/13.3.1/../../../../arm-none-eabi/lib/thumb/v7e-m+fp/hard\libm.a(libm_a-ef_rem_pio2.o)
                              C:/ST/STM32CubeIDE_1.19.0/STM32CubeIDE/plugins/com.st.stm32cube.ide.mcu.externaltools.gnu-tools-for-stm32.13.3.rel1.win32_1.0.0.202411081344/tools/bin/../lib/gcc/arm-none-eabi/13.3.1/../../../../arm-none-eabi/lib/thumb/v7e-m+fp/hard\libm.a(libm_a-sf_cos.o) (__ieee754_rem_pio2f)
C:/ST/STM32CubeIDE_1.19.0/STM32CubeIDE/plugins/com.st.stm32cube.ide.mcu.externaltools.gnu-tools-for-stm32.13.3.rel1.win32_1.0.0.202411081344/tools/bin/../lib/gcc/arm-none-eabi/13.3.1/../../../../arm-none-eabi/lib/thumb/v7e-m+fp/hard\libm.a(libm_a-sf_atan.o)
                              C:/ST/STM32CubeIDE_1.19.0/STM32CubeIDE/plugins/com.st.stm32cube.ide.mcu.externaltools.gnu-tools-for-stm32.13.3.rel1.win32_1.0.0.202411081344/tools/bin/../lib/gcc/arm-none-eabi/13.3.1/../../../../arm-none-eabi/lib/thumb/v7e-m+fp/hard\libm.a(libm_a-ef_atan2.o) (atanf)
C:/ST/STM32CubeIDE_1.19.0/STM32CubeIDE/plugins/com.st.stm32cube.ide.mcu.externaltools.gnu-tools-for-stm32.13.3.rel1.win32_1.0.0.202411081344/tools/bin/../lib/gcc/arm-none-eabi/13.3.1/../../../../arm-none-eabi/lib/thumb/v7e-m+fp/hard\libm.a(libm_a-sf_fabs.o)
[...]
Memory Configuration

Name             Origin             Length             Attributes
RAM              0x20000000         0x00020000         xrw
FLASH            0x08000000         0x00080000         xr
*default*        0x00000000         0xffffffff

Linker script and memory map

LOAD C:/ST/STM32CubeIDE_1.19.0/STM32CubeIDE/plugins/com.st.stm32cube.ide.mcu.externaltools.gnu-tools-for-stm32.13.3.rel1.win32_1.0.0.202411081344/tools/bin/../lib/gcc/arm-none-eabi/13.3.1/thumb/v7e-m+fp/hard/crti.o
LOAD C:/ST/STM32CubeIDE_1.19.0/STM32CubeIDE/plugins/com.st.stm32cube.ide.mcu.externaltools.gnu-tools-for-stm32.13.3.rel1.win32_1.0.0.202411081344/tools/bin/../lib/gcc/arm-none-eabi/13.3.1/thumb/v7e-m+fp/hard/crtbegin.o
LOAD C:/ST/STM32CubeIDE_1.19.0/STM32CubeIDE/plugins/com.st.stm32cube.ide.mcu.externaltools.gnu-tools-for-stm32.13.3.rel1.win32_1.0.0.202411081344/tools/bin/../lib/gcc/arm-none-eabi/13.3.1/../../../../arm-none-eabi/lib/thumb/v7e-m+fp/hard/crt0.o
LOAD ./Src/BSW_program.o
LOAD ./Src/BUZ_program.o
LOAD ./Src/DNPW_program.o
LOAD ./Src/EEBL_program.o
LOAD ./Src/EXTI_program.o
LOAD ./Src/FCW_program.o
LOAD ./Src/GPIO_prog.o
LOAD ./Src/IMA_program.o
LOAD ./Src/LED_prog.o
LOAD ./Src/MPU9250_program.o
LOAD ./Src/NVIC_program.o
LOAD ./Src/RCC_program.o
LOAD ./Src/SCB_program.o
LOAD ./Src/SDW_program.o
LOAD ./Src/SPI_program.o
LOAD ./Src/SYSCFG_program.o
LOAD ./Src/SYSTIC_program.o
LOAD ./Src/System.o
LOAD ./Src/TIM_program.o
LOAD ./Src/USART_program.o
LOAD ./Src/US_prog.o
LOAD ./Src/main.o
LOAD ./Src/syscalls.o
LOAD ./Startup/startup_stm32f446retx.o
LOAD ./ThirdParty/Source/croutine.o
LOAD ./ThirdParty/Source/event_groups.o
LOAD ./ThirdParty/Source/list.o
LOAD ./ThirdParty/Source/queue.o
LOAD ./ThirdParty/Source/stream_buffer.o
LOAD ./ThirdParty/Source/tasks.o
LOAD ./ThirdParty/Source/timers.o
LOAD ./ThirdParty/Source/portable/GCC/ARM_CM4F/port.o
LOAD ./ThirdParty/Source/portable/MemMang/heap_4.o
START GROUP
LOAD C:/ST/STM32CubeIDE_1.19.0/STM32CubeIDE/plugins/com.st.stm32cube.ide.mcu.externaltools.gnu-tools-for-stm32.13.3.rel1.win32_1.0.0.202411081344/tools/bin/../lib/gcc/arm-none-eabi/13.3.1/../../../../arm-none-eabi/lib/thumb/v7e-m+fp/hard\libstdc++_nano.a
LOAD C:/ST/STM32CubeIDE_1.19.0/STM32CubeIDE/plugins/com.st.stm32cube.ide.mcu.externaltools.gnu-tools-for-stm32.13.3.rel1.win32_1.0.0.202411081344/tools/bin/../lib/gcc/arm-none-eabi/13.3.1/../../../../arm-none-eabi/lib/thumb/v7e-m+fp/hard\libsupc++_nano.a
END GROUP
LOAD C:/ST/STM32CubeIDE_1.19.0/STM32CubeIDE/plugins/com.st.stm32cube.ide.mcu.externaltools.gnu-tools-for-stm32.13.3.rel1.win32_1.0.0.202411081344/tools/bin/../lib/gcc/arm-none-eabi/13.3.1/../../../../arm-none-eabi/lib/thumb/v7e-m+fp/hard\libstdc++_nano.a
LOAD C:/ST/STM32CubeIDE_1.19.0/STM32CubeIDE/plugins/com.st.stm32cube.ide.mcu.externaltools.gnu-tools-for-stm32.13.3.rel1.win32_1.0.0.202411081344/tools/bin/../lib/gcc/arm-none-eabi/13.3.1/../../../../arm-none-eabi/lib/thumb/v7e-m+fp/hard\libm.a
LOAD C:/ST/STM32CubeIDE_1.19.0/STM32CubeIDE/plugins/com.st.stm32cube.ide.mcu.externaltools.gnu-tools-for-stm32.13.3.rel1.win32_1.0.0.202411081344/tools/bin/../lib/gcc/arm-none-eabi/13.3.1/../../../../arm-none-eabi/lib/thumb/v7e-m+fp/hard\libc_nano.a
START GROUP
LOAD C:/ST/STM32CubeIDE_1.19.0/STM32CubeIDE/plugins/com.st.stm32cube.ide.mcu.externaltools.gnu-tools-for-stm32.13.3.rel1.win32_1.0.0.202411081344/tools/bin/../lib/gcc/arm-none-eabi/13.3.1/thumb/v7e-m+fp/hard\libgcc.a
LOAD C:/ST/STM32CubeIDE_1.19.0/STM32CubeIDE/plugins/com.st.stm32cube.ide.mcu.externaltools.gnu-tools-for-stm32.13.3.rel1.win32_1.0.0.202411081344/tools/bin/../lib/gcc/arm-none-eabi/13.3.1/../../../../arm-none-eabi/lib/thumb/v7e-m+fp/hard\libc_nano.a
END GROUP
START GROUP
LOAD C:/ST/STM32CubeIDE_1.19.0/STM32CubeIDE/plugins/com.st.stm32cube.ide.mcu.externaltools.gnu-tools-for-stm32.13.3.rel1.win32_1.0.0.202411081344/tools/bin/../lib/gcc/arm-none-eabi/13.3.1/thumb/v7e-m+fp/hard\libgcc.a
LOAD C:/ST/STM32CubeIDE_1.19.0/STM32CubeIDE/plugins/com.st.stm32cube.ide.mcu.externaltools.gnu-tools-for-stm32.13.3.rel1.win32_1.0.0.202411081344/tools/bin/../lib/gcc/arm-none-eabi/13.3.1/../../../../arm-none-eabi/lib/thumb/v7e-m+fp/hard\libc_nano.a
LOAD C:/ST/STM32CubeIDE_1.19.0/STM32CubeIDE/plugins/com.st.stm32cube.ide.mcu.externaltools.gnu-tools-for-stm32.13.3.rel1.win32_1.0.0.202411081344/tools/bin/../lib/gcc/arm-none-eabi/13.3.1/../../../../arm-none-eabi/lib/thumb/v7e-m+fp/hard\libnosys.a
END GROUP
START GROUP
LOAD C:/ST/STM32CubeIDE_1.19.0/STM32CubeIDE/plugins/com.st.stm32cube.ide.mcu.externaltools.gnu-tools-for-stm32.13.3.rel1.win32_1.0.0.202411081344/tools/bin/../lib/gcc/arm-none-eabi/13.3.1/thumb/v7e-m+fp/hard\libgcc.a
LOAD C:/ST/STM32CubeIDE_1.19.0/STM32CubeIDE/plugins/com.st.stm32cube.ide.mcu.externaltools.gnu-tools-for-stm32.13.3.rel1.win32_1.0.0.202411081344/tools/bin/../lib/gcc/arm-none-eabi/13.3.1/../../../../arm-none-eabi/lib/thumb/v7e-m+fp/hard\libc_nano.a
LOAD C:/ST/STM32CubeIDE_1.19.0/STM32CubeIDE/plugins/com.st.stm32cube.ide.mcu.externaltools.gnu-tools-for-stm32.13.3.rel1.win32_1.0.0.202411081344/tools/bin/../lib/gcc/arm-none-eabi/13.3.1/../../../../arm-none-eabi/lib/thumb/v7e-m+fp/hard\libnosys.a
END GROUP
LOAD C:/ST/STM32CubeIDE_1.19.0/STM32CubeIDE/plugins/com.st.stm32cube.ide.mcu.externaltools.gnu-tools-for-stm32.13.3.rel1.win32_1.0.0.202411081344/tools/bin/../lib/gcc/arm-none-eabi/13.3.1/thumb/v7e-m+fp/hard/crtend.o
LOAD C:/ST/STM32CubeIDE_1.19.0/STM32CubeIDE/plugins/com.st.stm32cube.ide.mcu.externaltools.gnu-tools-for-stm32.13.3.rel1.win32_1.0.0.202411081344/tools/bin/../lib/gcc/arm-none-eabi/13.3.1/thumb/v7e-m+fp/hard/crtn.o
                0x20020000                        _estack = (ORIGIN (RAM) + LENGTH (RAM))
                0x00000200                        _Min_Heap_Size = 0x200
                0x00000400                        _Min_Stack_Size = 0x400

.isr_vector     0x08000000      0x1c4
                0x08000000                        . = ALIGN (0x4)
 *(.isr_vector)
 .isr_vector    0x08000000      0x1c4 ./Startup/startup_stm32f446retx.o
                0x08000000                g_pfnVectors
                0x080001c4                        . = ALIGN (0x4)

.text           0x080001d0     0x9680
                0x080001d0                        . = ALIGN (0x4)
 *(.text)
 .text          0x080001d0       0x40 C:/ST/STM32CubeIDE_1.19.0/STM32CubeIDE/plugins/com.st.stm32cube.ide.mcu.externaltools.gnu-tools-for-stm32.13.3.rel1.win32_1.0.0.202411081344/tools/bin/../lib/gcc/arm-none-eabi/13.3.1/thumb/v7e-m+fp/hard/crtbegin.o
 .text          0x08000210       0xa0 C:/ST/STM32CubeIDE_1.19.0/STM32CubeIDE/plugins/com.st.stm32cube.ide.mcu.externaltools.gnu-tools-for-stm32.13.3.rel1.win32_1.0.0.202411081344/tools/bin/../lib/gcc/arm-none-eabi/13.3.1/../../../../arm-none-eabi/lib/thumb/v7e-m+fp/hard\libc_nano.a(libc_a-memchr.o)
                0x08000210                memchr
 .text          0x080002b0       0x10 C:/ST/STM32CubeIDE_1.19.0/STM32CubeIDE/plugins/com.st.stm32cube.ide.mcu.externaltools.gnu-tools-for-stm32.13.3.rel1.win32_1.0.0.202411081344/tools/bin/../lib/gcc/arm-none-eabi/13.3.1/../../../../arm-none-eabi/lib/thumb/v7e-m+fp/hard\libc_nano.a(libc_a-strlen.o)
                0x080002b0                strlen
 .text          0x080002c0      0x378 C:/ST/STM32CubeIDE_1.19.0/STM32CubeIDE/plugins/com.st.stm32cube.ide.mcu.externaltools.gnu-tools-for-stm32.13.3.rel1.win32_1.0.0.202411081344/tools/bin/../lib/gcc/arm-none-eabi/13.3.1/thumb/v7e-m+fp/hard\libgcc.a(_arm_addsubdf3.o)
                0x080002c0                __aeabi_drsub
                0x080002c8                __aeabi_dsub
                0x080002c8                __subdf3
                0x080002cc                __aeabi_dadd
                0x080002cc                __adddf3
                0x08000544                __floatunsidf
                0x08000544                __aeabi_ui2d
                0x08000564                __floatsidf
                0x08000564                __aeabi_i2d
                0x08000588                __aeabi_f2d
                0x08000588                __extendsfdf2
                0x080005cc                __floatundidf
                0x080005cc                __aeabi_ul2d
                0x080005dc                __floatdidf
                0x080005dc                __aeabi_l2d
 .text          0x08000638      0x424 C:/ST/STM32CubeIDE_1.19.0/STM32CubeIDE/plugins/com.st.stm32cube.ide.mcu.externaltools.gnu-tools-for-stm32.13.3.rel1.win32_1.0.0.202411081344/tools/bin/../lib/gcc/arm-none-eabi/13.3.1/thumb/v7e-m+fp/hard\libgcc.a(_arm_muldivdf3.o)
                0x08000638                __aeabi_dmul
                0x08000638                __muldf3
                0x0800088c                __divdf3
                0x0800088c                __aeabi_ddiv
 .text          0x08000a5c      0x110 C:/ST/STM32CubeIDE_1.19.0/STM32CubeIDE/plugins/com.st.stm32cube.ide.mcu.externaltools.gnu-tools-for-stm32.13.3.rel1.win32_1.0.0.202411081344/tools/bin/../lib/gcc/arm-none-eabi/13.3.1/thumb/v7e-m+fp/hard\libgcc.a(_arm_cmpdf2.o)
                0x08000a5c                __gtdf2
                0x08000a5c                __gedf2
                0x08000a64                __ltdf2
                0x08000a64                __ledf2
                0x08000a6c                __nedf2
                0x08000a6c                __eqdf2
                0x08000a6c                __cmpdf2
                0x08000ae8                __aeabi_cdrcmple
                0x08000af8                __aeabi_cdcmpeq
                0x08000af8                __aeabi_cdcmple
                0x08000b08                __aeabi_dcmpeq
                0x08000b1c                __aeabi_dcmplt
                0x08000b30                __aeabi_dcmple
                0x08000b44                __aeabi_dcmpge
                0x08000b58                __aeabi_dcmpgt
 .text          0x08000b6c       0x2c C:/ST/STM32CubeIDE_1.19.0/STM32CubeIDE/plugins/com.st.stm32cube.ide.mcu.externaltools.gnu-tools-for-stm32.13.3.rel1.win32_1.0.0.202411081344/tools/bin/../lib/gcc/arm-none-eabi/13.3.1/thumb/v7e-m+fp/hard\libgcc.a(_arm_unorddf2.o)
                0x08000b6c                __unorddf2
                0x08000b6c                __aeabi_dcmpun
 .text          0x08000b98       0x50 C:/ST/STM32CubeIDE_1.19.0/STM32CubeIDE/plugins/com.st.stm32cube.ide.mcu.externaltools.gnu-tools-for-stm32.13.3.rel1.win32_1.0.0.202411081344/tools/bin/../lib/gcc/arm-none-eabi/13.3.1/thumb/v7e-m+fp/hard\libgcc.a(_arm_fixdfsi.o)
                0x08000b98                __aeabi_d2iz
                0x08000b98                __fixdfsi
 .text          0x08000be8       0xa0 C:/ST/STM32CubeIDE_1.19.0/STM32CubeIDE/plugins/com.st.stm32cube.ide.mcu.externaltools.gnu-tools-for-stm32.13.3.rel1.win32_1.0.0.202411081344/tools/bin/../lib/gcc/arm-none-eabi/13.3.1/thumb/v7e-m+fp/hard\libgcc.a(_arm_truncdfsf2.o)
                0x08000be8                __truncdfsf2
                0x08000be8                __aeabi_d2f
 .text          0x08000c88       0x30 C:/ST/STM32CubeIDE_1.19.0/STM32CubeIDE/plugins/com.st.stm32cube.ide.mcu.externaltools.gnu-tools-for-stm32.13.3.rel1.win32_1.0.0.202411081344/tools/bin/../lib/gcc/arm-none-eabi/13.3.1/thumb/v7e-m+fp/hard\libgcc.a(_aeabi_uldivmod.o)
                0x08000c88                __aeabi_uldivmod
 .text          0x08000cb8      0x2f8 C:/ST/STM32CubeIDE_1.19.0/STM32CubeIDE/plugins/com.st.stm32cube.ide.mcu.externaltools.gnu-tools-for-stm32.13.3.rel1.win32_1.0.0.202411081344/tools/bin/../lib/gcc/arm-none-eabi/13.3.1/thumb/v7e-m+fp/hard\libgcc.a(_udivmoddi4.o)
                0x08000cb8                __udivmoddi4
 .text          0x08000fb0        0x4 C:/ST/STM32CubeIDE_1.19.0/STM32CubeIDE/plugins/com.st.stm32cube.ide.mcu.externaltools.gnu-tools-for-stm32.13.3.rel1.win32_1.0.0.202411081344/tools/bin/../lib/gcc/arm-none-eabi/13.3.1/thumb/v7e-m+fp/hard\libgcc.a(_dvmd_tls.o)
                0x08000fb0                __aeabi_idiv0
                0x08000fb0                __aeabi_ldiv0
 *(.text*)
 .text.BUZ_Init
                0x08000fb4       0x60 ./Src/BUZ_program.o
                0x08000fb4                BUZ_Init
 .text.BUZ_On   0x08001014       0x46 ./Src/BUZ_program.o
                0x08001014                BUZ_On
 .text.BUZ_Off  0x0800105a       0x46 ./Src/BUZ_program.o
                0x0800105a                BUZ_Off
 .text.EXTI_vClearPendFlag
                0x080010a0       0x30 ./Src/EXTI_program.o
                0x080010a0                EXTI_vClearPendFlag
 .text.EXTI_u8ReadPendFlag
                0x080010d0       0x30 ./Src/EXTI_program.o
                0x080010d0                EXTI_u8ReadPendFlag
 .text.EXTI0_IRQHandler
                0x08001100       0x20 ./Src/EXTI_program.o
                0x08001100                EXTI0_IRQHandler
 .text.EXTI1_IRQHandler
                0x08001120       0x20 ./Src/EXTI_program.o
                0x08001120                EXTI1_IRQHandler
 .text.EXTI2_IRQHandler
                0x08001140       0x20 ./Src/EXTI_program.o
                0x08001140                EXTI2_IRQHandler
 .text.EXTI3_IRQHandler
                0x08001160       0x20 ./Src/EXTI_program.o
                0x08001160                EXTI3_IRQHandler
 .text.EXTI4_IRQHandler
                0x08001180       0x20 ./Src/EXTI_program.o
                0x08001180                EXTI4_IRQHandler
 .text.EXTI9_5_IRQHandler
                0x080011a0       0xb4 ./Src/EXTI_program.o
                0x080011a0                EXTI9_5_IRQHandler
 .text.EXTI15_10_IRQHandler
                0x08001254       0xd8 ./Src/EXTI_program.o
                0x08001254                EXTI15_10_IRQHandler
 .text.GPIO_enumPinInit
                0x0800132c      0x2ac ./Src/GPIO_prog.o
                0x0800132c                GPIO_enumPinInit
 .text.GPIO_enumWritePinVal
                0x080015d8       0x84 ./Src/GPIO_prog.o
                0x080015d8                GPIO_enumWritePinVal
 .text.MPU9250_vSelect
                0x0800165c       0x12 ./Src/MPU9250_program.o
 .text.MPU9250_vDeselect
                0x0800166e       0x12 ./Src/MPU9250_program.o
 .text.MPU9250_vWriteReg
                0x08001680       0x44 ./Src/MPU9250_program.o
 .text.MPU9250_u8ReadReg
                0x080016c4       0x48 ./Src/MPU9250_program.o
 .text.MPU9250_vInitMag
                0x0800170c       0x68 ./Src/MPU9250_program.o
 .text.MPU9250_enumInit
                0x08001774      0x270 ./Src/MPU9250_program.o
                0x08001774                MPU9250_enumInit
 .text.MPU9250_enumReadData
                0x080019e4      0x1f0 ./Src/MPU9250_program.o
                0x080019e4                MPU9250_enumReadData
 *fill*         0x08001bd4        0x4 
 .text.MPU9250_enumGetAttitude
                0x08001bd8      0x174 ./Src/MPU9250_program.o
                0x08001bd8                MPU9250_enumGetAttitude
 *fill*         0x08001d4c        0x4 
 .text.MPU9250_enumGetHeading
                0x08001d50       0xc8 ./Src/MPU9250_program.o
                0x08001d50                MPU9250_enumGetHeading
 .text.MPU9250_enumGetSpeed
                0x08001e18      0x1cc ./Src/MPU9250_program.o
                0x08001e18                MPU9250_enumGetSpeed
 *fill*         0x08001fe4        0x4 
 .text.MPU9250_enumGetPosition
                0x08001fe8      0x254 ./Src/MPU9250_program.o
                0x08001fe8                MPU9250_enumGetPosition
 .text.RCC_enumSetSysClk
                0x0800223c       0xc4 ./Src/RCC_program.o
                0x0800223c                RCC_enumSetSysClk
 .text.RCC_enumAHPPerSts
                0x08002300      0x114 ./Src/RCC_program.o
                0x08002300                RCC_enumAHPPerSts
 .text.RCC_enumABPPerSts
                0x08002414       0xcc ./Src/RCC_program.o
                0x08002414                RCC_enumABPPerSts
 .text.SystemInit
                0x080024e0       0x28 ./Src/SCB_program.o
                0x080024e0                SystemInit
 .text.SPI_enumInit
                0x08002508      0x27c ./Src/SPI_program.o
                0x08002508                SPI_enumInit
 .text.SPI_enumTrancieve
                0x08002784       0xf8 ./Src/SPI_program.o
                0x08002784                SPI_enumTrancieve
 .text.vApplicationIdleHook
                0x0800287c        0xe ./Src/System.o
                0x0800287c                vApplicationIdleHook
 *fill*         0x0800288a        0x2 
 .text.System_setup
                0x0800288c      0x208 ./Src/System.o
                0x0800288c                System_setup
 .text.RTOS_setup
                0x08002a94        0xc ./Src/System.o
                0x08002a94                RTOS_setup
 .text.TIM_vStart
                0x08002aa0       0x44 ./Src/TIM_program.o
                0x08002aa0                TIM_vStart
 .text.TIM_vIC_Init
                0x08002ae4      0x2a8 ./Src/TIM_program.o
                0x08002ae4                TIM_vIC_Init
 .text.TIM_vSetICPolarity
                0x08002d8c       0xe8 ./Src/TIM_program.o
                0x08002d8c                TIM_vSetICPolarity
 .text.TIM_vDelayMs
                0x08002e74       0x9c ./Src/TIM_program.o
                0x08002e74                TIM_vDelayMs
 .text.TIM_vDelayUs
                0x08002f10       0x98 ./Src/TIM_program.o
                0x08002f10                TIM_vDelayUs
 .text.TIM2_IRQHandler
                0x08002fa8       0x38 ./Src/TIM_program.o
                0x08002fa8                TIM2_IRQHandler
 .text.TIM3_IRQHandler
                0x08002fe0       0x38 ./Src/TIM_program.o
                0x08002fe0                TIM3_IRQHandler
 .text.TIM4_IRQHandler
                0x08003018       0x38 ./Src/TIM_program.o
                0x08003018                TIM4_IRQHandler
 .text.TIM5_IRQHandler
                0x08003050       0x38 ./Src/TIM_program.o
                0x08003050                TIM5_IRQHandler
 .text.TIM1_UP_TIM10_IRQHandler
                0x08003088       0x38 ./Src/TIM_program.o
                0x08003088                TIM1_UP_TIM10_IRQHandler
 .text.TIM8_UP_TIM13_IRQHandler
                0x080030c0       0x38 ./Src/TIM_program.o
                0x080030c0                TIM8_UP_TIM13_IRQHandler
 .text.TIM6_DAC_IRQHandler
                0x080030f8       0x38 ./Src/TIM_program.o
                0x080030f8                TIM6_DAC_IRQHandler
 .text.TIM7_IRQHandler
                0x08003130       0x38 ./Src/TIM_program.o
                0x08003130                TIM7_IRQHandler
 .text.USART_Init
                0x08003168      0x37c ./Src/USART_program.o
                0x08003168                USART_Init
 .text.USART1_IRQHandler
                0x080034e4       0x1c ./Src/USART_program.o
                0x080034e4                USART1_IRQHandler
 .text.USART2_IRQHandler
                0x08003500       0x1c ./Src/USART_program.o
                0x08003500                USART2_IRQHandler
 .text.USART3_IRQHandler
                0x0800351c       0x1c ./Src/USART_program.o
                0x0800351c                USART3_IRQHandler
 .text.USART6_IRQHandler
                0x08003538       0x1c ./Src/USART_program.o
                0x08003538                USART6_IRQHandler
 .text.US_vSendTrigger
                0x08003554       0x50 ./Src/US_prog.o
 .text.TIM_u32GetCaptureValue_Direct
                0x080035a4       0x50 ./Src/US_prog.o
 .text.US_vInit
                0x080035f4      0x17c ./Src/US_prog.o
                0x080035f4                US_vInit
 .text.US_u16ReadDistance_cm
                0x08003770      0x160 ./Src/US_prog.o
                0x08003770                US_u16ReadDistance_cm
 .text.main     0x080038d0       0xd8 ./Src/main.o
                0x080038d0                main
 .text.vTask_Sensors
                0x080039a8      0x170 ./Src/main.o
                0x080039a8                vTask_Sensors
 .text.vTask_ADAS_Core
                0x08003b18       0x78 ./Src/main.o
                0x08003b18                vTask_ADAS_Core
 .text.vTask_Feedback
                0x08003b90       0x30 ./Src/main.o
                0x08003b90                vTask_Feedback
 .text.vTask_ESP_RX
                0x08003bc0       0x10 ./Src/main.o
                0x08003bc0                vTask_ESP_RX
 .text.vTask_ESP_TX
                0x08003bd0       0x10 ./Src/main.o
                0x08003bd0                vTask_ESP_TX
 .text.vTask_RPi_TX
                0x08003be0       0x10 ./Src/main.o
                0x08003be0                vTask_RPi_TX
 .text.vTask_RPi_RX
                0x08003bf0       0x10 ./Src/main.o
                0x08003bf0                vTask_RPi_RX
 .text.ITM_SendChar
                0x08003c00       0x50 ./Src/syscalls.o
                0x08003c00                ITM_SendChar
 .text._getpid  0x08003c50       0x10 ./Src/syscalls.o
                0x08003c50                _getpid
 .text._kill    0x08003c60       0x20 ./Src/syscalls.o
                0x08003c60                _kill
 .text._exit    0x08003c80       0x16 ./Src/syscalls.o
                0x08003c80                _exit
 .text._read    0x08003c96       0x3a ./Src/syscalls.o
                0x08003c96                _read
 .text._write   0x08003cd0       0x38 ./Src/syscalls.o
                0x08003cd0                _write
 .text._close   0x08003d08       0x18 ./Src/syscalls.o
                0x08003d08                _close
 .text._fstat   0x08003d20       0x20 ./Src/syscalls.o
                0x08003d20                _fstat
 .text._isatty  0x08003d40       0x16 ./Src/syscalls.o
                0x08003d40                _isatty
 .text._lseek   0x08003d56       0x1a ./Src/syscalls.o
                0x08003d56                _lseek
 .text.Reset_Handler
                0x08003d70       0x50 ./Startup/startup_stm32f446retx.o
                0x08003d70                Reset_Handler
 .text.Default_Handler
                0x08003dc0        0x2 ./Startup/startup_stm32f446retx.o
                0x08003dc0                RTC_Alarm_IRQHandler
                0x08003dc0                TIM8_CC_IRQHandler
                0x08003dc0                SPDIF_Rx_IRQHandler
                0x08003dc0                DebugMon_Handler
                0x08003dc0                SPI4_IRQHandler
                0x08003dc0                TIM1_CC_IRQHandler
                0x08003dc0                QuadSPI_IRQHandler
                0x08003dc0                DMA2_Stream5_IRQHandler
                0x08003dc0                HardFault_Handler
                0x08003dc0                DMA1_Stream5_IRQHandler
                0x08003dc0                PVD_IRQHandler
                0x08003dc0                SDIO_IRQHandler
                0x08003dc0                TAMP_STAMP_IRQHandler
                0x08003dc0                NMI_Handler
                0x08003dc0                CAN2_RX1_IRQHandler
                0x08003dc0                TIM8_TRG_COM_TIM14_IRQHandler
                0x08003dc0                FMPI2C1_error_IRQHandler
                0x08003dc0                I2C3_ER_IRQHandler
                0x08003dc0                I2C2_EV_IRQHandler
                0x08003dc0                DMA1_Stream2_IRQHandler
                0x08003dc0                CAN1_RX0_IRQHandler
                0x08003dc0                OTG_HS_WKUP_IRQHandler
                0x08003dc0                UsageFault_Handler
                0x08003dc0                CAN2_SCE_IRQHandler
                0x08003dc0                DMA2_Stream2_IRQHandler
                0x08003dc0                SPI1_IRQHandler
                0x08003dc0                TIM1_BRK_TIM9_IRQHandler
                0x08003dc0                DCMI_IRQHandler
                0x08003dc0                CAN2_RX0_IRQHandler
                0x08003dc0                DMA2_Stream3_IRQHandler
                0x08003dc0                FMPI2C1_IRQHandler
                0x08003dc0                SAI2_IRQHandler
                0x08003dc0                CAN1_RX1_IRQHandler
                0x08003dc0                UART5_IRQHandler
                0x08003dc0                DMA2_Stream0_IRQHandler
                0x08003dc0                I2C1_EV_IRQHandler
                0x08003dc0                HDMI_CEC_IRQHandler
                0x08003dc0                DMA1_Stream6_IRQHandler
                0x08003dc0                DMA1_Stream1_IRQHandler
                0x08003dc0                UART4_IRQHandler
                0x08003dc0                RCC_IRQHandler
                0x08003dc0                TIM8_BRK_TIM12_IRQHandler
                0x08003dc0                Default_Handler
                0x08003dc0                ADC_IRQHandler
                0x08003dc0                DMA1_Stream7_IRQHandler
                0x08003dc0                CAN2_TX_IRQHandler
                0x08003dc0                DMA2_Stream7_IRQHandler
                0x08003dc0                I2C3_EV_IRQHandler
                0x08003dc0                RTC_WKUP_IRQHandler
                0x08003dc0                SPI2_IRQHandler
                0x08003dc0                OTG_HS_EP1_IN_IRQHandler
                0x08003dc0                MemManage_Handler
                0x08003dc0                DMA1_Stream0_IRQHandler
                0x08003dc0                CAN1_TX_IRQHandler
                0x08003dc0                OTG_HS_EP1_OUT_IRQHandler
                0x08003dc0                WWDG_IRQHandler
                0x08003dc0                OTG_FS_WKUP_IRQHandler
                0x08003dc0                TIM1_TRG_COM_TIM11_IRQHandler
                0x08003dc0                OTG_HS_IRQHandler
                0x08003dc0                I2C2_ER_IRQHandler
                0x08003dc0                DMA2_Stream1_IRQHandler
                0x08003dc0                CAN1_SCE_IRQHandler
                0x08003dc0                FLASH_IRQHandler
                0x08003dc0                DMA2_Stream4_IRQHandler
                0x08003dc0                BusFault_Handler
                0x08003dc0                OTG_FS_IRQHandler
                0x08003dc0                SPI3_IRQHandler
                0x08003dc0                DMA1_Stream4_IRQHandler
                0x08003dc0                I2C1_ER_IRQHandler
                0x08003dc0                FMC_IRQHandler
                0x08003dc0                DMA2_Stream6_IRQHandler
                0x08003dc0                SAI1_IRQHandler
                0x08003dc0                DMA1_Stream3_IRQHandler
 .text.vListInitialise
                0x08003dc2       0x40 ./ThirdParty/Source/list.o
                0x08003dc2                vListInitialise
 .text.vListInitialiseItem
                0x08003e02       0x1a ./ThirdParty/Source/list.o
                0x08003e02                vListInitialiseItem
 .text.vListInsert
                0x08003e1c       0x72 ./ThirdParty/Source/list.o
                0x08003e1c                vListInsert
 .text.uxListRemove
                0x08003e8e       0x54 ./ThirdParty/Source/list.o
                0x08003e8e                uxListRemove
 *fill*         0x08003ee2        0x2 
 .text.xQueueGenericReset
                0x08003ee4      0x124 ./ThirdParty/Source/queue.o
                0x08003ee4                xQueueGenericReset
 .text.xQueueGenericCreate
                0x08004008       0x9e ./ThirdParty/Source/queue.o
                0x08004008                xQueueGenericCreate
 .text.prvInitialiseNewQueue
                0x080040a6       0x46 ./ThirdParty/Source/queue.o
 .text.xQueueReceive
                0x080040ec      0x1c4 ./ThirdParty/Source/queue.o
                0x080040ec                xQueueReceive
 .text.prvCopyDataFromQueue
                0x080042b0       0x4c ./ThirdParty/Source/queue.o
 .text.prvUnlockQueue
                0x080042fc       0xa4 ./ThirdParty/Source/queue.o
 .text.prvIsQueueEmpty
                0x080043a0       0x2c ./ThirdParty/Source/queue.o
 .text.vQueueAddToRegistry
                0x080043cc       0xa0 ./ThirdParty/Source/queue.o
                0x080043cc                vQueueAddToRegistry
 .text.vQueueWaitForMessageRestricted
                0x0800446c       0x68 ./ThirdParty/Source/queue.o
                0x0800446c                vQueueWaitForMessageRestricted
 .text.xTaskCreate
                0x080044d4       0x8c ./ThirdParty/Source/tasks.o
                0x080044d4                xTaskCreate
 .text.prvInitialiseNewTask
                0x08004560      0x120 ./ThirdParty/Source/tasks.o
 .text.prvAddNewTaskToReadyList
                0x08004680      0x12c ./ThirdParty/Source/tasks.o
 .text.vTaskDelay
                0x080047ac       0x6c ./ThirdParty/Source/tasks.o
                0x080047ac                vTaskDelay
 .text.vTaskStartScheduler
                0x08004818       0xa4 ./ThirdParty/Source/tasks.o
                0x08004818                vTaskStartScheduler
 .text.vTaskSuspendAll
                0x080048bc       0x1c ./ThirdParty/Source/tasks.o
                0x080048bc                vTaskSuspendAll
 .text.xTaskResumeAll
                0x080048d8      0x1f8 ./ThirdParty/Source/tasks.o
                0x080048d8                xTaskResumeAll
 .text.xTaskGetTickCount
                0x08004ad0       0x20 ./ThirdParty/Source/tasks.o
                0x08004ad0                xTaskGetTickCount
 .text.xTaskIncrementTick
                0x08004af0      0x230 ./ThirdParty/Source/tasks.o
                0x08004af0                xTaskIncrementTick
 .text.vTaskSwitchContext
                0x08004d20       0xb8 ./ThirdParty/Source/tasks.o
                0x08004d20                vTaskSwitchContext
 .text.vTaskPlaceOnEventList
                0x08004dd8       0x4c ./ThirdParty/Source/tasks.o
                0x08004dd8                vTaskPlaceOnEventList
 .text.vTaskPlaceOnEventListRestricted
                0x08004e24       0x8c ./ThirdParty/Source/tasks.o
                0x08004e24                vTaskPlaceOnEventListRestricted
 .text.xTaskRemoveFromEventList
                0x08004eb0      0x1b0 ./ThirdParty/Source/tasks.o
                0x08004eb0                xTaskRemoveFromEventList
 .text.vTaskInternalSetTimeOutState
                0x08005060       0x2c ./ThirdParty/Source/tasks.o
                0x08005060                vTaskInternalSetTimeOutState
 .text.xTaskCheckForTimeOut
                0x0800508c       0xd0 ./ThirdParty/Source/tasks.o
                0x0800508c                xTaskCheckForTimeOut
 .text.vTaskMissedYield
                0x0800515c       0x18 ./ThirdParty/Source/tasks.o
                0x0800515c                vTaskMissedYield
 .text.prvIdleTask
                0x08005174       0x34 ./ThirdParty/Source/tasks.o
 .text.prvInitialiseTaskLists
                0x080051a8       0x80 ./ThirdParty/Source/tasks.o
 .text.prvCheckTasksWaitingTermination
                0x08005228       0x5c ./ThirdParty/Source/tasks.o
 .text.prvDeleteTCB
                0x08005284       0x20 ./ThirdParty/Source/tasks.o
 .text.prvResetNextTaskUnblockTime
                0x080052a4       0x38 ./ThirdParty/Source/tasks.o
 .text.xTaskGetSchedulerState
                0x080052dc       0x3c ./ThirdParty/Source/tasks.o
                0x080052dc                xTaskGetSchedulerState
 .text.prvAddCurrentTaskToDelayedList
                0x08005318      0x100 ./ThirdParty/Source/tasks.o
 .text.xTimerCreateTimerTask
                0x08005418       0x68 ./ThirdParty/Source/timers.o
                0x08005418                xTimerCreateTimerTask
 .text.prvReloadTimer
                0x08005480       0x42 ./ThirdParty/Source/timers.o
 *fill*         0x080054c2        0x2 
 .text.prvProcessExpiredTimer
                0x080054c4       0x60 ./ThirdParty/Source/timers.o
 .text.prvTimerTask
                0x08005524       0x26 ./ThirdParty/Source/timers.o
 *fill*         0x0800554a        0x2 
 .text.prvProcessTimerOrBlockTask
                0x0800554c       0x9c ./ThirdParty/Source/timers.o
 .text.prvGetNextExpireTime
                0x080055e8       0x48 ./ThirdParty/Source/timers.o
 .text.prvSampleTimeNow
                0x08005630       0x40 ./ThirdParty/Source/timers.o
 .text.prvInsertTimerInActiveList
                0x08005670       0x84 ./ThirdParty/Source/timers.o
 .text.prvProcessReceivedCommands
                0x080056f4      0x184 ./ThirdParty/Source/timers.o
 .text.prvSwitchTimerLists
                0x08005878       0x4c ./ThirdParty/Source/timers.o
 .text.prvCheckForValidListAndQueue
                0x080058c4       0x6c ./ThirdParty/Source/timers.o
 .text.pxPortInitialiseStack
                0x08005930       0x68 ./ThirdParty/Source/portable/GCC/ARM_CM4F/port.o
                0x08005930                pxPortInitialiseStack
 .text.prvTaskExitError
                0x08005998       0x5c ./ThirdParty/Source/portable/GCC/ARM_CM4F/port.o
 *fill*         0x080059f4        0xc 
 .text.SVC_Handler
                0x08005a00       0x28 ./ThirdParty/Source/portable/GCC/ARM_CM4F/port.o
                0x08005a00                SVC_Handler
 .text.prvPortStartFirstTask
                0x08005a28       0x2c ./ThirdParty/Source/portable/GCC/ARM_CM4F/port.o
 .text.xPortStartScheduler
                0x08005a54      0x148 ./ThirdParty/Source/portable/GCC/ARM_CM4F/port.o
                0x08005a54                xPortStartScheduler
 .text.vPortEnterCritical
                0x08005b9c       0x64 ./ThirdParty/Source/portable/GCC/ARM_CM4F/port.o
                0x08005b9c                vPortEnterCritical
 .text.vPortExitCritical
                0x08005c00       0x54 ./ThirdParty/Source/portable/GCC/ARM_CM4F/port.o
                0x08005c00                vPortExitCritical
 *fill*         0x08005c54        0xc 
 .text.PendSV_Handler
                0x08005c60       0x68 ./ThirdParty/Source/portable/GCC/ARM_CM4F/port.o
                0x08005c60                PendSV_Handler
 .text.SysTick_Handler
                0x08005cc8       0x44 ./ThirdParty/Source/portable/GCC/ARM_CM4F/port.o
                0x08005cc8                SysTick_Handler
 .text.vPortSetupTimerInterrupt
                0x08005d0c       0x48 ./ThirdParty/Source/portable/GCC/ARM_CM4F/port.o
                0x08005d0c                vPortSetupTimerInterrupt
 .text.vPortEnableVFP
                0x08005d54       0x18 ./ThirdParty/Source/portable/GCC/ARM_CM4F/port.o
 .text.pvPortMalloc
                0x08005d6c      0x178 ./ThirdParty/Source/portable/MemMang/heap_4.o
                0x08005d6c                pvPortMalloc
 .text.vPortFree
                0x08005ee4       0xb4 ./ThirdParty/Source/portable/MemMang/heap_4.o
                0x08005ee4                vPortFree
 .text.prvHeapInit
                0x08005f98       0xb8 ./ThirdParty/Source/portable/MemMang/heap_4.o
 .text.prvInsertBlockIntoFreeList
                0x08006050       0xb4 ./ThirdParty/Source/portable/MemMang/heap_4.o
 .text.atan2f   0x08006104        0x4 C:/ST/STM32CubeIDE_1.19.0/STM32CubeIDE/plugins/com.st.stm32cube.ide.mcu.externaltools.gnu-tools-for-stm32.13.3.rel1.win32_1.0.0.202411081344/tools/bin/../lib/gcc/arm-none-eabi/13.3.1/../../../../arm-none-eabi/lib/thumb/v7e-m+fp/hard\libm.a(libm_a-wf_atan2.o)
                0x08006104                atan2f
 .text.sqrtf    0x08006108       0x3c C:/ST/STM32CubeIDE_1.19.0/STM32CubeIDE/plugins/com.st.stm32cube.ide.mcu.externaltools.gnu-tools-for-stm32.13.3.rel1.win32_1.0.0.202411081344/tools/bin/../lib/gcc/arm-none-eabi/13.3.1/../../../../arm-none-eabi/lib/thumb/v7e-m+fp/hard\libm.a(libm_a-wf_sqrt.o)
                0x08006108                sqrtf
 .text.cosf     0x08006144       0x88 C:/ST/STM32CubeIDE_1.19.0/STM32CubeIDE/plugins/com.st.stm32cube.ide.mcu.externaltools.gnu-tools-for-stm32.13.3.rel1.win32_1.0.0.202411081344/tools/bin/../lib/gcc/arm-none-eabi/13.3.1/../../../../arm-none-eabi/lib/thumb/v7e-m+fp/hard\libm.a(libm_a-sf_cos.o)
                0x08006144                cosf
 .text.sinf     0x080061cc       0x8c C:/ST/STM32CubeIDE_1.19.0/STM32CubeIDE/plugins/com.st.stm32cube.ide.mcu.externaltools.gnu-tools-for-stm32.13.3.rel1.win32_1.0.0.202411081344/tools/bin/../lib/gcc/arm-none-eabi/13.3.1/../../../../arm-none-eabi/lib/thumb/v7e-m+fp/hard\libm.a(libm_a-sf_sin.o)
                0x080061cc                sinf
 .text.__ieee754_sqrtf
                0x08006258        0x6 C:/ST/STM32CubeIDE_1.19.0/STM32CubeIDE/plugins/com.st.stm32cube.ide.mcu.externaltools.gnu-tools-for-stm32.13.3.rel1.win32_1.0.0.202411081344/tools/bin/../lib/gcc/arm-none-eabi/13.3.1/../../../../arm-none-eabi/lib/thumb/v7e-m+fp/hard\libm.a(libm_a-ef_sqrt.o)
                0x08006258                __ieee754_sqrtf
 *fill*         0x0800625e        0x2 
 .text.__kernel_cosf
                0x08006260       0xb0 C:/ST/STM32CubeIDE_1.19.0/STM32CubeIDE/plugins/com.st.stm32cube.ide.mcu.externaltools.gnu-tools-for-stm32.13.3.rel1.win32_1.0.0.202411081344/tools/bin/../lib/gcc/arm-none-eabi/13.3.1/../../../../arm-none-eabi/lib/thumb/v7e-m+fp/hard\libm.a(libm_a-kf_cos.o)
                0x08006260                __kernel_cosf
 .text.__kernel_sinf
                0x08006310       0x90 C:/ST/STM32CubeIDE_1.19.0/STM32CubeIDE/plugins/com.st.stm32cube.ide.mcu.externaltools.gnu-tools-for-stm32.13.3.rel1.win32_1.0.0.202411081344/tools/bin/../lib/gcc/arm-none-eabi/13.3.1/../../../../arm-none-eabi/lib/thumb/v7e-m+fp/hard\libm.a(libm_a-kf_sin.o)
                0x08006310                __kernel_sinf
 .text.__ieee754_atan2f
                0x080063a0      0x140 C:/ST/STM32CubeIDE_1.19.0/STM32CubeIDE/plugins/com.st.stm32cube.ide.mcu.externaltools.gnu-tools-for-stm32.13.3.rel1.win32_1.0.0.202411081344/tools/bin/../lib/gcc/arm-none-eabi/13.3.1/../../../../arm-none-eabi/lib/thumb/v7e-m+fp/hard\libm.a(libm_a-ef_atan2.o)
                0x080063a0                __ieee754_atan2f
 .text.__ieee754_rem_pio2f
                0x080064e0      0x260 C:/ST/STM32CubeIDE_1.19.0/STM32CubeIDE/plugins/com.st.stm32cube.ide.mcu.externaltools.gnu-tools-for-stm32.13.3.rel1.win32_1.0.0.202411081344/tools/bin/../lib/gcc/arm-none-eabi/13.3.1/../../../../arm-none-eabi/lib/thumb/v7e-m+fp/hard\libm.a(libm_a-ef_rem_pio2.o)
                0x080064e0                __ieee754_rem_pio2f
 .text.atanf    0x08006740      0x1a8 C:/ST/STM32CubeIDE_1.19.0/STM32CubeIDE/plugins/com.st.stm32cube.ide.mcu.externaltools.gnu-tools-for-stm32.13.3.rel1.win32_1.0.0.202411081344/tools/bin/../lib/gcc/arm-none-eabi/13.3.1/../../../../arm-none-eabi/lib/thumb/v7e-m+fp/hard\libm.a(libm_a-sf_atan.o)
                0x08006740                atanf
 .text.fabsf    0x080068e8        0xe C:/ST/STM32CubeIDE_1.19.0/STM32CubeIDE/plugins/com.st.stm32cube.ide.mcu.externaltools.gnu-tools-for-stm32.13.3.rel1.win32_1.0.0.202411081344/tools/bin/../lib/gcc/arm-none-eabi/13.3.1/../../../../arm-none-eabi/lib/thumb/v7e-m+fp/hard\libm.a(libm_a-sf_fabs.o)
                0x080068e8                fabsf
 *fill*         0x080068f6        0x2 
 .text.__kernel_rem_pio2f
                0x080068f8      0x4d0 C:/ST/STM32CubeIDE_1.19.0/STM32CubeIDE/plugins/com.st.stm32cube.ide.mcu.externaltools.gnu-tools-for-stm32.13.3.rel1.win32_1.0.0.202411081344/tools/bin/../lib/gcc/arm-none-eabi/13.3.1/../../../../arm-none-eabi/lib/thumb/v7e-m+fp/hard\libm.a(libm_a-kf_rem_pio2.o)
                0x080068f8                __kernel_rem_pio2f
 .text.scalbnf  0x08006dc8       0xcc C:/ST/STM32CubeIDE_1.19.0/STM32CubeIDE/plugins/com.st.stm32cube.ide.mcu.externaltools.gnu-tools-for-stm32.13.3.rel1.win32_1.0.0.202411081344/tools/bin/../lib/gcc/arm-none-eabi/13.3.1/../../../../arm-none-eabi/lib/thumb/v7e-m+fp/hard\libm.a(libm_a-sf_scalbn.o)
                0x08006dc8                scalbnf
 .text.floorf   0x08006e94       0x88 C:/ST/STM32CubeIDE_1.19.0/STM32CubeIDE/plugins/com.st.stm32cube.ide.mcu.externaltools.gnu-tools-for-stm32.13.3.rel1.win32_1.0.0.202411081344/tools/bin/../lib/gcc/arm-none-eabi/13.3.1/../../../../arm-none-eabi/lib/thumb/v7e-m+fp/hard\libm.a(libm_a-sf_floor.o)
                0x08006e94                floorf
 .text.__cvt    0x08006f1c       0xca C:/ST/STM32CubeIDE_1.19.0/STM32CubeIDE/plugins/com.st.stm32cube.ide.mcu.externaltools.gnu-tools-for-stm32.13.3.rel1.win32_1.0.0.202411081344/tools/bin/../lib/gcc/arm-none-eabi/13.3.1/../../../../arm-none-eabi/lib/thumb/v7e-m+fp/hard\libc_nano.a(libc_a-nano-vfprintf_float.o)
                0x08006f1c                __cvt
 .text.__exponent
                0x08006fe6       0x74 C:/ST/STM32CubeIDE_1.19.0/STM32CubeIDE/plugins/com.st.stm32cube.ide.mcu.externaltools.gnu-tools-for-stm32.13.3.rel1.win32_1.0.0.202411081344/tools/bin/../lib/gcc/arm-none-eabi/13.3.1/../../../../arm-none-eabi/lib/thumb/v7e-m+fp/hard\libc_nano.a(libc_a-nano-vfprintf_float.o)
                0x08006fe6                __exponent
 *fill*         0x0800705a        0x2 
 .text._printf_float
                0x0800705c      0x454 C:/ST/STM32CubeIDE_1.19.0/STM32CubeIDE/plugins/com.st.stm32cube.ide.mcu.externaltools.gnu-tools-for-stm32.13.3.rel1.win32_1.0.0.202411081344/tools/bin/../lib/gcc/arm-none-eabi/13.3.1/../../../../arm-none-eabi/lib/thumb/v7e-m+fp/hard\libc_nano.a(libc_a-nano-vfprintf_float.o)
                0x0800705c                _printf_float
 .text._printf_common
                0x080074b0       0xda C:/ST/STM32CubeIDE_1.19.0/STM32CubeIDE/plugins/com.st.stm32cube.ide.mcu.externaltools.gnu-tools-for-stm32.13.3.rel1.win32_1.0.0.202411081344/tools/bin/../lib/gcc/arm-none-eabi/13.3.1/../../../../arm-none-eabi/lib/thumb/v7e-m+fp/hard\libc_nano.a(libc_a-nano-vfprintf_i.o)
                0x080074b0                _printf_common
 *fill*         0x0800758a        0x2 
 .text._printf_i
                0x0800758c      0x23c C:/ST/STM32CubeIDE_1.19.0/STM32CubeIDE/plugins/com.st.stm32cube.ide.mcu.externaltools.gnu-tools-for-stm32.13.3.rel1.win32_1.0.0.202411081344/tools/bin/../lib/gcc/arm-none-eabi/13.3.1/../../../../arm-none-eabi/lib/thumb/v7e-m+fp/hard\libc_nano.a(libc_a-nano-vfprintf_i.o)
                0x0800758c                _printf_i
 .text.std      0x080077c8       0x6c C:/ST/STM32CubeIDE_1.19.0/STM32CubeIDE/plugins/com.st.stm32cube.ide.mcu.externaltools.gnu-tools-for-stm32.13.3.rel1.win32_1.0.0.202411081344/tools/bin/../lib/gcc/arm-none-eabi/13.3.1/../../../../arm-none-eabi/lib/thumb/v7e-m+fp/hard\libc_nano.a(libc_a-findfp.o)
 .text.stdio_exit_handler
                0x08007834       0x18 C:/ST/STM32CubeIDE_1.19.0/STM32CubeIDE/plugins/com.st.stm32cube.ide.mcu.externaltools.gnu-tools-for-stm32.13.3.rel1.win32_1.0.0.202411081344/tools/bin/../lib/gcc/arm-none-eabi/13.3.1/../../../../arm-none-eabi/lib/thumb/v7e-m+fp/hard\libc_nano.a(libc_a-findfp.o)
 .text.cleanup_stdio
                0x0800784c       0x40 C:/ST/STM32CubeIDE_1.19.0/STM32CubeIDE/plugins/com.st.stm32cube.ide.mcu.externaltools.gnu-tools-for-stm32.13.3.rel1.win32_1.0.0.202411081344/tools/bin/../lib/gcc/arm-none-eabi/13.3.1/../../../../arm-none-eabi/lib/thumb/v7e-m+fp/hard\libc_nano.a(libc_a-findfp.o)
 .text.global_stdio_init.part.0
                0x0800788c       0x3c C:/ST/STM32CubeIDE_1.19.0/STM32CubeIDE/plugins/com.st.stm32cube.ide.mcu.externaltools.gnu-tools-for-stm32.13.3.rel1.win32_1.0.0.202411081344/tools/bin/../lib/gcc/arm-none-eabi/13.3.1/../../../../arm-none-eabi/lib/thumb/v7e-m+fp/hard\libc_nano.a(libc_a-findfp.o)
 .text.__sfp_lock_acquire
                0x080078c8        0xc C:/ST/STM32CubeIDE_1.19.0/STM32CubeIDE/plugins/com.st.stm32cube.ide.mcu.externaltools.gnu-tools-for-stm32.13.3.rel1.win32_1.0.0.202411081344/tools/bin/../lib/gcc/arm-none-eabi/13.3.1/../../../../arm-none-eabi/lib/thumb/v7e-m+fp/hard\libc_nano.a(libc_a-findfp.o)
                0x080078c8                __sfp_lock_acquire
 .text.__sfp_lock_release
                0x080078d4        0xc C:/ST/STM32CubeIDE_1.19.0/STM32CubeIDE/plugins/com.st.stm32cube.ide.mcu.externaltools.gnu-tools-for-stm32.13.3.rel1.win32_1.0.0.202411081344/tools/bin/../lib/gcc/arm-none-eabi/13.3.1/../../../../arm-none-eabi/lib/thumb/v7e-m+fp/hard\libc_nano.a(libc_a-findfp.o)
                0x080078d4                __sfp_lock_release
 .text.__sinit  0x080078e0       0x30 C:/ST/STM32CubeIDE_1.19.0/STM32CubeIDE/plugins/com.st.stm32cube.ide.mcu.externaltools.gnu-tools-for-stm32.13.3.rel1.win32_1.0.0.202411081344/tools/bin/../lib/gcc/arm-none-eabi/13.3.1/../../../../arm-none-eabi/lib/thumb/v7e-m+fp/hard\libc_nano.a(libc_a-findfp.o)
                0x080078e0                __sinit
 .text._fwalk_sglue
                0x08007910       0x3c C:/ST/STM32CubeIDE_1.19.0/STM32CubeIDE/plugins/com.st.stm32cube.ide.mcu.externaltools.gnu-tools-for-stm32.13.3.rel1.win32_1.0.0.202411081344/tools/bin/../lib/gcc/arm-none-eabi/13.3.1/../../../../arm-none-eabi/lib/thumb/v7e-m+fp/hard\libc_nano.a(libc_a-fwalk.o)
                0x08007910                _fwalk_sglue
 .text.__sread  0x0800794c       0x22 C:/ST/STM32CubeIDE_1.19.0/STM32CubeIDE/plugins/com.st.stm32cube.ide.mcu.externaltools.gnu-tools-for-stm32.13.3.rel1.win32_1.0.0.202411081344/tools/bin/../lib/gcc/arm-none-eabi/13.3.1/../../../../arm-none-eabi/lib/thumb/v7e-m+fp/hard\libc_nano.a(libc_a-stdio.o)
                0x0800794c                __sread
 .text.__swrite
                0x0800796e       0x38 C:/ST/STM32CubeIDE_1.19.0/STM32CubeIDE/plugins/com.st.stm32cube.ide.mcu.externaltools.gnu-tools-for-stm32.13.3.rel1.win32_1.0.0.202411081344/tools/bin/../lib/gcc/arm-none-eabi/13.3.1/../../../../arm-none-eabi/lib/thumb/v7e-m+fp/hard\libc_nano.a(libc_a-stdio.o)
                0x0800796e                __swrite
 .text.__sseek  0x080079a6       0x24 C:/ST/STM32CubeIDE_1.19.0/STM32CubeIDE/plugins/com.st.stm32cube.ide.mcu.externaltools.gnu-tools-for-stm32.13.3.rel1.win32_1.0.0.202411081344/tools/bin/../lib/gcc/arm-none-eabi/13.3.1/../../../../arm-none-eabi/lib/thumb/v7e-m+fp/hard\libc_nano.a(libc_a-stdio.o)
                0x080079a6                __sseek
 .text.__sclose
                0x080079ca        0x8 C:/ST/STM32CubeIDE_1.19.0/STM32CubeIDE/plugins/com.st.stm32cube.ide.mcu.externaltools.gnu-tools-for-stm32.13.3.rel1.win32_1.0.0.202411081344/tools/bin/../lib/gcc/arm-none-eabi/13.3.1/../../../../arm-none-eabi/lib/thumb/v7e-m+fp/hard\libc_nano.a(libc_a-stdio.o)
                0x080079ca                __sclose
 .text.memset   0x080079d2       0x10 C:/ST/STM32CubeIDE_1.19.0/STM32CubeIDE/plugins/com.st.stm32cube.ide.mcu.externaltools.gnu-tools-for-stm32.13.3.rel1.win32_1.0.0.202411081344/tools/bin/../lib/gcc/arm-none-eabi/13.3.1/../../../../arm-none-eabi/lib/thumb/v7e-m+fp/hard\libc_nano.a(libc_a-memset.o)
                0x080079d2                memset
 *fill*         0x080079e2        0x2 
 .text._localeconv_r
                0x080079e4        0x8 C:/ST/STM32CubeIDE_1.19.0/STM32CubeIDE/plugins/com.st.stm32cube.ide.mcu.externaltools.gnu-tools-for-stm32.13.3.rel1.win32_1.0.0.202411081344/tools/bin/../lib/gcc/arm-none-eabi/13.3.1/../../../../arm-none-eabi/lib/thumb/v7e-m+fp/hard\libc_nano.a(libc_a-localeconv.o)
                0x080079e4                _localeconv_r
 .text._close_r
                0x080079ec       0x20 C:/ST/STM32CubeIDE_1.19.0/STM32CubeIDE/plugins/com.st.stm32cube.ide.mcu.externaltools.gnu-tools-for-stm32.13.3.rel1.win32_1.0.0.202411081344/tools/bin/../lib/gcc/arm-none-eabi/13.3.1/../../../../arm-none-eabi/lib/thumb/v7e-m+fp/hard\libc_nano.a(libc_a-closer.o)
                0x080079ec                _close_r
 .text._lseek_r
                0x08007a0c       0x24 C:/ST/STM32CubeIDE_1.19.0/STM32CubeIDE/plugins/com.st.stm32cube.ide.mcu.externaltools.gnu-tools-for-stm32.13.3.rel1.win32_1.0.0.202411081344/tools/bin/../lib/gcc/arm-none-eabi/13.3.1/../../../../arm-none-eabi/lib/thumb/v7e-m+fp/hard\libc_nano.a(libc_a-lseekr.o)
                0x08007a0c                _lseek_r
 .text._read_r  0x08007a30       0x24 C:/ST/STM32CubeIDE_1.19.0/STM32CubeIDE/plugins/com.st.stm32cube.ide.mcu.externaltools.gnu-tools-for-stm32.13.3.rel1.win32_1.0.0.202411081344/tools/bin/../lib/gcc/arm-none-eabi/13.3.1/../../../../arm-none-eabi/lib/thumb/v7e-m+fp/hard\libc_nano.a(libc_a-readr.o)
                0x08007a30                _read_r
 .text._write_r
                0x08007a54       0x24 C:/ST/STM32CubeIDE_1.19.0/STM32CubeIDE/plugins/com.st.stm32cube.ide.mcu.externaltools.gnu-tools-for-stm32.13.3.rel1.win32_1.0.0.202411081344/tools/bin/../lib/gcc/arm-none-eabi/13.3.1/../../../../arm-none-eabi/lib/thumb/v7e-m+fp/hard\libc_nano.a(libc_a-writer.o)
                0x08007a54                _write_r
 .text.__errno  0x08007a78        0xc C:/ST/STM32CubeIDE_1.19.0/STM32CubeIDE/plugins/com.st.stm32cube.ide.mcu.externaltools.gnu-tools-for-stm32.13.3.rel1.win32_1.0.0.202411081344/tools/bin/../lib/gcc/arm-none-eabi/13.3.1/../../../../arm-none-eabi/lib/thumb/v7e-m+fp/hard\libc_nano.a(libc_a-errno.o)
                0x08007a78                __errno
 .text.__libc_init_array
                0x08007a84       0x48 C:/ST/STM32CubeIDE_1.19.0/STM32CubeIDE/plugins/com.st.stm32cube.ide.mcu.externaltools.gnu-tools-for-stm32.13.3.rel1.win32_1.0.0.202411081344/tools/bin/../lib/gcc/arm-none-eabi/13.3.1/../../../../arm-none-eabi/lib/thumb/v7e-m+fp/hard\libc_nano.a(libc_a-init.o)
                0x08007a84                __libc_init_array
 .text.__retarget_lock_init_recursive
                0x08007acc        0x2 C:/ST/STM32CubeIDE_1.19.0/STM32CubeIDE/plugins/com.st.stm32cube.ide.mcu.externaltools.gnu-tools-for-stm32.13.3.rel1.win32_1.0.0.202411081344/tools/bin/../lib/gcc/arm-none-eabi/13.3.1/../../../../arm-none-eabi/lib/thumb/v7e-m+fp/hard\libc_nano.a(libc_a-lock.o)
                0x08007acc                __retarget_lock_init_recursive
 .text.__retarget_lock_acquire_recursive
                0x08007ace        0x2 C:/ST/STM32CubeIDE_1.19.0/STM32CubeIDE/plugins/com.st.stm32cube.ide.mcu.externaltools.gnu-tools-for-stm32.13.3.rel1.win32_1.0.0.202411081344/tools/bin/../lib/gcc/arm-none-eabi/13.3.1/../../../../arm-none-eabi/lib/thumb/v7e-m+fp/hard\libc_nano.a(libc_a-lock.o)
                0x08007ace                __retarget_lock_acquire_recursive
 .text.__retarget_lock_release_recursive
                0x08007ad0        0x2 C:/ST/STM32CubeIDE_1.19.0/STM32CubeIDE/plugins/com.st.stm32cube.ide.mcu.externaltools.gnu-tools-for-stm32.13.3.rel1.win32_1.0.0.202411081344/tools/bin/../lib/gcc/arm-none-eabi/13.3.1/../../../../arm-none-eabi/lib/thumb/v7e-m+fp/hard\libc_nano.a(libc_a-lock.o)
                0x08007ad0                __retarget_lock_release_recursive
 .text.memcpy   0x08007ad2       0x1c C:/ST/STM32CubeIDE_1.19.0/STM32CubeIDE/plugins/com.st.stm32cube.ide.mcu.externaltools.gnu-tools-for-stm32.13.3.rel1.win32_1.0.0.202411081344/tools/bin/../lib/gcc/arm-none-eabi/13.3.1/../../../../arm-none-eabi/lib/thumb/v7e-m+fp/hard\libc_nano.a(libc_a-memcpy-stub.o)
                0x08007ad2                memcpy
 .text.quorem   0x08007aee      0x110 C:/ST/STM32CubeIDE_1.19.0/STM32CubeIDE/plugins/com.st.stm32cube.ide.mcu.externaltools.gnu-tools-for-stm32.13.3.rel1.win32_1.0.0.202411081344/tools/bin/../lib/gcc/arm-none-eabi/13.3.1/../../../../arm-none-eabi/lib/thumb/v7e-m+fp/hard\libc_nano.a(libc_a-dtoa.o)
 *fill*         0x08007bfe        0x2 
 .text._dtoa_r  0x08007c00      0xba0 C:/ST/STM32CubeIDE_1.19.0/STM32CubeIDE/plugins/com.st.stm32cube.ide.mcu.externaltools.gnu-tools-for-stm32.13.3.rel1.win32_1.0.0.202411081344/tools/bin/../lib/gcc/arm-none-eabi/13.3.1/../../../../arm-none-eabi/lib/thumb/v7e-m+fp/hard\libc_nano.a(libc_a-dtoa.o)
                0x08007c00                _dtoa_r
 .text._free_r  0x080087a0       0x94 C:/ST/STM32CubeIDE_1.19.0/STM32CubeIDE/plugins/com.st.stm32cube.ide.mcu.externaltools.gnu-tools-for-stm32.13.3.rel1.win32_1.0.0.202411081344/tools/bin/../lib/gcc/arm-none-eabi/13.3.1/../../../../arm-none-eabi/lib/thumb/v7e-m+fp/hard\libc_nano.a(libc_a-freer.o)
                0x080087a0                _free_r
 .text.malloc   0x08008834       0x10 C:/ST/STM32CubeIDE_1.19.0/STM32CubeIDE/plugins/com.st.stm32cube.ide.mcu.externaltools.gnu-tools-for-stm32.13.3.rel1.win32_1.0.0.202411081344/tools/bin/../lib/gcc/arm-none-eabi/13.3.1/../../../../arm-none-eabi/lib/thumb/v7e-m+fp/hard\libc_nano.a(libc_a-malloc.o)
                0x08008834                malloc
 .text.sbrk_aligned
                0x08008844       0x44 C:/ST/STM32CubeIDE_1.19.0/STM32CubeIDE/plugins/com.st.stm32cube.ide.mcu.externaltools.gnu-tools-for-stm32.13.3.rel1.win32_1.0.0.202411081344/tools/bin/../lib/gcc/arm-none-eabi/13.3.1/../../../../arm-none-eabi/lib/thumb/v7e-m+fp/hard\libc_nano.a(libc_a-mallocr.o)
 .text._malloc_r
                0x08008888      0x100 C:/ST/STM32CubeIDE_1.19.0/STM32CubeIDE/plugins/com.st.stm32cube.ide.mcu.externaltools.gnu-tools-for-stm32.13.3.rel1.win32_1.0.0.202411081344/tools/bin/../lib/gcc/arm-none-eabi/13.3.1/../../../../arm-none-eabi/lib/thumb/v7e-m+fp/hard\libc_nano.a(libc_a-mallocr.o)
                0x08008888                _malloc_r
 .text.__malloc_lock
                0x08008988        0xc C:/ST/STM32CubeIDE_1.19.0/STM32CubeIDE/plugins/com.st.stm32cube.ide.mcu.externaltools.gnu-tools-for-stm32.13.3.rel1.win32_1.0.0.202411081344/tools/bin/../lib/gcc/arm-none-eabi/13.3.1/../../../../arm-none-eabi/lib/thumb/v7e-m+fp/hard\libc_nano.a(libc_a-mlock.o)
                0x08008988                __malloc_lock
 .text.__malloc_unlock
                0x08008994        0xc C:/ST/STM32CubeIDE_1.19.0/STM32CubeIDE/plugins/com.st.stm32cube.ide.mcu.externaltools.gnu-tools-for-stm32.13.3.rel1.win32_1.0.0.202411081344/tools/bin/../lib/gcc/arm-none-eabi/13.3.1/../../../../arm-none-eabi/lib/thumb/v7e-m+fp/hard\libc_nano.a(libc_a-mlock.o)
                0x08008994                __malloc_unlock
 .text._Balloc  0x080089a0       0x80 C:/ST/STM32CubeIDE_1.19.0/STM32CubeIDE/plugins/com.st.stm32cube.ide.mcu.externaltools.gnu-tools-for-stm32.13.3.rel1.win32_1.0.0.202411081344/tools/bin/../lib/gcc/arm-none-eabi/13.3.1/../../../../arm-none-eabi/lib/thumb/v7e-m+fp/hard\libc_nano.a(libc_a-mprec.o)
                0x080089a0                _Balloc
 .text._Bfree   0x08008a20       0x44 C:/ST/STM32CubeIDE_1.19.0/STM32CubeIDE/plugins/com.st.stm32cube.ide.mcu.externaltools.gnu-tools-for-stm32.13.3.rel1.win32_1.0.0.202411081344/tools/bin/../lib/gcc/arm-none-eabi/13.3.1/../../../../arm-none-eabi/lib/thumb/v7e-m+fp/hard\libc_nano.a(libc_a-mprec.o)
                0x08008a20                _Bfree
 .text.__multadd
                0x08008a64       0x8c C:/ST/STM32CubeIDE_1.19.0/STM32CubeIDE/plugins/com.st.stm32cube.ide.mcu.externaltools.gnu-tools-for-stm32.13.3.rel1.win32_1.0.0.202411081344/tools/bin/../lib/gcc/arm-none-eabi/13.3.1/../../../../arm-none-eabi/lib/thumb/v7e-m+fp/hard\libc_nano.a(libc_a-mprec.o)
                0x08008a64                __multadd
 .text.__hi0bits
                0x08008af0       0x3e C:/ST/STM32CubeIDE_1.19.0/STM32CubeIDE/plugins/com.st.stm32cube.ide.mcu.externaltools.gnu-tools-for-stm32.13.3.rel1.win32_1.0.0.202411081344/tools/bin/../lib/gcc/arm-none-eabi/13.3.1/../../../../arm-none-eabi/lib/thumb/v7e-m+fp/hard\libc_nano.a(libc_a-mprec.o)
                0x08008af0                __hi0bits
 .text.__lo0bits
                0x08008b2e       0x5a C:/ST/STM32CubeIDE_1.19.0/STM32CubeIDE/plugins/com.st.stm32cube.ide.mcu.externaltools.gnu-tools-for-stm32.13.3.rel1.win32_1.0.0.202411081344/tools/bin/../lib/gcc/arm-none-eabi/13.3.1/../../../../arm-none-eabi/lib/thumb/v7e-m+fp/hard\libc_nano.a(libc_a-mprec.o)
                0x08008b2e                __lo0bits
 .text.__i2b    0x08008b88       0x2c C:/ST/STM32CubeIDE_1.19.0/STM32CubeIDE/plugins/com.st.stm32cube.ide.mcu.externaltools.gnu-tools-for-stm32.13.3.rel1.win32_1.0.0.202411081344/tools/bin/../lib/gcc/arm-none-eabi/13.3.1/../../../../arm-none-eabi/lib/thumb/v7e-m+fp/hard\libc_nano.a(libc_a-mprec.o)
                0x08008b88                __i2b
 .text.__multiply
                0x08008bb4      0x144 C:/ST/STM32CubeIDE_1.19.0/STM32CubeIDE/plugins/com.st.stm32cube.ide.mcu.externaltools.gnu-tools-for-stm32.13.3.rel1.win32_1.0.0.202411081344/tools/bin/../lib/gcc/arm-none-eabi/13.3.1/../../../../arm-none-eabi/lib/thumb/v7e-m+fp/hard\libc_nano.a(libc_a-mprec.o)
                0x08008bb4                __multiply
 .text.__pow5mult
                0x08008cf8       0xb4 C:/ST/STM32CubeIDE_1.19.0/STM32CubeIDE/plugins/com.st.stm32cube.ide.mcu.externaltools.gnu-tools-for-stm32.13.3.rel1.win32_1.0.0.202411081344/tools/bin/../lib/gcc/arm-none-eabi/13.3.1/../../../../arm-none-eabi/lib/thumb/v7e-m+fp/hard\libc_nano.a(libc_a-mprec.o)
                0x08008cf8                __pow5mult
 .text.__lshift
                0x08008dac       0xd8 C:/ST/STM32CubeIDE_1.19.0/STM32CubeIDE/plugins/com.st.stm32cube.ide.mcu.externaltools.gnu-tools-for-stm32.13.3.rel1.win32_1.0.0.202411081344/tools/bin/../lib/gcc/arm-none-eabi/13.3.1/../../../../arm-none-eabi/lib/thumb/v7e-m+fp/hard\libc_nano.a(libc_a-mprec.o)
                0x08008dac                __lshift
 .text.__mcmp   0x08008e84       0x36 C:/ST/STM32CubeIDE_1.19.0/STM32CubeIDE/plugins/com.st.stm32cube.ide.mcu.externaltools.gnu-tools-for-stm32.13.3.rel1.win32_1.0.0.202411081344/tools/bin/../lib/gcc/arm-none-eabi/13.3.1/../../../../arm-none-eabi/lib/thumb/v7e-m+fp/hard\libc_nano.a(libc_a-mprec.o)
                0x08008e84                __mcmp
 *fill*         0x08008eba        0x2 
 .text.__mdiff  0x08008ebc      0x128 C:/ST/STM32CubeIDE_1.19.0/STM32CubeIDE/plugins/com.st.stm32cube.ide.mcu.externaltools.gnu-tools-for-stm32.13.3.rel1.win32_1.0.0.202411081344/tools/bin/../lib/gcc/arm-none-eabi/13.3.1/../../../../arm-none-eabi/lib/thumb/v7e-m+fp/hard\libc_nano.a(libc_a-mprec.o)
                0x08008ebc                __mdiff
 .text.__d2b    0x08008fe4       0xb0 C:/ST/STM32CubeIDE_1.19.0/STM32CubeIDE/plugins/com.st.stm32cube.ide.mcu.externaltools.gnu-tools-for-stm32.13.3.rel1.win32_1.0.0.202411081344/tools/bin/../lib/gcc/arm-none-eabi/13.3.1/../../../../arm-none-eabi/lib/thumb/v7e-m+fp/hard\libc_nano.a(libc_a-mprec.o)
                0x08008fe4                __d2b
 .text.__sflush_r
                0x08009094      0x108 C:/ST/STM32CubeIDE_1.19.0/STM32CubeIDE/plugins/com.st.stm32cube.ide.mcu.externaltools.gnu-tools-for-stm32.13.3.rel1.win32_1.0.0.202411081344/tools/bin/../lib/gcc/arm-none-eabi/13.3.1/../../../../arm-none-eabi/lib/thumb/v7e-m+fp/hard\libc_nano.a(libc_a-fflush.o)
                0x08009094                __sflush_r
 .text._fflush_r
                0x0800919c       0x50 C:/ST/STM32CubeIDE_1.19.0/STM32CubeIDE/plugins/com.st.stm32cube.ide.mcu.externaltools.gnu-tools-for-stm32.13.3.rel1.win32_1.0.0.202411081344/tools/bin/../lib/gcc/arm-none-eabi/13.3.1/../../../../arm-none-eabi/lib/thumb/v7e-m+fp/hard\libc_nano.a(libc_a-fflush.o)
                0x0800919c                _fflush_r
 .text._sbrk_r  0x080091ec       0x20 C:/ST/STM32CubeIDE_1.19.0/STM32CubeIDE/plugins/com.st.stm32cube.ide.mcu.externaltools.gnu-tools-for-stm32.13.3.rel1.win32_1.0.0.202411081344/tools/bin/../lib/gcc/arm-none-eabi/13.3.1/../../../../arm-none-eabi/lib/thumb/v7e-m+fp/hard\libc_nano.a(libc_a-sbrkr.o)
                0x080091ec                _sbrk_r
 .text.__assert_func
                0x0800920c       0x3c C:/ST/STM32CubeIDE_1.19.0/STM32CubeIDE/plugins/com.st.stm32cube.ide.mcu.externaltools.gnu-tools-for-stm32.13.3.rel1.win32_1.0.0.202411081344/tools/bin/../lib/gcc/arm-none-eabi/13.3.1/../../../../arm-none-eabi/lib/thumb/v7e-m+fp/hard\libc_nano.a(libc_a-assert.o)
                0x0800920c                __assert_func
 .text._calloc_r
                0x08009248       0x28 C:/ST/STM32CubeIDE_1.19.0/STM32CubeIDE/plugins/com.st.stm32cube.ide.mcu.externaltools.gnu-tools-for-stm32.13.3.rel1.win32_1.0.0.202411081344/tools/bin/../lib/gcc/arm-none-eabi/13.3.1/../../../../arm-none-eabi/lib/thumb/v7e-m+fp/hard\libc_nano.a(libc_a-callocr.o)
                0x08009248                _calloc_r
 .text.__ascii_mbtowc
                0x08009270       0x24 C:/ST/STM32CubeIDE_1.19.0/STM32CubeIDE/plugins/com.st.stm32cube.ide.mcu.externaltools.gnu-tools-for-stm32.13.3.rel1.win32_1.0.0.202411081344/tools/bin/../lib/gcc/arm-none-eabi/13.3.1/../../../../arm-none-eabi/lib/thumb/v7e-m+fp/hard\libc_nano.a(libc_a-mbtowc_r.o)
                0x08009270                __ascii_mbtowc
 .text.__ascii_wctomb
                0x08009294       0x1a C:/ST/STM32CubeIDE_1.19.0/STM32CubeIDE/plugins/com.st.stm32cube.ide.mcu.externaltools.gnu-tools-for-stm32.13.3.rel1.win32_1.0.0.202411081344/tools/bin/../lib/gcc/arm-none-eabi/13.3.1/../../../../arm-none-eabi/lib/thumb/v7e-m+fp/hard\libc_nano.a(libc_a-wctomb_r.o)
                0x08009294                __ascii_wctomb
 *fill*         0x080092ae        0x2 
 .text.fprintf  0x080092b0       0x24 C:/ST/STM32CubeIDE_1.19.0/STM32CubeIDE/plugins/com.st.stm32cube.ide.mcu.externaltools.gnu-tools-for-stm32.13.3.rel1.win32_1.0.0.202411081344/tools/bin/../lib/gcc/arm-none-eabi/13.3.1/../../../../arm-none-eabi/lib/thumb/v7e-m+fp/hard\libc_nano.a(libc_a-fprintf.o)
                0x080092b0                fiprintf
                0x080092b0                fprintf
 .text.abort    0x080092d4        0xe C:/ST/STM32CubeIDE_1.19.0/STM32CubeIDE/plugins/com.st.stm32cube.ide.mcu.externaltools.gnu-tools-for-stm32.13.3.rel1.win32_1.0.0.202411081344/tools/bin/../lib/gcc/arm-none-eabi/13.3.1/../../../../arm-none-eabi/lib/thumb/v7e-m+fp/hard\libc_nano.a(libc_a-abort.o)
                0x080092d4                abort
 .text.__sfputc_r
                0x080092e2       0x2e C:/ST/STM32CubeIDE_1.19.0/STM32CubeIDE/plugins/com.st.stm32cube.ide.mcu.externaltools.gnu-tools-for-stm32.13.3.rel1.win32_1.0.0.202411081344/tools/bin/../lib/gcc/arm-none-eabi/13.3.1/../../../../arm-none-eabi/lib/thumb/v7e-m+fp/hard\libc_nano.a(libc_a-nano-vfprintf.o)
 .text.__sfputs_r
                0x08009310       0x24 C:/ST/STM32CubeIDE_1.19.0/STM32CubeIDE/plugins/com.st.stm32cube.ide.mcu.externaltools.gnu-tools-for-stm32.13.3.rel1.win32_1.0.0.202411081344/tools/bin/../lib/gcc/arm-none-eabi/13.3.1/../../../../arm-none-eabi/lib/thumb/v7e-m+fp/hard\libc_nano.a(libc_a-nano-vfprintf.o)
                0x08009310                __sfputs_r
 .text._vfprintf_r
                0x08009334      0x230 C:/ST/STM32CubeIDE_1.19.0/STM32CubeIDE/plugins/com.st.stm32cube.ide.mcu.externaltools.gnu-tools-for-stm32.13.3.rel1.win32_1.0.0.202411081344/tools/bin/../lib/gcc/arm-none-eabi/13.3.1/../../../../arm-none-eabi/lib/thumb/v7e-m+fp/hard\libc_nano.a(libc_a-nano-vfprintf.o)
                0x08009334                _vfprintf_r
                0x08009334                _vfiprintf_r
 .text.__swbuf_r
                0x08009564       0x7c C:/ST/STM32CubeIDE_1.19.0/STM32CubeIDE/plugins/com.st.stm32cube.ide.mcu.externaltools.gnu-tools-for-stm32.13.3.rel1.win32_1.0.0.202411081344/tools/bin/../lib/gcc/arm-none-eabi/13.3.1/../../../../arm-none-eabi/lib/thumb/v7e-m+fp/hard\libc_nano.a(libc_a-wbuf.o)
                0x08009564                __swbuf_r
 .text.__swsetup_r
                0x080095e0       0xac C:/ST/STM32CubeIDE_1.19.0/STM32CubeIDE/plugins/com.st.stm32cube.ide.mcu.externaltools.gnu-tools-for-stm32.13.3.rel1.win32_1.0.0.202411081344/tools/bin/../lib/gcc/arm-none-eabi/13.3.1/../../../../arm-none-eabi/lib/thumb/v7e-m+fp/hard\libc_nano.a(libc_a-wsetup.o)
                0x080095e0                __swsetup_r
 .text._raise_r
                0x0800968c       0x50 C:/ST/STM32CubeIDE_1.19.0/STM32CubeIDE/plugins/com.st.stm32cube.ide.mcu.externaltools.gnu-tools-for-stm32.13.3.rel1.win32_1.0.0.202411081344/tools/bin/../lib/gcc/arm-none-eabi/13.3.1/../../../../arm-none-eabi/lib/thumb/v7e-m+fp/hard\libc_nano.a(libc_a-signal.o)
                0x0800968c                _raise_r
 .text.raise    0x080096dc       0x10 C:/ST/STM32CubeIDE_1.19.0/STM32CubeIDE/plugins/com.st.stm32cube.ide.mcu.externaltools.gnu-tools-for-stm32.13.3.rel1.win32_1.0.0.202411081344/tools/bin/../lib/gcc/arm-none-eabi/13.3.1/../../../../arm-none-eabi/lib/thumb/v7e-m+fp/hard\libc_nano.a(libc_a-signal.o)
                0x080096dc                raise
 .text._kill_r  0x080096ec       0x24 C:/ST/STM32CubeIDE_1.19.0/STM32CubeIDE/plugins/com.st.stm32cube.ide.mcu.externaltools.gnu-tools-for-stm32.13.3.rel1.win32_1.0.0.202411081344/tools/bin/../lib/gcc/arm-none-eabi/13.3.1/../../../../arm-none-eabi/lib/thumb/v7e-m+fp/hard\libc_nano.a(libc_a-signalr.o)
                0x080096ec                _kill_r
 .text._getpid_r
                0x08009710        0x4 C:/ST/STM32CubeIDE_1.19.0/STM32CubeIDE/plugins/com.st.stm32cube.ide.mcu.externaltools.gnu-tools-for-stm32.13.3.rel1.win32_1.0.0.202411081344/tools/bin/../lib/gcc/arm-none-eabi/13.3.1/../../../../arm-none-eabi/lib/thumb/v7e-m+fp/hard\libc_nano.a(libc_a-signalr.o)
                0x08009710                _getpid_r
 .text.__swhatbuf_r
                0x08009714       0x4c C:/ST/STM32CubeIDE_1.19.0/STM32CubeIDE/plugins/com.st.stm32cube.ide.mcu.externaltools.gnu-tools-for-stm32.13.3.rel1.win32_1.0.0.202411081344/tools/bin/../lib/gcc/arm-none-eabi/13.3.1/../../../../arm-none-eabi/lib/thumb/v7e-m+fp/hard\libc_nano.a(libc_a-makebuf.o)
                0x08009714                __swhatbuf_r
 .text.__smakebuf_r
                0x08009760       0x78 C:/ST/STM32CubeIDE_1.19.0/STM32CubeIDE/plugins/com.st.stm32cube.ide.mcu.externaltools.gnu-tools-for-stm32.13.3.rel1.win32_1.0.0.202411081344/tools/bin/../lib/gcc/arm-none-eabi/13.3.1/../../../../arm-none-eabi/lib/thumb/v7e-m+fp/hard\libc_nano.a(libc_a-makebuf.o)
                0x08009760                __smakebuf_r
 .text._fstat_r
                0x080097d8       0x24 C:/ST/STM32CubeIDE_1.19.0/STM32CubeIDE/plugins/com.st.stm32cube.ide.mcu.externaltools.gnu-tools-for-stm32.13.3.rel1.win32_1.0.0.202411081344/tools/bin/../lib/gcc/arm-none-eabi/13.3.1/../../../../arm-none-eabi/lib/thumb/v7e-m+fp/hard\libc_nano.a(libc_a-fstatr.o)
                0x080097d8                _fstat_r
 .text._isatty_r
                0x080097fc       0x20 C:/ST/STM32CubeIDE_1.19.0/STM32CubeIDE/plugins/com.st.stm32cube.ide.mcu.externaltools.gnu-tools-for-stm32.13.3.rel1.win32_1.0.0.202411081344/tools/bin/../lib/gcc/arm-none-eabi/13.3.1/../../../../arm-none-eabi/lib/thumb/v7e-m+fp/hard\libc_nano.a(libc_a-isattyr.o)
                0x080097fc                _isatty_r
 .text._sbrk    0x0800981c       0x1c C:/ST/STM32CubeIDE_1.19.0/STM32CubeIDE/plugins/com.st.stm32cube.ide.mcu.externaltools.gnu-tools-for-stm32.13.3.rel1.win32_1.0.0.202411081344/tools/bin/../lib/gcc/arm-none-eabi/13.3.1/../../../../arm-none-eabi/lib/thumb/v7e-m+fp/hard\libnosys.a(sbrk.o)
                0x0800981c                _sbrk
 *(.glue_7)
 .glue_7        0x08009838        0x0 linker stubs
 *(.glue_7t)
 .glue_7t       0x08009838        0x0 linker stubs
 *(.eh_frame)
 .eh_frame      0x08009838        0x0 C:/ST/STM32CubeIDE_1.19.0/STM32CubeIDE/plugins/com.st.stm32cube.ide.mcu.externaltools.gnu-tools-for-stm32.13.3.rel1.win32_1.0.0.202411081344/tools/bin/../lib/gcc/arm-none-eabi/13.3.1/thumb/v7e-m+fp/hard/crtbegin.o
 *(.init)
 .init          0x08009838        0x4 C:/ST/STM32CubeIDE_1.19.0/STM32CubeIDE/plugins/com.st.stm32cube.ide.mcu.externaltools.gnu-tools-for-stm32.13.3.rel1.win32_1.0.0.202411081344/tools/bin/../lib/gcc/arm-none-eabi/13.3.1/thumb/v7e-m+fp/hard/crti.o
                0x08009838                _init
 .init          0x0800983c        0x8 C:/ST/STM32CubeIDE_1.19.0/STM32CubeIDE/plugins/com.st.stm32cube.ide.mcu.externaltools.gnu-tools-for-stm32.13.3.rel1.win32_1.0.0.202411081344/tools/bin/../lib/gcc/arm-none-eabi/13.3.1/thumb/v7e-m+fp/hard/crtn.o
 *(.fini)
 .fini          0x08009844        0x4 C:/ST/STM32CubeIDE_1.19.0/STM32CubeIDE/plugins/com.st.stm32cube.ide.mcu.externaltools.gnu-tools-for-stm32.13.3.rel1.win32_1.0.0.202411081344/tools/bin/../lib/gcc/arm-none-eabi/13.3.1/thumb/v7e-m+fp/hard/crti.o
                0x08009844                _fini
 .fini          0x08009848        0x8 C:/ST/STM32CubeIDE_1.19.0/STM32CubeIDE/plugins/com.st.stm32cube.ide.mcu.externaltools.gnu-tools-for-stm32.13.3.rel1.win32_1.0.0.202411081344/tools/bin/../lib/gcc/arm-none-eabi/13.3.1/thumb/v7e-m+fp/hard/crtn.o
                0x08009850                        . = ALIGN (0x4)
                0x08009850                        _etext = .

.vfp11_veneer   0x08009850        0x0
 .vfp11_veneer  0x08009850        0x0 linker stubs

.v4_bx          0x08009850        0x0
 .v4_bx         0x08009850        0x0 linker stubs

.iplt           0x08009850        0x0
 .iplt          0x08009850        0x0 C:/ST/STM32CubeIDE_1.19.0/STM32CubeIDE/plugins/com.st.stm32cube.ide.mcu.externaltools.gnu-tools-for-stm32.13.3.rel1.win32_1.0.0.202411081344/tools/bin/../lib/gcc/arm-none-eabi/13.3.1/thumb/v7e-m+fp/hard/crtbegin.o

.rodata         0x08009850      0x824
                0x08009850                        . = ALIGN (0x4)
 *(.rodata)
 .rodata        0x08009850       0x2e ./Src/System.o
 *fill*         0x0800987e        0x2 
 .rodata        0x08009880       0x5c ./Src/main.o
 .rodata        0x080098dc        0x5 ./ThirdParty/Source/tasks.o
 *fill*         0x080098e1        0x3 
 .rodata        0x080098e4        0xd ./ThirdParty/Source/timers.o
 *(.rodata*)
 *fill*         0x080098f1        0x3 
 .rodata.uxTopUsedPriority
                0x080098f4        0x4 ./ThirdParty/Source/tasks.o
                0x080098f4                uxTopUsedPriority
 .rodata.CSWTCH.9
                0x080098f8        0xc C:/ST/STM32CubeIDE_1.19.0/STM32CubeIDE/plugins/com.st.stm32cube.ide.mcu.externaltools.gnu-tools-for-stm32.13.3.rel1.win32_1.0.0.202411081344/tools/bin/../lib/gcc/arm-none-eabi/13.3.1/../../../../arm-none-eabi/lib/thumb/v7e-m+fp/hard\libm.a(libm_a-ef_atan2.o)
 .rodata.CSWTCH.8
                0x08009904        0xc C:/ST/STM32CubeIDE_1.19.0/STM32CubeIDE/plugins/com.st.stm32cube.ide.mcu.externaltools.gnu-tools-for-stm32.13.3.rel1.win32_1.0.0.202411081344/tools/bin/../lib/gcc/arm-none-eabi/13.3.1/../../../../arm-none-eabi/lib/thumb/v7e-m+fp/hard\libm.a(libm_a-ef_atan2.o)
 .rodata.npio2_hw
                0x08009910       0x80 C:/ST/STM32CubeIDE_1.19.0/STM32CubeIDE/plugins/com.st.stm32cube.ide.mcu.externaltools.gnu-tools-for-stm32.13.3.rel1.win32_1.0.0.202411081344/tools/bin/../lib/gcc/arm-none-eabi/13.3.1/../../../../arm-none-eabi/lib/thumb/v7e-m+fp/hard\libm.a(libm_a-ef_rem_pio2.o)
 .rodata.two_over_pi
                0x08009990      0x318 C:/ST/STM32CubeIDE_1.19.0/STM32CubeIDE/plugins/com.st.stm32cube.ide.mcu.externaltools.gnu-tools-for-stm32.13.3.rel1.win32_1.0.0.202411081344/tools/bin/../lib/gcc/arm-none-eabi/13.3.1/../../../../arm-none-eabi/lib/thumb/v7e-m+fp/hard\libm.a(libm_a-ef_rem_pio2.o)
 .rodata.atanlo
                0x08009ca8       0x10 C:/ST/STM32CubeIDE_1.19.0/STM32CubeIDE/plugins/com.st.stm32cube.ide.mcu.externaltools.gnu-tools-for-stm32.13.3.rel1.win32_1.0.0.202411081344/tools/bin/../lib/gcc/arm-none-eabi/13.3.1/../../../../arm-none-eabi/lib/thumb/v7e-m+fp/hard\libm.a(libm_a-sf_atan.o)
 .rodata.atanhi
                0x08009cb8       0x10 C:/ST/STM32CubeIDE_1.19.0/STM32CubeIDE/plugins/com.st.stm32cube.ide.mcu.externaltools.gnu-tools-for-stm32.13.3.rel1.win32_1.0.0.202411081344/tools/bin/../lib/gcc/arm-none-eabi/13.3.1/../../../../arm-none-eabi/lib/thumb/v7e-m+fp/hard\libm.a(libm_a-sf_atan.o)
 .rodata.PIo2   0x08009cc8       0x2c C:/ST/STM32CubeIDE_1.19.0/STM32CubeIDE/plugins/com.st.stm32cube.ide.mcu.externaltools.gnu-tools-for-stm32.13.3.rel1.win32_1.0.0.202411081344/tools/bin/../lib/gcc/arm-none-eabi/13.3.1/../../../../arm-none-eabi/lib/thumb/v7e-m+fp/hard\libm.a(libm_a-kf_rem_pio2.o)
 .rodata.init_jk
                0x08009cf4        0xc C:/ST/STM32CubeIDE_1.19.0/STM32CubeIDE/plugins/com.st.stm32cube.ide.mcu.externaltools.gnu-tools-for-stm32.13.3.rel1.win32_1.0.0.202411081344/tools/bin/../lib/gcc/arm-none-eabi/13.3.1/../../../../arm-none-eabi/lib/thumb/v7e-m+fp/hard\libm.a(libm_a-kf_rem_pio2.o)
 .rodata._printf_float.str1.1
                0x08009d00      0x171 C:/ST/STM32CubeIDE_1.19.0/STM32CubeIDE/plugins/com.st.stm32cube.ide.mcu.externaltools.gnu-tools-for-stm32.13.3.rel1.win32_1.0.0.202411081344/tools/bin/../lib/gcc/arm-none-eabi/13.3.1/../../../../arm-none-eabi/lib/thumb/v7e-m+fp/hard\libc_nano.a(libc_a-nano-vfprintf_float.o)
                                 0x12 (size before relaxing)
 .rodata._printf_i.str1.1
                0x08009e71       0x22 C:/ST/STM32CubeIDE_1.19.0/STM32CubeIDE/plugins/com.st.stm32cube.ide.mcu.externaltools.gnu-tools-for-stm32.13.3.rel1.win32_1.0.0.202411081344/tools/bin/../lib/gcc/arm-none-eabi/13.3.1/../../../../arm-none-eabi/lib/thumb/v7e-m+fp/hard\libc_nano.a(libc_a-nano-vfprintf_i.o)
 .rodata._dtoa_r.str1.1
                0x08009e71       0x8f C:/ST/STM32CubeIDE_1.19.0/STM32CubeIDE/plugins/com.st.stm32cube.ide.mcu.externaltools.gnu-tools-for-stm32.13.3.rel1.win32_1.0.0.202411081344/tools/bin/../lib/gcc/arm-none-eabi/13.3.1/../../../../arm-none-eabi/lib/thumb/v7e-m+fp/hard\libc_nano.a(libc_a-dtoa.o)
 .rodata._Balloc.str1.1
                0x08009e71       0x70 C:/ST/STM32CubeIDE_1.19.0/STM32CubeIDE/plugins/com.st.stm32cube.ide.mcu.externaltools.gnu-tools-for-stm32.13.3.rel1.win32_1.0.0.202411081344/tools/bin/../lib/gcc/arm-none-eabi/13.3.1/../../../../arm-none-eabi/lib/thumb/v7e-m+fp/hard\libc_nano.a(libc_a-mprec.o)
 .rodata.__multadd.str1.1
                0x08009e71       0x11 C:/ST/STM32CubeIDE_1.19.0/STM32CubeIDE/plugins/com.st.stm32cube.ide.mcu.externaltools.gnu-tools-for-stm32.13.3.rel1.win32_1.0.0.202411081344/tools/bin/../lib/gcc/arm-none-eabi/13.3.1/../../../../arm-none-eabi/lib/thumb/v7e-m+fp/hard\libc_nano.a(libc_a-mprec.o)
 *fill*         0x08009e71        0x3 
 .rodata.p05.0  0x08009e74        0xc C:/ST/STM32CubeIDE_1.19.0/STM32CubeIDE/plugins/com.st.stm32cube.ide.mcu.externaltools.gnu-tools-for-stm32.13.3.rel1.win32_1.0.0.202411081344/tools/bin/../lib/gcc/arm-none-eabi/13.3.1/../../../../arm-none-eabi/lib/thumb/v7e-m+fp/hard\libc_nano.a(libc_a-mprec.o)
 .rodata.__mprec_bigtens
                0x08009e80       0x28 C:/ST/STM32CubeIDE_1.19.0/STM32CubeIDE/plugins/com.st.stm32cube.ide.mcu.externaltools.gnu-tools-for-stm32.13.3.rel1.win32_1.0.0.202411081344/tools/bin/../lib/gcc/arm-none-eabi/13.3.1/../../../../arm-none-eabi/lib/thumb/v7e-m+fp/hard\libc_nano.a(libc_a-mprec.o)
                0x08009e80                __mprec_bigtens
 .rodata.__mprec_tens
                0x08009ea8       0xc8 C:/ST/STM32CubeIDE_1.19.0/STM32CubeIDE/plugins/com.st.stm32cube.ide.mcu.externaltools.gnu-tools-for-stm32.13.3.rel1.win32_1.0.0.202411081344/tools/bin/../lib/gcc/arm-none-eabi/13.3.1/../../../../arm-none-eabi/lib/thumb/v7e-m+fp/hard\libc_nano.a(libc_a-mprec.o)
                0x08009ea8                __mprec_tens
 .rodata._setlocale_r.str1.1
                0x08009f70        0x9 C:/ST/STM32CubeIDE_1.19.0/STM32CubeIDE/plugins/com.st.stm32cube.ide.mcu.externaltools.gnu-tools-for-stm32.13.3.rel1.win32_1.0.0.202411081344/tools/bin/../lib/gcc/arm-none-eabi/13.3.1/../../../../arm-none-eabi/lib/thumb/v7e-m+fp/hard\libc_nano.a(libc_a-locale.o)
 .rodata.str1.1
                0x08009f70        0x2 C:/ST/STM32CubeIDE_1.19.0/STM32CubeIDE/plugins/com.st.stm32cube.ide.mcu.externaltools.gnu-tools-for-stm32.13.3.rel1.win32_1.0.0.202411081344/tools/bin/../lib/gcc/arm-none-eabi/13.3.1/../../../../arm-none-eabi/lib/thumb/v7e-m+fp/hard\libc_nano.a(libc_a-locale.o)
 .rodata.__assert_func.str1.1
                0x08009f70       0x3d C:/ST/STM32CubeIDE_1.19.0/STM32CubeIDE/plugins/com.st.stm32cube.ide.mcu.externaltools.gnu-tools-for-stm32.13.3.rel1.win32_1.0.0.202411081344/tools/bin/../lib/gcc/arm-none-eabi/13.3.1/../../../../arm-none-eabi/lib/thumb/v7e-m+fp/hard\libc_nano.a(libc_a-assert.o)
 .rodata._ctype_
                0x08009f70      0x101 C:/ST/STM32CubeIDE_1.19.0/STM32CubeIDE/plugins/com.st.stm32cube.ide.mcu.externaltools.gnu-tools-for-stm32.13.3.rel1.win32_1.0.0.202411081344/tools/bin/../lib/gcc/arm-none-eabi/13.3.1/../../../../arm-none-eabi/lib/thumb/v7e-m+fp/hard\libc_nano.a(libc_a-ctype_.o)
                0x08009f70                _ctype_
 .rodata._vfprintf_r.str1.1
                0x0800a071       0x11 C:/ST/STM32CubeIDE_1.19.0/STM32CubeIDE/plugins/com.st.stm32cube.ide.mcu.externaltools.gnu-tools-for-stm32.13.3.rel1.win32_1.0.0.202411081344/tools/bin/../lib/gcc/arm-none-eabi/13.3.1/../../../../arm-none-eabi/lib/thumb/v7e-m+fp/hard\libc_nano.a(libc_a-nano-vfprintf.o)
                0x0800a084                        . = ALIGN (0x4)
 *fill*         0x0800a071        0x3 

.ARM.extab      0x0800a074        0x0
                0x0800a074                        . = ALIGN (0x4)
 *(.ARM.extab* .gnu.linkonce.armextab.*)
                0x0800a074                        . = ALIGN (0x4)

.ARM            0x0800a074        0x8
                0x0800a074                        . = ALIGN (0x4)
                0x0800a074                        __exidx_start = .
 *(.ARM.exidx*)
 .ARM.exidx     0x0800a074        0x8 C:/ST/STM32CubeIDE_1.19.0/STM32CubeIDE/plugins/com.st.stm32cube.ide.mcu.externaltools.gnu-tools-for-stm32.13.3.rel1.win32_1.0.0.202411081344/tools/bin/../lib/gcc/arm-none-eabi/13.3.1/../../../../arm-none-eabi/lib/thumb/v7e-m+fp/hard\libc_nano.a(libc_a-memchr.o)
 .ARM.exidx     0x0800a07c        0x0 C:/ST/STM32CubeIDE_1.19.0/STM32CubeIDE/plugins/com.st.stm32cube.ide.mcu.externaltools.gnu-tools-for-stm32.13.3.rel1.win32_1.0.0.202411081344/tools/bin/../lib/gcc/arm-none-eabi/13.3.1/../../../../arm-none-eabi/lib/thumb/v7e-m+fp/hard\libc_nano.a(libc_a-strlen.o)
                                  0x8 (size before relaxing)
 .ARM.exidx     0x0800a07c        0x0 C:/ST/STM32CubeIDE_1.19.0/STM32CubeIDE/plugins/com.st.stm32cube.ide.mcu.externaltools.gnu-tools-for-stm32.13.3.rel1.win32_1.0.0.202411081344/tools/bin/../lib/gcc/arm-none-eabi/13.3.1/thumb/v7e-m+fp/hard\libgcc.a(_udivmoddi4.o)
                                  0x8 (size before relaxing)
                0x0800a07c                        __exidx_end = .
                0x0800a07c                        . = ALIGN (0x4)

.preinit_array  0x0800a07c        0x0
                0x0800a07c                        . = ALIGN (0x4)
                0x0800a07c                        PROVIDE (__preinit_array_start = .)
 *(.preinit_array*)
                0x0800a07c                        PROVIDE (__preinit_array_end = .)
                0x0800a07c                        . = ALIGN (0x4)

.init_array     0x0800a07c        0x4
                0x0800a07c                        . = ALIGN (0x4)
                0x0800a07c                        PROVIDE (__init_array_start = .)
 *(SORT_BY_NAME(.init_array.*))
 *(.init_array*)
 .init_array    0x0800a07c        0x4 C:/ST/STM32CubeIDE_1.19.0/STM32CubeIDE/plugins/com.st.stm32cube.ide.mcu.externaltools.gnu-tools-for-stm32.13.3.rel1.win32_1.0.0.202411081344/tools/bin/../lib/gcc/arm-none-eabi/13.3.1/thumb/v7e-m+fp/hard/crtbegin.o
                0x0800a080                        PROVIDE (__init_array_end = .)
                0x0800a080                        . = ALIGN (0x4)

.fini_array     0x0800a080        0x4
                0x0800a080                        . = ALIGN (0x4)
                [!provide]                        PROVIDE (__fini_array_start = .)
 *(SORT_BY_NAME(.fini_array.*))
 *(.fini_array*)
 .fini_array    0x0800a080        0x4 C:/ST/STM32CubeIDE_1.19.0/STM32CubeIDE/plugins/com.st.stm32cube.ide.mcu.externaltools.gnu-tools-for-stm32.13.3.rel1.win32_1.0.0.202411081344/tools/bin/../lib/gcc/arm-none-eabi/13.3.1/thumb/v7e-m+fp/hard/crtbegin.o
                [!provide]                        PROVIDE (__fini_array_end = .)
                0x0800a084                        . = ALIGN (0x4)
                0x0800a084                        _sidata = LOADADDR (.data)

.rel.dyn        0x0800a084        0x0
 .rel.iplt      0x0800a084        0x0 C:/ST/STM32CubeIDE_1.19.0/STM32CubeIDE/plugins/com.st.stm32cube.ide.mcu.externaltools.gnu-tools-for-stm32.13.3.rel1.win32_1.0.0.202411081344/tools/bin/../lib/gcc/arm-none-eabi/13.3.1/thumb/v7e-m+fp/hard/crtbegin.o

.data           0x20000000      0x28c load address 0x0800a084
                0x20000000                        . = ALIGN (0x4)
                0x20000000                        _sdata = .
 *(.data)
 *(.data*)
 .data.GPIO_Port
                0x20000000       0x20 ./Src/GPIO_prog.o
 .data.MPU9250_SPI
                0x20000020        0xf ./Src/MPU9250_program.o
 *fill*         0x2000002f        0x1 
 .data.SPI_Channel
                0x20000030       0x10 ./Src/SPI_program.o
 .data.SystemCoreClock
                0x20000040        0x4 ./Src/System.o
                0x20000040                SystemCoreClock
 .data.V2X_Buzzer
                0x20000044        0x3 ./Src/System.o
                0x20000044                V2X_Buzzer
 *fill*         0x20000047        0x1 
 .data.ESP_UART
                0x20000048       0x10 ./Src/System.o
                0x20000048                ESP_UART
 .data.RPi_UART
                0x20000058       0x10 ./Src/System.o
                0x20000058                RPi_UART
 .data.TIM_Instances
                0x20000068       0x20 ./Src/TIM_program.o
 .data.USART_Channel
                0x20000088       0x18 ./Src/USART_program.o
 .data.US_TIM_Array
                0x200000a0       0x20 ./Src/US_prog.o
 .data.uxCriticalNesting
                0x200000c0        0x4 ./ThirdParty/Source/portable/GCC/ARM_CM4F/port.o
 .data.__sglue  0x200000c4        0xc C:/ST/STM32CubeIDE_1.19.0/STM32CubeIDE/plugins/com.st.stm32cube.ide.mcu.externaltools.gnu-tools-for-stm32.13.3.rel1.win32_1.0.0.202411081344/tools/bin/../lib/gcc/arm-none-eabi/13.3.1/../../../../arm-none-eabi/lib/thumb/v7e-m+fp/hard\libc_nano.a(libc_a-findfp.o)
                0x200000c4                __sglue
 .data._impure_ptr
                0x200000d0        0x4 C:/ST/STM32CubeIDE_1.19.0/STM32CubeIDE/plugins/com.st.stm32cube.ide.mcu.externaltools.gnu-tools-for-stm32.13.3.rel1.win32_1.0.0.202411081344/tools/bin/../lib/gcc/arm-none-eabi/13.3.1/../../../../arm-none-eabi/lib/thumb/v7e-m+fp/hard\libc_nano.a(libc_a-impure.o)
                0x200000d0                _impure_ptr
 .data._impure_data
                0x200000d4       0x4c C:/ST/STM32CubeIDE_1.19.0/STM32CubeIDE/plugins/com.st.stm32cube.ide.mcu.externaltools.gnu-tools-for-stm32.13.3.rel1.win32_1.0.0.202411081344/tools/bin/../lib/gcc/arm-none-eabi/13.3.1/../../../../arm-none-eabi/lib/thumb/v7e-m+fp/hard\libc_nano.a(libc_a-impure.o)
                0x200000d4                _impure_data
 .data.__global_locale
                0x20000120      0x16c C:/ST/STM32CubeIDE_1.19.0/STM32CubeIDE/plugins/com.st.stm32cube.ide.mcu.externaltools.gnu-tools-for-stm32.13.3.rel1.win32_1.0.0.202411081344/tools/bin/../lib/gcc/arm-none-eabi/13.3.1/../../../../arm-none-eabi/lib/thumb/v7e-m+fp/hard\libc_nano.a(libc_a-locale.o)
                0x20000120                __global_locale
 *(.RamFunc)
 *(.RamFunc*)
                0x2000028c                        . = ALIGN (0x4)
                0x2000028c                        _edata = .

.igot.plt       0x2000028c        0x0 load address 0x0800a310
 .igot.plt      0x2000028c        0x0 C:/ST/STM32CubeIDE_1.19.0/STM32CubeIDE/plugins/com.st.stm32cube.ide.mcu.externaltools.gnu-tools-for-stm32.13.3.rel1.win32_1.0.0.202411081344/tools/bin/../lib/gcc/arm-none-eabi/13.3.1/thumb/v7e-m+fp/hard/crtbegin.o
                0x2000028c                        . = ALIGN (0x4)

.bss            0x2000028c    0x13034 load address 0x0800a310
                0x2000028c                        _sbss = .
                0x2000028c                        __bss_start__ = _sbss
 *(.bss)
 .bss           0x2000028c       0x1c C:/ST/STM32CubeIDE_1.19.0/STM32CubeIDE/plugins/com.st.stm32cube.ide.mcu.externaltools.gnu-tools-for-stm32.13.3.rel1.win32_1.0.0.202411081344/tools/bin/../lib/gcc/arm-none-eabi/13.3.1/thumb/v7e-m+fp/hard/crtbegin.o
 *(.bss*)
 .bss.EXTI_CallBack
                0x200002a8       0x40 ./Src/EXTI_program.o
 .bss.Accel_Offset
                0x200002e8        0xc ./Src/MPU9250_program.o
 .bss.Gyro_Offset
                0x200002f4        0xc ./Src/MPU9250_program.o
 .bss.Filtered_Pitch
                0x20000300        0x4 ./Src/MPU9250_program.o
 .bss.Filtered_Roll
                0x20000304        0x4 ./Src/MPU9250_program.o
 .bss.Filtered_Heading
                0x20000308        0x4 ./Src/MPU9250_program.o
 .bss.Vert_Velocity_m_s
                0x2000030c        0x4 ./Src/MPU9250_program.o
 .bss.MPU9250_ID
                0x20000310        0x1 ./Src/MPU9250_program.o
                0x20000310                MPU9250_ID
 .bss.RCC_u8State
                0x20000311        0x1 ./Src/RCC_program.o
 .bss.SPI_u8State
                0x20000312        0x1 ./Src/SPI_program.o
 *fill*         0x20000313        0x1 
 .bss.FrontUS   0x20000314       0x12 ./Src/System.o
                0x20000314                FrontUS
 *fill*         0x20000326        0x2 
 .bss.BackUS    0x20000328       0x12 ./Src/System.o
                0x20000328                BackUS
 *fill*         0x2000033a        0x2 
 .bss.TIM_Callbacks
                0x2000033c       0x20 ./Src/TIM_program.o
 .bss.USART_CallBack
                0x2000035c       0x18 ./Src/USART_program.o
 .bss.G_u16DistLeft
                0x20000374        0x2 ./Src/main.o
                0x20000374                G_u16DistLeft
 .bss.G_u16DistCenter
                0x20000376        0x2 ./Src/main.o
                0x20000376                G_u16DistCenter
 .bss.G_u16DistRight
                0x20000378        0x2 ./Src/main.o
                0x20000378                G_u16DistRight
 .bss.G_u16DistBackLeft
                0x2000037a        0x2 ./Src/main.o
                0x2000037a                G_u16DistBackLeft
 .bss.G_u16DistBackCenter
                0x2000037c        0x2 ./Src/main.o
                0x2000037c                G_u16DistBackCenter
 .bss.G_u16DistBackRight
                0x2000037e        0x2 ./Src/main.o
                0x2000037e                G_u16DistBackRight
 .bss.G_u8WarningState
                0x20000380        0x1 ./Src/main.o
                0x20000380                G_u8WarningState
 *fill*         0x20000381        0x3 
 .bss.G_stMPU9250_Data
                0x20000384       0x28 ./Src/main.o
                0x20000384                G_stMPU9250_Data
 .bss.G_stMPU9250_Pos
                0x200003ac        0xc ./Src/main.o
                0x200003ac                G_stMPU9250_Pos
 .bss.G_fSpeed  0x200003b8        0x4 ./Src/main.o
                0x200003b8                G_fSpeed
 .bss.G_fHeading
                0x200003bc        0x4 ./Src/main.o
                0x200003bc                G_fHeading
 .bss.G_fPitch  0x200003c0        0x4 ./Src/main.o
                0x200003c0                G_fPitch
 .bss.G_fRoll   0x200003c4        0x4 ./Src/main.o
                0x200003c4                G_fRoll
 .bss.G_fAltitudeZ
                0x200003c8        0x4 ./Src/main.o
                0x200003c8                G_fAltitudeZ
 .bss.xQueueRegistry
                0x200003cc       0x40 ./ThirdParty/Source/queue.o
                0x200003cc                xQueueRegistry
 .bss.pxCurrentTCB
                0x2000040c        0x4 ./ThirdParty/Source/tasks.o
                0x2000040c                pxCurrentTCB
 .bss.pxReadyTasksLists
                0x20000410       0x64 ./ThirdParty/Source/tasks.o
 .bss.xDelayedTaskList1
                0x20000474       0x14 ./ThirdParty/Source/tasks.o
 .bss.xDelayedTaskList2
                0x20000488       0x14 ./ThirdParty/Source/tasks.o
 .bss.pxDelayedTaskList
                0x2000049c        0x4 ./ThirdParty/Source/tasks.o
 .bss.pxOverflowDelayedTaskList
                0x200004a0        0x4 ./ThirdParty/Source/tasks.o
 .bss.xPendingReadyList
                0x200004a4       0x14 ./ThirdParty/Source/tasks.o
 .bss.xTasksWaitingTermination
                0x200004b8       0x14 ./ThirdParty/Source/tasks.o
 .bss.uxDeletedTasksWaitingCleanUp
                0x200004cc        0x4 ./ThirdParty/Source/tasks.o
 .bss.xSuspendedTaskList
                0x200004d0       0x14 ./ThirdParty/Source/tasks.o
 .bss.uxCurrentNumberOfTasks
                0x200004e4        0x4 ./ThirdParty/Source/tasks.o
 .bss.xTickCount
                0x200004e8        0x4 ./ThirdParty/Source/tasks.o
 .bss.uxTopReadyPriority
                0x200004ec        0x4 ./ThirdParty/Source/tasks.o
 .bss.xSchedulerRunning
                0x200004f0        0x4 ./ThirdParty/Source/tasks.o
 .bss.xPendedTicks
                0x200004f4        0x4 ./ThirdParty/Source/tasks.o
 .bss.xYieldPending
                0x200004f8        0x4 ./ThirdParty/Source/tasks.o
 .bss.xNumOfOverflows
                0x200004fc        0x4 ./ThirdParty/Source/tasks.o
 .bss.uxTaskNumber
                0x20000500        0x4 ./ThirdParty/Source/tasks.o
 .bss.xNextTaskUnblockTime
                0x20000504        0x4 ./ThirdParty/Source/tasks.o
 .bss.xIdleTaskHandle
                0x20000508        0x4 ./ThirdParty/Source/tasks.o
 .bss.uxSchedulerSuspended
                0x2000050c        0x4 ./ThirdParty/Source/tasks.o
 .bss.xActiveTimerList1
                0x20000510       0x14 ./ThirdParty/Source/timers.o
 .bss.xActiveTimerList2
                0x20000524       0x14 ./ThirdParty/Source/timers.o
 .bss.pxCurrentTimerList
                0x20000538        0x4 ./ThirdParty/Source/timers.o
 .bss.pxOverflowTimerList
                0x2000053c        0x4 ./ThirdParty/Source/timers.o
 .bss.xTimerQueue
                0x20000540        0x4 ./ThirdParty/Source/timers.o
 .bss.xTimerTaskHandle
                0x20000544        0x4 ./ThirdParty/Source/timers.o
 .bss.xLastTime.0
                0x20000548        0x4 ./ThirdParty/Source/timers.o
 .bss.ucMaxSysCallPriority
                0x2000054c        0x1 ./ThirdParty/Source/portable/GCC/ARM_CM4F/port.o
 *fill*         0x2000054d        0x3 
 .bss.ulMaxPRIGROUPValue
                0x20000550        0x4 ./ThirdParty/Source/portable/GCC/ARM_CM4F/port.o
 .bss.ucHeap    0x20000554    0x12c00 ./ThirdParty/Source/portable/MemMang/heap_4.o
 .bss.xStart    0x20013154        0x8 ./ThirdParty/Source/portable/MemMang/heap_4.o
 .bss.pxEnd     0x2001315c        0x4 ./ThirdParty/Source/portable/MemMang/heap_4.o
 .bss.xFreeBytesRemaining
                0x20013160        0x4 ./ThirdParty/Source/portable/MemMang/heap_4.o
 .bss.xMinimumEverFreeBytesRemaining
                0x20013164        0x4 ./ThirdParty/Source/portable/MemMang/heap_4.o
 .bss.xNumberOfSuccessfulAllocations
                0x20013168        0x4 ./ThirdParty/Source/portable/MemMang/heap_4.o
 .bss.xNumberOfSuccessfulFrees
                0x2001316c        0x4 ./ThirdParty/Source/portable/MemMang/heap_4.o
 .bss.__sf      0x20013170      0x138 C:/ST/STM32CubeIDE_1.19.0/STM32CubeIDE/plugins/com.st.stm32cube.ide.mcu.externaltools.gnu-tools-for-stm32.13.3.rel1.win32_1.0.0.202411081344/tools/bin/../lib/gcc/arm-none-eabi/13.3.1/../../../../arm-none-eabi/lib/thumb/v7e-m+fp/hard\libc_nano.a(libc_a-findfp.o)
                0x20013170                __sf
 .bss.__stdio_exit_handler
                0x200132a8        0x4 C:/ST/STM32CubeIDE_1.19.0/STM32CubeIDE/plugins/com.st.stm32cube.ide.mcu.externaltools.gnu-tools-for-stm32.13.3.rel1.win32_1.0.0.202411081344/tools/bin/../lib/gcc/arm-none-eabi/13.3.1/../../../../arm-none-eabi/lib/thumb/v7e-m+fp/hard\libc_nano.a(libc_a-findfp.o)
                0x200132a8                __stdio_exit_handler
 .bss.errno     0x200132ac        0x4 C:/ST/STM32CubeIDE_1.19.0/STM32CubeIDE/plugins/com.st.stm32cube.ide.mcu.externaltools.gnu-tools-for-stm32.13.3.rel1.win32_1.0.0.202411081344/tools/bin/../lib/gcc/arm-none-eabi/13.3.1/../../../../arm-none-eabi/lib/thumb/v7e-m+fp/hard\libc_nano.a(libc_a-reent.o)
                0x200132ac                errno
 .bss.__lock___malloc_recursive_mutex
                0x200132b0        0x1 C:/ST/STM32CubeIDE_1.19.0/STM32CubeIDE/plugins/com.st.stm32cube.ide.mcu.externaltools.gnu-tools-for-stm32.13.3.rel1.win32_1.0.0.202411081344/tools/bin/../lib/gcc/arm-none-eabi/13.3.1/../../../../arm-none-eabi/lib/thumb/v7e-m+fp/hard\libc_nano.a(libc_a-lock.o)
                0x200132b0                __lock___malloc_recursive_mutex
 .bss.__lock___sfp_recursive_mutex
                0x200132b1        0x1 C:/ST/STM32CubeIDE_1.19.0/STM32CubeIDE/plugins/com.st.stm32cube.ide.mcu.externaltools.gnu-tools-for-stm32.13.3.rel1.win32_1.0.0.202411081344/tools/bin/../lib/gcc/arm-none-eabi/13.3.1/../../../../arm-none-eabi/lib/thumb/v7e-m+fp/hard\libc_nano.a(libc_a-lock.o)
                0x200132b1                __lock___sfp_recursive_mutex
 *fill*         0x200132b2        0x2 
 .bss.__malloc_sbrk_start
                0x200132b4        0x4 C:/ST/STM32CubeIDE_1.19.0/STM32CubeIDE/plugins/com.st.stm32cube.ide.mcu.externaltools.gnu-tools-for-stm32.13.3.rel1.win32_1.0.0.202411081344/tools/bin/../lib/gcc/arm-none-eabi/13.3.1/../../../../arm-none-eabi/lib/thumb/v7e-m+fp/hard\libc_nano.a(libc_a-mallocr.o)
                0x200132b4                __malloc_sbrk_start
 .bss.__malloc_free_list
                0x200132b8        0x4 C:/ST/STM32CubeIDE_1.19.0/STM32CubeIDE/plugins/com.st.stm32cube.ide.mcu.externaltools.gnu-tools-for-stm32.13.3.rel1.win32_1.0.0.202411081344/tools/bin/../lib/gcc/arm-none-eabi/13.3.1/../../../../arm-none-eabi/lib/thumb/v7e-m+fp/hard\libc_nano.a(libc_a-mallocr.o)
                0x200132b8                __malloc_free_list
 .bss.heap_end.0
                0x200132bc        0x4 C:/ST/STM32CubeIDE_1.19.0/STM32CubeIDE/plugins/com.st.stm32cube.ide.mcu.externaltools.gnu-tools-for-stm32.13.3.rel1.win32_1.0.0.202411081344/tools/bin/../lib/gcc/arm-none-eabi/13.3.1/../../../../arm-none-eabi/lib/thumb/v7e-m+fp/hard\libnosys.a(sbrk.o)
 *(COMMON)
                0x200132c0                        . = ALIGN (0x4)
                0x200132c0                        _ebss = .
                0x200132c0                        __bss_end__ = _ebss

._user_heap_stack
                0x200132c0      0x600 load address 0x0800a310