../Src/EXTI_program.c:48:14:EXTI_vLineInit	24	static
../Src/EXTI_program.c:105:14:EXTI_vEnableInterrupt	24	static
../Src/EXTI_program.c:131:14:EXTI_vSetTrigSrc	24	static
../Src/EXTI_program.c:175:14:EXTI_vDisableInterrupt	24	static
../Src/EXTI_program.c:199:14:EXTI_vSwIntEvent	24	static
../Src/EXTI_program.c:221:6:EXTI_vClearPendFlag	16	static
../Src/EXTI_program.c:234:9:EXTI_u8ReadPendFlag	16	static
../Src/EXTI_program.c:243:6:EXTI0_IRQHandler	8	static
../Src/EXTI_program.c:254:6:EXTI1_IRQHandler	8	static
../Src/EXTI_program.c:265:6:EXTI2_IRQHandler	8	static
../Src/EXTI_program.c:276:6:EXTI3_IRQHandler	8	static
../Src/EXTI_program.c:287:6:EXTI4_IRQHandler	8	static
../Src/EXTI_program.c:298:6:EXTI9_5_IRQHandler	8	static
../Src/EXTI_program.c:332:6:EXTI15_10_IRQHandler	8	static
