../Src/GPIO_prog.c:41:14:GPIO_enumPinInit	24	static
../Src/GPIO_prog.c:102:14:GPIO_enumLowNibbleInit	24	static
../Src/GPIO_prog.c:146:14:GPIO_enumHighNibbleInit	24	static
../Src/GPIO_prog.c:190:14:GPIO_enumByteInit	24	static
../Src/GPIO_prog.c:234:14:GPIO_enumHalfPortInit	24	static
../Src/GPIO_prog.c:278:14:GPIO_enumPortInit	24	static
../Src/GPIO_prog.c:329:14:GPIO_enumPort8PinsInit	24	static
../Src/GPIO_prog.c:383:14:GPIO_enumPort4PinsInit	24	static
../Src/GPIO_prog.c:433:14:GPIO_enumWrite4PinsVal	24	static
../Src/GPIO_prog.c:460:14:GPIO_enumWrite8PinsVal	24	static
../Src/GPIO_prog.c:485:14:GPIO_enumWritePinVal	24	static
../Src/GPIO_prog.c:524:14:GPIO_enumReadPinVal	24	static
../Src/GPIO_prog.c:555:14:GPIO_enumTogPinVal	24	static
../Src/GPIO_prog.c:580:14:GPIO_enumRead4PinsVal	24	static
../Src/GPIO_prog.c:611:14:GPIO_enumRead8PinsVal	24	static
../Src/GPIO_prog.c:640:14:GPIO_enumWriteLowNibbleVal	24	static
../Src/GPIO_prog.c:675:14:GPIO_enumWriteHighNibbleVal	24	static
../Src/GPIO_prog.c:710:14:GPIO_enumWriteByteVal	24	static
../Src/GPIO_prog.c:745:14:GPIO_enumWriteHalfWordVal	24	static
../Src/GPIO_prog.c:780:14:GPIO_enumWritePortVal	24	static
../Src/GPIO_prog.c:815:14:GPIO_enumReadLowNibbleVal	24	static
../Src/GPIO_prog.c:843:14:GPIO_enumReadHighNibbleVal	24	static
../Src/GPIO_prog.c:871:14:GPIO_enumReadByteVal	24	static
../Src/GPIO_prog.c:899:14:GPIO_enumReadHalfPortVal	24	static
../Src/GPIO_prog.c:927:14:GPIO_enumReadPortVal	24	static
