../Src/MPU9250_program.c:36:13:MPU9250_vSelect	8	static
../Src/MPU9250_program.c:37:13:MPU9250_vDeselect	8	static
../Src/MPU9250_program.c:39:13:MPU9250_vWriteReg	24	static
../Src/MPU9250_program.c:46:16:MPU9250_u8ReadReg	24	static
../Src/MPU9250_program.c:54:13:MPU9250_vInitMag	8	static
../Src/MPU9250_program.c:64:14:MPU9250_enumInit	80	static
../Src/MPU9250_program.c:95:14:MPU9250_enumReadData	48	static
../Src/MPU9250_program.c:113:14:MPU9250_enumGetAttitude	40	static
../Src/MPU9250_program.c:126:14:MPU9250_enumGetHeading	24	static
../Src/MPU9250_program.c:134:14:MPU9250_enumGetSpeed	32	static
../Src/MPU9250_program.c:164:14:MPU9250_enumGetPosition	72	static
