../Src/TIM_program.c:33:14:TIM_vInit	24	static
../Src/TIM_program.c:81:14:TIM_vStart	24	static
../Src/TIM_program.c:101:14:TIM_vStop	24	static
../Src/TIM_program.c:121:14:TIM_vPWM_Init	24	static
../Src/TIM_program.c:220:14:TIM_vIC_Init	24	static
../Src/TIM_program.c:314:14:TIM_u32GetCaptureValue	24	static
../Src/TIM_program.c:331:14:TIM_vSetICPolarity	24	static
../Src/TIM_program.c:364:14:TIM_vSetCompareValue	24	static
../Src/TIM_program.c:391:14:TIM_vSetPrescaler	24	static
../Src/TIM_program.c:403:14:TIM_vSetAutoReloadValue	24	static
../Src/TIM_program.c:416:14:TIM_vDelayMs	32	static
../Src/TIM_program.c:455:14:TIM_vDelayUs	32	static
../Src/TIM_program.c:485:14:TIM_vEnableInterrupt	24	static
../Src/TIM_program.c:493:14:TIM_vDisableInterrupt	24	static
../Src/TIM_program.c:501:14:TIM_vSetCallback	24	static
../Src/TIM_program.c:509:6:TIM2_IRQHandler	8	static
../Src/TIM_program.c:521:6:TIM3_IRQHandler	8	static
../Src/TIM_program.c:533:6:TIM4_IRQHandler	8	static
../Src/TIM_program.c:545:6:TIM5_IRQHandler	8	static
../Src/TIM_program.c:564:6:TIM1_UP_TIM10_IRQHandler	8	static
../Src/TIM_program.c:583:6:TIM8_UP_TIM13_IRQHandler	8	static
../Src/TIM_program.c:600:6:TIM6_DAC_IRQHandler	8	static
../Src/TIM_program.c:615:6:TIM7_IRQHandler	8	static
