../Src/USART_program.c:44:14:USART_Init	152	static
../Src/USART_program.c:160:14:USART_InitIT	56	static
../Src/USART_program.c:282:14:USART_enumTransmit	24	static
../Src/USART_program.c:327:14:USART_enumTransmitString	24	static
../Src/USART_program.c:363:14:USART_enumReceive	24	static
../Src/USART_program.c:403:6:USART1_IRQHandler	8	static
../Src/USART_program.c:415:6:USART2_IRQHandler	8	static
../Src/USART_program.c:427:6:USART3_IRQHandler	8	static
../Src/USART_program.c:439:6:USART4_IRQHandler	8	static
../Src/USART_program.c:451:6:USART5_IRQHandler	8	static
../Src/USART_program.c:463:6:USART6_IRQHandler	8	static
