../Src/USART_program.c:40:14:USART_Init	56	static
../Src/USART_program.c:138:14:USART_InitIT	56	static
../Src/USART_program.c:248:14:USART_enumTransmit	24	static
../Src/USART_program.c:300:14:USART_enumTransmitString	24	static
../Src/USART_program.c:343:14:USART_enumReceive	24	static
../Src/USART_program.c:390:6:USART1_IRQHandler	8	static
../Src/USART_program.c:404:6:USART2_IRQHandler	8	static
../Src/USART_program.c:418:6:USART3_IRQHandler	8	static
../Src/USART_program.c:432:6:USART4_IRQHandler	8	static
../Src/USART_program.c:446:6:USART5_IRQHandler	8	static
../Src/USART_program.c:460:6:USART6_IRQHandler	8	static
