Archive member included to satisfy reference by file (symbol)

/home/abdallah-shehawey/.eclipse/com.st.stm32cube.ide.mcu.rcp.product_2.0.0_1934254364_linux_gtk_x86_64/plugins/com.st.stm32cube.ide.mcu.externaltools.gnu-tools-for-stm32.14.3.rel1.linux64_1.0.100.202602081740/tools/bin/../lib/gcc/arm-none-eabi/14.3.1/../../../../arm-none-eabi/lib/thumb/v7e-m/nofp/libc_nano.a(libc_a-exit.o)
                              /home/abdallah-shehawey/.eclipse/com.st.stm32cube.ide.mcu.rcp.product_2.0.0_1934254364_linux_gtk_x86_64/plugins/com.st.stm32cube.ide.mcu.externaltools.gnu-tools-for-stm32.14.3.rel1.linux64_1.0.100.202602081740/tools/bin/../lib/gcc/arm-none-eabi/14.3.1/../../../../arm-none-eabi/lib/thumb/v7e-m/nofp/crt0.o (exit)
/home/abdallah-shehawey/.eclipse/com.st.stm32cube.ide.mcu.rcp.product_2.0.0_1934254364_linux_gtk_x86_64/plugins/com.st.stm32cube.ide.mcu.externaltools.gnu-tools-for-stm32.14.3.rel1.linux64_1.0.100.202602081740/tools/bin/../lib/gcc/arm-none-eabi/14.3.1/../../../../arm-none-eabi/lib/thumb/v7e-m/nofp/libc_nano.a(libc_a-findfp.o)
                              /home/abdallah-shehawey/.eclipse/com.st.stm32cube.ide.mcu.rcp.product_2.0.0_1934254364_linux_gtk_x86_64/plugins/com.st.stm32cube.ide.mcu.externaltools.gnu-tools-for-stm32.14.3.rel1.linux64_1.0.100.202602081740/tools/bin/../lib/gcc/arm-none-eabi/14.3.1/../../../../arm-none-eabi/lib/thumb/v7e-m/nofp/libc_nano.a(libc_a-exit.o) (__stdio_exit_handler)
/home/abdallah-shehawey/.eclipse/com.st.stm32cube.ide.mcu.rcp.product_2.0.0_1934254364_linux_gtk_x86_64/plugins/com.st.stm32cube.ide.mcu.externaltools.gnu-tools-for-stm32.14.3.rel1.linux64_1.0.100.202602081740/tools/bin/../lib/gcc/arm-none-eabi/14.3.1/../../../../arm-none-eabi/lib/thumb/v7e-m/nofp/libc_nano.a(libc_a-fwalk.o)
                              /home/abdallah-shehawey/.eclipse/com.st.stm32cube.ide.mcu.rcp.product_2.0.0_1934254364_linux_gtk_x86_64/plugins/com.st.stm32cube.ide.mcu.externaltools.gnu-tools-for-stm32.14.3.rel1.linux64_1.0.100.202602081740/tools/bin/../lib/gcc/arm-none-eabi/14.3.1/../../../../arm-none-eabi/lib/thumb/v7e-m/nofp/libc_nano.a(libc_a-findfp.o) (_fwalk_sglue)
/home/abdallah-shehawey/.eclipse/com.st.stm32cube.ide.mcu.rcp.product_2.0.0_1934254364_linux_gtk_x86_64/plugins/com.st.stm32cube.ide.mcu.externaltools.gnu-tools-for-stm32.14.3.rel1.linux64_1.0.100.202602081740/tools/bin/../lib/gcc/arm-none-eabi/14.3.1/../../../../arm-none-eabi/lib/thumb/v7e-m/nofp/libc_nano.a(libc_a-stdio.o)
                              /home/abdallah-shehawey/.eclipse/com.st.stm32cube.ide.mcu.rcp.product_2.0.0_1934254364_linux_gtk_x86_64/plugins/com.st.stm32cube.ide.mcu.externaltools.gnu-tools-for-stm32.14.3.rel1.linux64_1.0.100.202602081740/tools/bin/../lib/gcc/arm-none-eabi/14.3.1/../../../../arm-none-eabi/lib/thumb/v7e-m/nofp/libc_nano.a(libc_a-findfp.o) (__sread)
/home/abdallah-shehawey/.eclipse/com.st.stm32cube.ide.mcu.rcp.product_2.0.0_1934254364_linux_gtk_x86_64/plugins/com.st.stm32cube.ide.mcu.externaltools.gnu-tools-for-stm32.14.3.rel1.linux64_1.0.100.202602081740/tools/bin/../lib/gcc/arm-none-eabi/14.3.1/../../../../arm-none-eabi/lib/thumb/v7e-m/nofp/libc_nano.a(libc_a-memset.o)
                              /home/abdallah-shehawey/.eclipse/com.st.stm32cube.ide.mcu.rcp.product_2.0.0_1934254364_linux_gtk_x86_64/plugins/com.st.stm32cube.ide.mcu.externaltools.gnu-tools-for-stm32.14.3.rel1.linux64_1.0.100.202602081740/tools/bin/../lib/gcc/arm-none-eabi/14.3.1/../../../../arm-none-eabi/lib/thumb/v7e-m/nofp/crt0.o (memset)
/home/abdallah-shehawey/.eclipse/com.st.stm32cube.ide.mcu.rcp.product_2.0.0_1934254364_linux_gtk_x86_64/plugins/com.st.stm32cube.ide.mcu.externaltools.gnu-tools-for-stm32.14.3.rel1.linux64_1.0.100.202602081740/tools/bin/../lib/gcc/arm-none-eabi/14.3.1/../../../../arm-none-eabi/lib/thumb/v7e-m/nofp/libc_nano.a(libc_a-closer.o)
                              /home/abdallah-shehawey/.eclipse/com.st.stm32cube.ide.mcu.rcp.product_2.0.0_1934254364_linux_gtk_x86_64/plugins/com.st.stm32cube.ide.mcu.externaltools.gnu-tools-for-stm32.14.3.rel1.linux64_1.0.100.202602081740/tools/bin/../lib/gcc/arm-none-eabi/14.3.1/../../../../arm-none-eabi/lib/thumb/v7e-m/nofp/libc_nano.a(libc_a-stdio.o) (_close_r)
/home/abdallah-shehawey/.eclipse/com.st.stm32cube.ide.mcu.rcp.product_2.0.0_1934254364_linux_gtk_x86_64/plugins/com.st.stm32cube.ide.mcu.externaltools.gnu-tools-for-stm32.14.3.rel1.linux64_1.0.100.202602081740/tools/bin/../lib/gcc/arm-none-eabi/14.3.1/../../../../arm-none-eabi/lib/thumb/v7e-m/nofp/libc_nano.a(libc_a-reent.o)
                              /home/abdallah-shehawey/.eclipse/com.st.stm32cube.ide.mcu.rcp.product_2.0.0_1934254364_linux_gtk_x86_64/plugins/com.st.stm32cube.ide.mcu.externaltools.gnu-tools-for-stm32.14.3.rel1.linux64_1.0.100.202602081740/tools/bin/../lib/gcc/arm-none-eabi/14.3.1/../../../../arm-none-eabi/lib/thumb/v7e-m/nofp/libc_nano.a(libc_a-closer.o) (errno)
[...]
Memory Configuration

Name             Origin             Length             Attributes
RAM              0x20000000         0x00020000         xrw
FLASH            0x08000000         0x00080000         xr
*default*        0x00000000         0xffffffff

Linker script and memory map

LOAD /home/abdallah-shehawey/.eclipse/com.st.stm32cube.ide.mcu.rcp.product_2.0.0_1934254364_linux_gtk_x86_64/plugins/com.st.stm32cube.ide.mcu.externaltools.gnu-tools-for-stm32.14.3.rel1.linux64_1.0.100.202602081740/tools/bin/../lib/gcc/arm-none-eabi/14.3.1/thumb/v7e-m/nofp/crti.o
LOAD /home/abdallah-shehawey/.eclipse/com.st.stm32cube.ide.mcu.rcp.product_2.0.0_1934254364_linux_gtk_x86_64/plugins/com.st.stm32cube.ide.mcu.externaltools.gnu-tools-for-stm32.14.3.rel1.linux64_1.0.100.202602081740/tools/bin/../lib/gcc/arm-none-eabi/14.3.1/thumb/v7e-m/nofp/crtbegin.o
LOAD /home/abdallah-shehawey/.eclipse/com.st.stm32cube.ide.mcu.rcp.product_2.0.0_1934254364_linux_gtk_x86_64/plugins/com.st.stm32cube.ide.mcu.externaltools.gnu-tools-for-stm32.14.3.rel1.linux64_1.0.100.202602081740/tools/bin/../lib/gcc/arm-none-eabi/14.3.1/../../../../arm-none-eabi/lib/thumb/v7e-m/nofp/crt0.o
LOAD ./Src/BSW_program.o
LOAD ./Src/DNPW_program.o
LOAD ./Src/DSRC.o
LOAD ./Src/EEBL_program.o
LOAD ./Src/FCW_program.o
LOAD ./Src/GPIO_prog.o
LOAD ./Src/IMA_program.o
LOAD ./Src/NVIC_program.o
LOAD ./Src/RCC_program.o
LOAD ./Src/SYSTIC_program.o
LOAD ./Src/SafetyEngine_program.o
LOAD ./Src/System.o
LOAD ./Src/USART_program.o
LOAD ./Src/main.o
LOAD ./Src/syscalls.o
LOAD ./Src/sysmem.o
LOAD ./Startup/startup_stm32f446retx.o
START GROUP
LOAD /home/abdallah-shehawey/.eclipse/com.st.stm32cube.ide.mcu.rcp.product_2.0.0_1934254364_linux_gtk_x86_64/plugins/com.st.stm32cube.ide.mcu.externaltools.gnu-tools-for-stm32.14.3.rel1.linux64_1.0.100.202602081740/tools/bin/../lib/gcc/arm-none-eabi/14.3.1/../../../../arm-none-eabi/lib/thumb/v7e-m/nofp/libc_nano.a
LOAD /home/abdallah-shehawey/.eclipse/com.st.stm32cube.ide.mcu.rcp.product_2.0.0_1934254364_linux_gtk_x86_64/plugins/com.st.stm32cube.ide.mcu.externaltools.gnu-tools-for-stm32.14.3.rel1.linux64_1.0.100.202602081740/tools/bin/../lib/gcc/arm-none-eabi/14.3.1/../../../../arm-none-eabi/lib/thumb/v7e-m/nofp/libm.a
END GROUP
START GROUP
LOAD /home/abdallah-shehawey/.eclipse/com.st.stm32cube.ide.mcu.rcp.product_2.0.0_1934254364_linux_gtk_x86_64/plugins/com.st.stm32cube.ide.mcu.externaltools.gnu-tools-for-stm32.14.3.rel1.linux64_1.0.100.202602081740/tools/bin/../lib/gcc/arm-none-eabi/14.3.1/thumb/v7e-m/nofp/libgcc.a
LOAD /home/abdallah-shehawey/.eclipse/com.st.stm32cube.ide.mcu.rcp.product_2.0.0_1934254364_linux_gtk_x86_64/plugins/com.st.stm32cube.ide.mcu.externaltools.gnu-tools-for-stm32.14.3.rel1.linux64_1.0.100.202602081740/tools/bin/../lib/gcc/arm-none-eabi/14.3.1/../../../../arm-none-eabi/lib/thumb/v7e-m/nofp/libc_nano.a
END GROUP
START GROUP
LOAD /home/abdallah-shehawey/.eclipse/com.st.stm32cube.ide.mcu.rcp.product_2.0.0_1934254364_linux_gtk_x86_64/plugins/com.st.stm32cube.ide.mcu.externaltools.gnu-tools-for-stm32.14.3.rel1.linux64_1.0.100.202602081740/tools/bin/../lib/gcc/arm-none-eabi/14.3.1/thumb/v7e-m/nofp/libgcc.a
LOAD /home/abdallah-shehawey/.eclipse/com.st.stm32cube.ide.mcu.rcp.product_2.0.0_1934254364_linux_gtk_x86_64/plugins/com.st.stm32cube.ide.mcu.externaltools.gnu-tools-for-stm32.14.3.rel1.linux64_1.0.100.202602081740/tools/bin/../lib/gcc/arm-none-eabi/14.3.1/../../../../arm-none-eabi/lib/thumb/v7e-m/nofp/libc_nano.a
LOAD /home/abdallah-shehawey/.eclipse/com.st.stm32cube.ide.mcu.rcp.product_2.0.0_1934254364_linux_gtk_x86_64/plugins/com.st.stm32cube.ide.mcu.externaltools.gnu-tools-for-stm32.14.3.rel1.linux64_1.0.100.202602081740/tools/bin/../lib/gcc/arm-none-eabi/14.3.1/../../../../arm-none-eabi/lib/thumb/v7e-m/nofp/libnosys.a
END GROUP
START GROUP
LOAD /home/abdallah-shehawey/.eclipse/com.st.stm32cube.ide.mcu.rcp.product_2.0.0_1934254364_linux_gtk_x86_64/plugins/com.st.stm32cube.ide.mcu.externaltools.gnu-tools-for-stm32.14.3.rel1.linux64_1.0.100.202602081740/tools/bin/../lib/gcc/arm-none-eabi/14.3.1/thumb/v7e-m/nofp/libgcc.a
LOAD /home/abdallah-shehawey/.eclipse/com.st.stm32cube.ide.mcu.rcp.product_2.0.0_1934254364_linux_gtk_x86_64/plugins/com.st.stm32cube.ide.mcu.externaltools.gnu-tools-for-stm32.14.3.rel1.linux64_1.0.100.202602081740/tools/bin/../lib/gcc/arm-none-eabi/14.3.1/../../../../arm-none-eabi/lib/thumb/v7e-m/nofp/libc_nano.a
LOAD /home/abdallah-shehawey/.eclipse/com.st.stm32cube.ide.mcu.rcp.product_2.0.0_1934254364_linux_gtk_x86_64/plugins/com.st.stm32cube.ide.mcu.externaltools.gnu-tools-for-stm32.14.3.rel1.linux64_1.0.100.202602081740/tools/bin/../lib/gcc/arm-none-eabi/14.3.1/../../../../arm-none-eabi/lib/thumb/v7e-m/nofp/libnosys.a
END GROUP
LOAD /home/abdallah-shehawey/.eclipse/com.st.stm32cube.ide.mcu.rcp.product_2.0.0_1934254364_linux_gtk_x86_64/plugins/com.st.stm32cube.ide.mcu.externaltools.gnu-tools-for-stm32.14.3.rel1.linux64_1.0.100.202602081740/tools/bin/../lib/gcc/arm-none-eabi/14.3.1/thumb/v7e-m/nofp/crtend.o
LOAD /home/abdallah-shehawey/.eclipse/com.st.stm32cube.ide.mcu.rcp.product_2.0.0_1934254364_linux_gtk_x86_64/plugins/com.st.stm32cube.ide.mcu.externaltools.gnu-tools-for-stm32.14.3.rel1.linux64_1.0.100.202602081740/tools/bin/../lib/gcc/arm-none-eabi/14.3.1/thumb/v7e-m/nofp/crtn.o
                0x20020000                        _estack = (ORIGIN (RAM) + LENGTH (RAM))
                0x00000200                        _Min_Heap_Size = 0x200
                0x00000400                        _Min_Stack_Size = 0x400

.isr_vector     0x08000000      0x1c4
                0x08000000                        . = ALIGN (0x4)
 *(.isr_vector)
 .isr_vector    0x08000000      0x1c4 ./Startup/startup_stm32f446retx.o
                0x08000000                g_pfnVectors
                0x080001c4                        . = ALIGN (0x4)

.text           0x080001c8     0x3c98
                0x080001c8                        . = ALIGN (0x4)
 *(.text)
 .text          0x080001c8       0x40 /home/abdallah-shehawey/.eclipse/com.st.stm32cube.ide.mcu.rcp.product_2.0.0_1934254364_linux_gtk_x86_64/plugins/com.st.stm32cube.ide.mcu.externaltools.gnu-tools-for-stm32.14.3.rel1.linux64_1.0.100.202602081740/tools/bin/../lib/gcc/arm-none-eabi/14.3.1/thumb/v7e-m/nofp/crtbegin.o
 .text          0x08000208      0x378 /home/abdallah-shehawey/.eclipse/com.st.stm32cube.ide.mcu.rcp.product_2.0.0_1934254364_linux_gtk_x86_64/plugins/com.st.stm32cube.ide.mcu.externaltools.gnu-tools-for-stm32.14.3.rel1.linux64_1.0.100.202602081740/tools/bin/../lib/gcc/arm-none-eabi/14.3.1/thumb/v7e-m/nofp/libgcc.a(_arm_addsubdf3.o)
                0x08000208                __aeabi_drsub
                0x08000210                __aeabi_dsub
                0x08000210                __subdf3
                0x08000214                __adddf3
                0x08000214                __aeabi_dadd
                0x0800048c                __aeabi_ui2d
                0x0800048c                __floatunsidf
                0x080004ac                __floatsidf
                0x080004ac                __aeabi_i2d
                0x080004d0                __extendsfdf2
                0x080004d0                __aeabi_f2d
                0x08000514                __aeabi_ul2d
                0x08000514                __floatundidf
                0x08000524                __floatdidf
                0x08000524                __aeabi_l2d
 .text          0x08000580      0x424 /home/abdallah-shehawey/.eclipse/com.st.stm32cube.ide.mcu.rcp.product_2.0.0_1934254364_linux_gtk_x86_64/plugins/com.st.stm32cube.ide.mcu.externaltools.gnu-tools-for-stm32.14.3.rel1.linux64_1.0.100.202602081740/tools/bin/../lib/gcc/arm-none-eabi/14.3.1/thumb/v7e-m/nofp/libgcc.a(_arm_muldivdf3.o)
                0x08000580                __aeabi_dmul
                0x08000580                __muldf3
                0x080007d4                __aeabi_ddiv
                0x080007d4                __divdf3
 .text          0x080009a4       0x40 /home/abdallah-shehawey/.eclipse/com.st.stm32cube.ide.mcu.rcp.product_2.0.0_1934254364_linux_gtk_x86_64/plugins/com.st.stm32cube.ide.mcu.externaltools.gnu-tools-for-stm32.14.3.rel1.linux64_1.0.100.202602081740/tools/bin/../lib/gcc/arm-none-eabi/14.3.1/thumb/v7e-m/nofp/libgcc.a(_arm_fixunsdfsi.o)
                0x080009a4                __fixunsdfsi
                0x080009a4                __aeabi_d2uiz
 .text          0x080009e4      0x21c /home/abdallah-shehawey/.eclipse/com.st.stm32cube.ide.mcu.rcp.product_2.0.0_1934254364_linux_gtk_x86_64/plugins/com.st.stm32cube.ide.mcu.externaltools.gnu-tools-for-stm32.14.3.rel1.linux64_1.0.100.202602081740/tools/bin/../lib/gcc/arm-none-eabi/14.3.1/thumb/v7e-m/nofp/libgcc.a(_arm_addsubsf3.o)
                0x080009e4                __aeabi_frsub
                0x080009ec                __subsf3
                0x080009ec                __aeabi_fsub
                0x080009f0                __aeabi_fadd
                0x080009f0                __addsf3
                0x08000b50                __aeabi_ui2f
                0x08000b50                __floatunsisf
                0x08000b58                __aeabi_i2f
                0x08000b58                __floatsisf
                0x08000b74                __floatundisf
                0x08000b74                __aeabi_ul2f
                0x08000b84                __floatdisf
                0x08000b84                __aeabi_l2f
 .text          0x08000c00      0x2a0 /home/abdallah-shehawey/.eclipse/com.st.stm32cube.ide.mcu.rcp.product_2.0.0_1934254364_linux_gtk_x86_64/plugins/com.st.stm32cube.ide.mcu.externaltools.gnu-tools-for-stm32.14.3.rel1.linux64_1.0.100.202602081740/tools/bin/../lib/gcc/arm-none-eabi/14.3.1/thumb/v7e-m/nofp/libgcc.a(_arm_muldivsf3.o)
                0x08000c00                __mulsf3
                0x08000c00                __aeabi_fmul
                0x08000d68                __divsf3
                0x08000d68                __aeabi_fdiv
 .text          0x08000ea0       0xec /home/abdallah-shehawey/.eclipse/com.st.stm32cube.ide.mcu.rcp.product_2.0.0_1934254364_linux_gtk_x86_64/plugins/com.st.stm32cube.ide.mcu.externaltools.gnu-tools-for-stm32.14.3.rel1.linux64_1.0.100.202602081740/tools/bin/../lib/gcc/arm-none-eabi/14.3.1/thumb/v7e-m/nofp/libgcc.a(_arm_cmpsf2.o)
                0x08000ea0                __gtsf2
                0x08000ea0                __gesf2
                0x08000ea8                __lesf2
                0x08000ea8                __ltsf2
                0x08000eb0                __nesf2
                0x08000eb0                __eqsf2
                0x08000eb0                __cmpsf2
                0x08000f10                __aeabi_cfrcmple
                0x08000f18                __aeabi_cfcmple
                0x08000f18                __aeabi_cfcmpeq
                0x08000f28                __aeabi_fcmpeq
                0x08000f3c                __aeabi_fcmplt
                0x08000f50                __aeabi_fcmple
                0x08000f64                __aeabi_fcmpge
                0x08000f78                __aeabi_fcmpgt
 .text          0x08000f8c       0x2c /home/abdallah-shehawey/.eclipse/com.st.stm32cube.ide.mcu.rcp.product_2.0.0_1934254364_linux_gtk_x86_64/plugins/com.st.stm32cube.ide.mcu.externaltools.gnu-tools-for-stm32.14.3.rel1.linux64_1.0.100.202602081740/tools/bin/../lib/gcc/arm-none-eabi/14.3.1/thumb/v7e-m/nofp/libgcc.a(_arm_unordsf2.o)
                0x08000f8c                __aeabi_fcmpun
                0x08000f8c                __unordsf2
 .text          0x08000fb8       0x4c /home/abdallah-shehawey/.eclipse/com.st.stm32cube.ide.mcu.rcp.product_2.0.0_1934254364_linux_gtk_x86_64/plugins/com.st.stm32cube.ide.mcu.externaltools.gnu-tools-for-stm32.14.3.rel1.linux64_1.0.100.202602081740/tools/bin/../lib/gcc/arm-none-eabi/14.3.1/thumb/v7e-m/nofp/libgcc.a(_arm_fixsfsi.o)
                0x08000fb8                __fixsfsi
                0x08000fb8                __aeabi_f2iz
 *(.text*)
 .text.BSW_voidInit
                0x08001004       0x20 ./Src/BSW_program.o
                0x08001004                BSW_voidInit
 .text.BSW_voidBeginCycle
                0x08001024       0x34 ./Src/BSW_program.o
                0x08001024                BSW_voidBeginCycle
 .text.BSW_voidProcessNeighbor
                0x08001058       0x28 ./Src/BSW_program.o
                0x08001058                BSW_voidProcessNeighbor
 .text.BSW_voidEndCycle
                0x08001080       0xb4 ./Src/BSW_program.o
                0x08001080                BSW_voidEndCycle
 .text.BSW_ActivateAlert
                0x08001134       0x14 ./Src/BSW_program.o
 .text.BSW_DeactivateAlert
                0x08001148       0x14 ./Src/BSW_program.o
 .text.DNPW_voidInit
                0x0800115c       0x40 ./Src/DNPW_program.o
                0x0800115c                DNPW_voidInit
 .text.DNPW_voidBeginCycle
                0x0800119c       0x64 ./Src/DNPW_program.o
                0x0800119c                DNPW_voidBeginCycle
 .text.DNPW_voidProcessNeighbor
                0x08001200       0x9c ./Src/DNPW_program.o
                0x08001200                DNPW_voidProcessNeighbor
 .text.DNPW_voidEndCycle
                0x0800129c       0x50 ./Src/DNPW_program.o
                0x0800129c                DNPW_voidEndCycle
 .text.DNPW_u8GetFlag
                0x080012ec       0x14 ./Src/DNPW_program.o
                0x080012ec                DNPW_u8GetFlag
 .text.DNPW_ActivateAlert
                0x08001300       0x14 ./Src/DNPW_program.o
 .text.DNPW_DeactivateAlert
                0x08001314        0xc ./Src/DNPW_program.o
 .text.calc_checksum
                0x08001320       0x3e ./Src/DSRC.o
 *fill*         0x0800135e        0x2 
 .text.queue_push
                0x08001360       0x7c ./Src/DSRC.o
 .text.queue_pop
                0x080013dc       0x90 ./Src/DSRC.o
 .text.update_neighbor
                0x0800146c      0x110 ./Src/DSRC.o
 .text.DSRC_Init
                0x0800157c       0x40 ./Src/DSRC.o
                0x0800157c                DSRC_Init
 .text.DSRC_SendNeighbor
                0x080015bc       0x8c ./Src/DSRC.o
                0x080015bc                DSRC_SendNeighbor
 .text.DSRC_Update
                0x08001648       0x28 ./Src/DSRC.o
                0x08001648                DSRC_Update
 .text.DSRC_GetCount
                0x08001670       0x14 ./Src/DSRC.o
                0x08001670                DSRC_GetCount
 .text.DSRC_GetTable
                0x08001684       0x14 ./Src/DSRC.o
                0x08001684                DSRC_GetTable
 .text.DSRC_RxCallback
                0x08001698       0xd4 ./Src/DSRC.o
                0x08001698                DSRC_RxCallback
 .text.EEBL_voidInit
                0x0800176c       0x2c ./Src/EEBL_program.o
                0x0800176c                EEBL_voidInit
 .text.EEBL_voidBeginCycle
                0x08001798       0x5c ./Src/EEBL_program.o
                0x08001798                EEBL_voidBeginCycle
 .text.EEBL_voidProcessNeighbor
                0x080017f4       0xb4 ./Src/EEBL_program.o
                0x080017f4                EEBL_voidProcessNeighbor
 .text.EEBL_voidEndCycle
                0x080018a8       0x24 ./Src/EEBL_program.o
                0x080018a8                EEBL_voidEndCycle
 .text.EEBL_ActivateAlert
                0x080018cc       0x14 ./Src/EEBL_program.o
 .text.EEBL_DeactivateAlert
                0x080018e0        0xc ./Src/EEBL_program.o
 .text.FCW_voidInit
                0x080018ec       0x2c ./Src/FCW_program.o
                0x080018ec                FCW_voidInit
 .text.FCW_voidBeginCycle
                0x08001918       0x20 ./Src/FCW_program.o
                0x08001918                FCW_voidBeginCycle
 .text.FCW_voidProcessNeighbor
                0x08001938       0xe0 ./Src/FCW_program.o
                0x08001938                FCW_voidProcessNeighbor
 .text.FCW_voidEndCycle
                0x08001a18       0x34 ./Src/FCW_program.o
                0x08001a18                FCW_voidEndCycle
 .text.FCW_u8GetFlag
                0x08001a4c       0x14 ./Src/FCW_program.o
                0x08001a4c                FCW_u8GetFlag
 .text.FCW_ActivateAlert
                0x08001a60       0x14 ./Src/FCW_program.o
 .text.FCW_DeactivateAlert
                0x08001a74        0xc ./Src/FCW_program.o
 .text.GPIO_enumPinInit
                0x08001a80      0x2ac ./Src/GPIO_prog.o
                0x08001a80                GPIO_enumPinInit
 .text.IMA_voidInit
                0x08001d2c       0x34 ./Src/IMA_program.o
                0x08001d2c                IMA_voidInit
 .text.IMA_voidBeginCycle
                0x08001d60       0x2c ./Src/IMA_program.o
                0x08001d60                IMA_voidBeginCycle
 .text.IMA_voidProcessNeighbor
                0x08001d8c      0x134 ./Src/IMA_program.o
                0x08001d8c                IMA_voidProcessNeighbor
 .text.IMA_voidEndCycle
                0x08001ec0       0x50 ./Src/IMA_program.o
                0x08001ec0                IMA_voidEndCycle
 .text.IMA_u8GetFlag
                0x08001f10       0x14 ./Src/IMA_program.o
                0x08001f10                IMA_u8GetFlag
 .text.IMA_ActivateAlert
                0x08001f24       0x14 ./Src/IMA_program.o
 .text.IMA_DeactivateAlert
                0x08001f38        0xc ./Src/IMA_program.o
 .text.NVIC_vEnableIRQ
                0x08001f44       0x44 ./Src/NVIC_program.o
                0x08001f44                NVIC_vEnableIRQ
 .text.RCC_enumAHPPerSts
                0x08001f88      0x110 ./Src/RCC_program.o
                0x08001f88                RCC_enumAHPPerSts
 .text.RCC_enumABPPerSts
                0x08002098       0xcc ./Src/RCC_program.o
                0x08002098                RCC_enumABPPerSts
 .text.SYSTIC_vInit
                0x08002164       0x28 ./Src/SYSTIC_program.o
                0x08002164                SYSTIC_vInit
 .text.SYSTIC_vDisable
                0x0800218c       0x1c ./Src/SYSTIC_program.o
 .text.SYSTIC_vEnable
                0x080021a8       0x1c ./Src/SYSTIC_program.o
 .text.SYSTIC_vWait
                0x080021c4       0x20 ./Src/SYSTIC_program.o
 *fill*         0x080021e4        0x4 
 .text.SYSTIC_vDelayMs
                0x080021e8       0xbc ./Src/SYSTIC_program.o
                0x080021e8                SYSTIC_vDelayMs
 .text.SafetyEngine_voidInit
                0x080022a4       0x1c ./Src/SafetyEngine_program.o
                0x080022a4                SafetyEngine_voidInit
 .text.SafetyEngine_voidUpdate
                0x080022c0      0x150 ./Src/SafetyEngine_program.o
                0x080022c0                SafetyEngine_voidUpdate
 .text.CalcHeadingDiff
                0x08002410       0x78 ./Src/SafetyEngine_program.o
 .text.SafetyEngine_DetectDirection
                0x08002488       0x74 ./Src/SafetyEngine_program.o
                0x08002488                SafetyEngine_DetectDirection
 .text.SafetyEngine_CalcTTC
                0x080024fc       0x34 ./Src/SafetyEngine_program.o
                0x080024fc                SafetyEngine_CalcTTC
 .text.SafetyEngine_EvaluateRisk
                0x08002530       0x4e ./Src/SafetyEngine_program.o
                0x08002530                SafetyEngine_EvaluateRisk
 *fill*         0x0800257e        0x2 
 .text.System_Init
                0x08002580       0x48 ./Src/System.o
                0x08002580                System_Init
 .text.USART_RXCMP
                0x080025c8       0x24 ./Src/System.o
                0x080025c8                USART_RXCMP
 *fill*         0x080025ec        0x4 
 .text.USART_InitIT
                0x080025f0      0x4ec ./Src/USART_program.o
                0x080025f0                USART_InitIT
 .text.USART_enumTransmit
                0x08002adc       0x90 ./Src/USART_program.o
                0x08002adc                USART_enumTransmit
 .text.USART_enumReceive
                0x08002b6c       0xb4 ./Src/USART_program.o
                0x08002b6c                USART_enumReceive
 .text.USART1_IRQHandler
                0x08002c20       0x1c ./Src/USART_program.o
                0x08002c20                USART1_IRQHandler
 .text.USART2_IRQHandler
                0x08002c3c       0x1c ./Src/USART_program.o
                0x08002c3c                USART2_IRQHandler
 .text.USART3_IRQHandler
                0x08002c58       0x1c ./Src/USART_program.o
                0x08002c58                USART3_IRQHandler
 .text.USART6_IRQHandler
                0x08002c74       0x1c ./Src/USART_program.o
                0x08002c74                USART6_IRQHandler
 .text.simulate_self
                0x08002c90       0xa4 ./Src/main.o
                0x08002c90                simulate_self
 .text.main     0x08002d34       0x58 ./Src/main.o
                0x08002d34                main
 .text.Reset_Handler
                0x08002d8c       0x50 ./Startup/startup_stm32f446retx.o
                0x08002d8c                Reset_Handler
 .text.Default_Handler
                0x08002ddc        0x2 ./Startup/startup_stm32f446retx.o
                0x08002ddc                RTC_Alarm_IRQHandler
                0x08002ddc                EXTI2_IRQHandler
                0x08002ddc                TIM8_CC_IRQHandler
                0x08002ddc                SPDIF_Rx_IRQHandler
                0x08002ddc                DebugMon_Handler
                0x08002ddc                SPI4_IRQHandler
                0x08002ddc                TIM1_CC_IRQHandler
                0x08002ddc                QuadSPI_IRQHandler
                0x08002ddc                DMA2_Stream5_IRQHandler
                0x08002ddc                HardFault_Handler
                0x08002ddc                DMA1_Stream5_IRQHandler
                0x08002ddc                SysTick_Handler
                0x08002ddc                PVD_IRQHandler
                0x08002ddc                SDIO_IRQHandler
                0x08002ddc                TAMP_STAMP_IRQHandler
                0x08002ddc                PendSV_Handler
                0x08002ddc                NMI_Handler
                0x08002ddc                CAN2_RX1_IRQHandler
                0x08002ddc                EXTI3_IRQHandler
                0x08002ddc                TIM8_TRG_COM_TIM14_IRQHandler
                0x08002ddc                TIM1_UP_TIM10_IRQHandler
                0x08002ddc                FMPI2C1_error_IRQHandler
                0x08002ddc                TIM8_UP_TIM13_IRQHandler
                0x08002ddc                I2C3_ER_IRQHandler
                0x08002ddc                EXTI0_IRQHandler
                0x08002ddc                I2C2_EV_IRQHandler
                0x08002ddc                DMA1_Stream2_IRQHandler
                0x08002ddc                CAN1_RX0_IRQHandler
                0x08002ddc                OTG_HS_WKUP_IRQHandler
                0x08002ddc                UsageFault_Handler
                0x08002ddc                CAN2_SCE_IRQHandler
                0x08002ddc                DMA2_Stream2_IRQHandler
                0x08002ddc                SPI1_IRQHandler
                0x08002ddc                TIM6_DAC_IRQHandler
                0x08002ddc                TIM1_BRK_TIM9_IRQHandler
                0x08002ddc                DCMI_IRQHandler
                0x08002ddc                CAN2_RX0_IRQHandler
                0x08002ddc                DMA2_Stream3_IRQHandler
                0x08002ddc                FMPI2C1_IRQHandler
                0x08002ddc                SAI2_IRQHandler
                0x08002ddc                CAN1_RX1_IRQHandler
                0x08002ddc                UART5_IRQHandler
                0x08002ddc                DMA2_Stream0_IRQHandler
                0x08002ddc                TIM4_IRQHandler
                0x08002ddc                I2C1_EV_IRQHandler
                0x08002ddc                HDMI_CEC_IRQHandler
                0x08002ddc                DMA1_Stream6_IRQHandler
                0x08002ddc                DMA1_Stream1_IRQHandler
                0x08002ddc                UART4_IRQHandler
                0x08002ddc                TIM3_IRQHandler
                0x08002ddc                RCC_IRQHandler
                0x08002ddc                TIM8_BRK_TIM12_IRQHandler
                0x08002ddc                Default_Handler
                0x08002ddc                EXTI15_10_IRQHandler
                0x08002ddc                ADC_IRQHandler
                0x08002ddc                DMA1_Stream7_IRQHandler
                0x08002ddc                TIM7_IRQHandler
                0x08002ddc                CAN2_TX_IRQHandler
                0x08002ddc                TIM5_IRQHandler
                0x08002ddc                DMA2_Stream7_IRQHandler
                0x08002ddc                I2C3_EV_IRQHandler
                0x08002ddc                EXTI9_5_IRQHandler
                0x08002ddc                RTC_WKUP_IRQHandler
                0x08002ddc                SPI2_IRQHandler
                0x08002ddc                OTG_HS_EP1_IN_IRQHandler
                0x08002ddc                MemManage_Handler
                0x08002ddc                DMA1_Stream0_IRQHandler
                0x08002ddc                CAN1_TX_IRQHandler
                0x08002ddc                SVC_Handler
                0x08002ddc                EXTI4_IRQHandler
                0x08002ddc                OTG_HS_EP1_OUT_IRQHandler
                0x08002ddc                WWDG_IRQHandler
                0x08002ddc                TIM2_IRQHandler
                0x08002ddc                OTG_FS_WKUP_IRQHandler
                0x08002ddc                TIM1_TRG_COM_TIM11_IRQHandler
                0x08002ddc                OTG_HS_IRQHandler
                0x08002ddc                EXTI1_IRQHandler
                0x08002ddc                I2C2_ER_IRQHandler
                0x08002ddc                DMA2_Stream1_IRQHandler
                0x08002ddc                CAN1_SCE_IRQHandler
                0x08002ddc                FLASH_IRQHandler
                0x08002ddc                DMA2_Stream4_IRQHandler
                0x08002ddc                BusFault_Handler
                0x08002ddc                OTG_FS_IRQHandler
                0x08002ddc                SPI3_IRQHandler
                0x08002ddc                DMA1_Stream4_IRQHandler
                0x08002ddc                I2C1_ER_IRQHandler
                0x08002ddc                FMC_IRQHandler
                0x08002ddc                DMA2_Stream6_IRQHandler
                0x08002ddc                SAI1_IRQHandler
                0x08002ddc                DMA1_Stream3_IRQHandler
 .text.memset   0x08002dde       0x10 /home/abdallah-shehawey/.eclipse/com.st.stm32cube.ide.mcu.rcp.product_2.0.0_1934254364_linux_gtk_x86_64/plugins/com.st.stm32cube.ide.mcu.externaltools.gnu-tools-for-stm32.14.3.rel1.linux64_1.0.100.202602081740/tools/bin/../lib/gcc/arm-none-eabi/14.3.1/../../../../arm-none-eabi/lib/thumb/v7e-m/nofp/libc_nano.a(libc_a-memset.o)
                0x08002dde                memset
 *fill*         0x08002dee        0x2 
 .text.__errno  0x08002df0        0xc /home/abdallah-shehawey/.eclipse/com.st.stm32cube.ide.mcu.rcp.product_2.0.0_1934254364_linux_gtk_x86_64/plugins/com.st.stm32cube.ide.mcu.externaltools.gnu-tools-for-stm32.14.3.rel1.linux64_1.0.100.202602081740/tools/bin/../lib/gcc/arm-none-eabi/14.3.1/../../../../arm-none-eabi/lib/thumb/v7e-m/nofp/libc_nano.a(libc_a-errno.o)
                0x08002df0                __errno
 .text.__libc_init_array
                0x08002dfc       0x48 /home/abdallah-shehawey/.eclipse/com.st.stm32cube.ide.mcu.rcp.product_2.0.0_1934254364_linux_gtk_x86_64/plugins/com.st.stm32cube.ide.mcu.externaltools.gnu-tools-for-stm32.14.3.rel1.linux64_1.0.100.202602081740/tools/bin/../lib/gcc/arm-none-eabi/14.3.1/../../../../arm-none-eabi/lib/thumb/v7e-m/nofp/libc_nano.a(libc_a-init.o)
                0x08002dfc                __libc_init_array
 .text.fmodf    0x08002e44       0x3c /home/abdallah-shehawey/.eclipse/com.st.stm32cube.ide.mcu.rcp.product_2.0.0_1934254364_linux_gtk_x86_64/plugins/com.st.stm32cube.ide.mcu.externaltools.gnu-tools-for-stm32.14.3.rel1.linux64_1.0.100.202602081740/tools/bin/../lib/gcc/arm-none-eabi/14.3.1/../../../../arm-none-eabi/lib/thumb/v7e-m/nofp/libm.a(libm_a-wf_fmod.o)
                0x08002e44                fmodf
 .text.sinf     0x08002e80       0x68 /home/abdallah-shehawey/.eclipse/com.st.stm32cube.ide.mcu.rcp.product_2.0.0_1934254364_linux_gtk_x86_64/plugins/com.st.stm32cube.ide.mcu.externaltools.gnu-tools-for-stm32.14.3.rel1.linux64_1.0.100.202602081740/tools/bin/../lib/gcc/arm-none-eabi/14.3.1/../../../../arm-none-eabi/lib/thumb/v7e-m/nofp/libm.a(libm_a-sf_sin.o)
                0x08002e80                sinf
 .text.__kernel_cosf
                0x08002ee8      0x188 /home/abdallah-shehawey/.eclipse/com.st.stm32cube.ide.mcu.rcp.product_2.0.0_1934254364_linux_gtk_x86_64/plugins/com.st.stm32cube.ide.mcu.externaltools.gnu-tools-for-stm32.14.3.rel1.linux64_1.0.100.202602081740/tools/bin/../lib/gcc/arm-none-eabi/14.3.1/../../../../arm-none-eabi/lib/thumb/v7e-m/nofp/libm.a(libm_a-kf_cos.o)
                0x08002ee8                __kernel_cosf
 .text.__kernel_sinf
                0x08003070       0xec /home/abdallah-shehawey/.eclipse/com.st.stm32cube.ide.mcu.rcp.product_2.0.0_1934254364_linux_gtk_x86_64/plugins/com.st.stm32cube.ide.mcu.externaltools.gnu-tools-for-stm32.14.3.rel1.linux64_1.0.100.202602081740/tools/bin/../lib/gcc/arm-none-eabi/14.3.1/../../../../arm-none-eabi/lib/thumb/v7e-m/nofp/libm.a(libm_a-kf_sin.o)
                0x08003070                __kernel_sinf
 .text.__ieee754_fmodf
                0x0800315c      0x168 /home/abdallah-shehawey/.eclipse/com.st.stm32cube.ide.mcu.rcp.product_2.0.0_1934254364_linux_gtk_x86_64/plugins/com.st.stm32cube.ide.mcu.externaltools.gnu-tools-for-stm32.14.3.rel1.linux64_1.0.100.202602081740/tools/bin/../lib/gcc/arm-none-eabi/14.3.1/../../../../arm-none-eabi/lib/thumb/v7e-m/nofp/libm.a(libm_a-ef_fmod.o)
                0x0800315c                __ieee754_fmodf
 .text.__ieee754_rem_pio2f
                0x080032c4      0x2dc /home/abdallah-shehawey/.eclipse/com.st.stm32cube.ide.mcu.rcp.product_2.0.0_1934254364_linux_gtk_x86_64/plugins/com.st.stm32cube.ide.mcu.externaltools.gnu-tools-for-stm32.14.3.rel1.linux64_1.0.100.202602081740/tools/bin/../lib/gcc/arm-none-eabi/14.3.1/../../../../arm-none-eabi/lib/thumb/v7e-m/nofp/libm.a(libm_a-ef_rem_pio2.o)
                0x080032c4                __ieee754_rem_pio2f
 .text.fabsf    0x080035a0        0x8 /home/abdallah-shehawey/.eclipse/com.st.stm32cube.ide.mcu.rcp.product_2.0.0_1934254364_linux_gtk_x86_64/plugins/com.st.stm32cube.ide.mcu.externaltools.gnu-tools-for-stm32.14.3.rel1.linux64_1.0.100.202602081740/tools/bin/../lib/gcc/arm-none-eabi/14.3.1/../../../../arm-none-eabi/lib/thumb/v7e-m/nofp/libm.a(libm_a-sf_fabs.o)
                0x080035a0                fabsf
 .text.__kernel_rem_pio2f
                0x080035a8      0x764 /home/abdallah-shehawey/.eclipse/com.st.stm32cube.ide.mcu.rcp.product_2.0.0_1934254364_linux_gtk_x86_64/plugins/com.st.stm32cube.ide.mcu.externaltools.gnu-tools-for-stm32.14.3.rel1.linux64_1.0.100.202602081740/tools/bin/../lib/gcc/arm-none-eabi/14.3.1/../../../../arm-none-eabi/lib/thumb/v7e-m/nofp/libm.a(libm_a-kf_rem_pio2.o)
                0x080035a8                __kernel_rem_pio2f
 .text.scalbnf  0x08003d0c       0xb0 /home/abdallah-shehawey/.eclipse/com.st.stm32cube.ide.mcu.rcp.product_2.0.0_1934254364_linux_gtk_x86_64/plugins/com.st.stm32cube.ide.mcu.externaltools.gnu-tools-for-stm32.14.3.rel1.linux64_1.0.100.202602081740/tools/bin/../lib/gcc/arm-none-eabi/14.3.1/../../../../arm-none-eabi/lib/thumb/v7e-m/nofp/libm.a(libm_a-sf_scalbn.o)
                0x08003d0c                scalbnf
 .text.floorf   0x08003dbc       0x8c /home/abdallah-shehawey/.eclipse/com.st.stm32cube.ide.mcu.rcp.product_2.0.0_1934254364_linux_gtk_x86_64/plugins/com.st.stm32cube.ide.mcu.externaltools.gnu-tools-for-stm32.14.3.rel1.linux64_1.0.100.202602081740/tools/bin/../lib/gcc/arm-none-eabi/14.3.1/../../../../arm-none-eabi/lib/thumb/v7e-m/nofp/libm.a(libm_a-sf_floor.o)
                0x08003dbc                floorf
 *(.glue_7)
 .glue_7        0x08003e48        0x0 linker stubs
 *(.glue_7t)
 .glue_7t       0x08003e48        0x0 linker stubs
 *(.eh_frame)
 .eh_frame      0x08003e48        0x0 /home/abdallah-shehawey/.eclipse/com.st.stm32cube.ide.mcu.rcp.product_2.0.0_1934254364_linux_gtk_x86_64/plugins/com.st.stm32cube.ide.mcu.externaltools.gnu-tools-for-stm32.14.3.rel1.linux64_1.0.100.202602081740/tools/bin/../lib/gcc/arm-none-eabi/14.3.1/thumb/v7e-m/nofp/crtbegin.o
 *(.init)
 .init          0x08003e48        0x4 /home/abdallah-shehawey/.eclipse/com.st.stm32cube.ide.mcu.rcp.product_2.0.0_1934254364_linux_gtk_x86_64/plugins/com.st.stm32cube.ide.mcu.externaltools.gnu-tools-for-stm32.14.3.rel1.linux64_1.0.100.202602081740/tools/bin/../lib/gcc/arm-none-eabi/14.3.1/thumb/v7e-m/nofp/crti.o
                0x08003e48                _init
 .init          0x08003e4c        0x8 /home/abdallah-shehawey/.eclipse/com.st.stm32cube.ide.mcu.rcp.product_2.0.0_1934254364_linux_gtk_x86_64/plugins/com.st.stm32cube.ide.mcu.externaltools.gnu-tools-for-stm32.14.3.rel1.linux64_1.0.100.202602081740/tools/bin/../lib/gcc/arm-none-eabi/14.3.1/thumb/v7e-m/nofp/crtn.o
 *(.fini)
 .fini          0x08003e54        0x4 /home/abdallah-shehawey/.eclipse/com.st.stm32cube.ide.mcu.rcp.product_2.0.0_1934254364_linux_gtk_x86_64/plugins/com.st.stm32cube.ide.mcu.externaltools.gnu-tools-for-stm32.14.3.rel1.linux64_1.0.100.202602081740/tools/bin/../lib/gcc/arm-none-eabi/14.3.1/thumb/v7e-m/nofp/crti.o
                0x08003e54                _fini
 .fini          0x08003e58        0x8 /home/abdallah-shehawey/.eclipse/com.st.stm32cube.ide.mcu.rcp.product_2.0.0_1934254364_linux_gtk_x86_64/plugins/com.st.stm32cube.ide.mcu.externaltools.gnu-tools-for-stm32.14.3.rel1.linux64_1.0.100.202602081740/tools/bin/../lib/gcc/arm-none-eabi/14.3.1/thumb/v7e-m/nofp/crtn.o
                0x08003e60                        . = ALIGN (0x4)
                0x08003e60                        _etext = .

.vfp11_veneer   0x08003e60        0x0
 .vfp11_veneer  0x08003e60        0x0 linker stubs

.v4_bx          0x08003e60        0x0
 .v4_bx         0x08003e60        0x0 linker stubs

.iplt           0x08003e60        0x0
 .iplt          0x08003e60        0x0 /home/abdallah-shehawey/.eclipse/com.st.stm32cube.ide.mcu.rcp.product_2.0.0_1934254364_linux_gtk_x86_64/plugins/com.st.stm32cube.ide.mcu.externaltools.gnu-tools-for-stm32.14.3.rel1.linux64_1.0.100.202602081740/tools/bin/../lib/gcc/arm-none-eabi/14.3.1/thumb/v7e-m/nofp/crtbegin.o

.rodata         0x08003e60      0x3d8
                0x08003e60                        . = ALIGN (0x4)
 *(.rodata)
 *(.rodata*)
 .rodata.Zero   0x08003e60        0x8 /home/abdallah-shehawey/.eclipse/com.st.stm32cube.ide.mcu.rcp.product_2.0.0_1934254364_linux_gtk_x86_64/plugins/com.st.stm32cube.ide.mcu.externaltools.gnu-tools-for-stm32.14.3.rel1.linux64_1.0.100.202602081740/tools/bin/../lib/gcc/arm-none-eabi/14.3.1/../../../../arm-none-eabi/lib/thumb/v7e-m/nofp/libm.a(libm_a-ef_fmod.o)
 .rodata.npio2_hw
                0x08003e68       0x80 /home/abdallah-shehawey/.eclipse/com.st.stm32cube.ide.mcu.rcp.product_2.0.0_1934254364_linux_gtk_x86_64/plugins/com.st.stm32cube.ide.mcu.externaltools.gnu-tools-for-stm32.14.3.rel1.linux64_1.0.100.202602081740/tools/bin/../lib/gcc/arm-none-eabi/14.3.1/../../../../arm-none-eabi/lib/thumb/v7e-m/nofp/libm.a(libm_a-ef_rem_pio2.o)
 .rodata.two_over_pi
                0x08003ee8      0x318 /home/abdallah-shehawey/.eclipse/com.st.stm32cube.ide.mcu.rcp.product_2.0.0_1934254364_linux_gtk_x86_64/plugins/com.st.stm32cube.ide.mcu.externaltools.gnu-tools-for-stm32.14.3.rel1.linux64_1.0.100.202602081740/tools/bin/../lib/gcc/arm-none-eabi/14.3.1/../../../../arm-none-eabi/lib/thumb/v7e-m/nofp/libm.a(libm_a-ef_rem_pio2.o)
 .rodata.PIo2   0x08004200       0x2c /home/abdallah-shehawey/.eclipse/com.st.stm32cube.ide.mcu.rcp.product_2.0.0_1934254364_linux_gtk_x86_64/plugins/com.st.stm32cube.ide.mcu.externaltools.gnu-tools-for-stm32.14.3.rel1.linux64_1.0.100.202602081740/tools/bin/../lib/gcc/arm-none-eabi/14.3.1/../../../../arm-none-eabi/lib/thumb/v7e-m/nofp/libm.a(libm_a-kf_rem_pio2.o)
 .rodata.init_jk
                0x0800422c        0xc /home/abdallah-shehawey/.eclipse/com.st.stm32cube.ide.mcu.rcp.product_2.0.0_1934254364_linux_gtk_x86_64/plugins/com.st.stm32cube.ide.mcu.externaltools.gnu-tools-for-stm32.14.3.rel1.linux64_1.0.100.202602081740/tools/bin/../lib/gcc/arm-none-eabi/14.3.1/../../../../arm-none-eabi/lib/thumb/v7e-m/nofp/libm.a(libm_a-kf_rem_pio2.o)
                0x08004238                        . = ALIGN (0x4)

.ARM.extab      0x08004238        0x0
                0x08004238                        . = ALIGN (0x4)
 *(.ARM.extab* .gnu.linkonce.armextab.*)
                0x08004238                        . = ALIGN (0x4)

.ARM            0x08004238        0x0
                0x08004238                        . = ALIGN (0x4)
                0x08004238                        __exidx_start = .
 *(.ARM.exidx*)
                0x08004238                        __exidx_end = .
                0x08004238                        . = ALIGN (0x4)

.preinit_array  0x08004238        0x0
                0x08004238                        . = ALIGN (0x4)
                0x08004238                        PROVIDE (__preinit_array_start = .)
 *(.preinit_array*)
                0x08004238                        PROVIDE (__preinit_array_end = .)
                0x08004238                        . = ALIGN (0x4)

.init_array     0x08004238        0x4
                0x08004238                        . = ALIGN (0x4)
                0x08004238                        PROVIDE (__init_array_start = .)
 *(SORT_BY_NAME(.init_array.*))
 *(.init_array*)
 .init_array    0x08004238        0x4 /home/abdallah-shehawey/.eclipse/com.st.stm32cube.ide.mcu.rcp.product_2.0.0_1934254364_linux_gtk_x86_64/plugins/com.st.stm32cube.ide.mcu.externaltools.gnu-tools-for-stm32.14.3.rel1.linux64_1.0.100.202602081740/tools/bin/../lib/gcc/arm-none-eabi/14.3.1/thumb/v7e-m/nofp/crtbegin.o
                0x0800423c                        PROVIDE (__init_array_end = .)
                0x0800423c                        . = ALIGN (0x4)

.fini_array     0x0800423c        0x4
                0x0800423c                        . = ALIGN (0x4)
                [!provide]                        PROVIDE (__fini_array_start = .)
 *(SORT_BY_NAME(.fini_array.*))
 *(.fini_array*)
 .fini_array    0x0800423c        0x4 /home/abdallah-shehawey/.eclipse/com.st.stm32cube.ide.mcu.rcp.product_2.0.0_1934254364_linux_gtk_x86_64/plugins/com.st.stm32cube.ide.mcu.externaltools.gnu-tools-for-stm32.14.3.rel1.linux64_1.0.100.202602081740/tools/bin/../lib/gcc/arm-none-eabi/14.3.1/thumb/v7e-m/nofp/crtbegin.o
                [!provide]                        PROVIDE (__fini_array_end = .)
                0x08004240                        . = ALIGN (0x4)
                0x08004240                        _sidata = LOADADDR (.data)

.rel.dyn        0x08004240        0x0
 .rel.iplt      0x08004240        0x0 /home/abdallah-shehawey/.eclipse/com.st.stm32cube.ide.mcu.rcp.product_2.0.0_1934254364_linux_gtk_x86_64/plugins/com.st.stm32cube.ide.mcu.externaltools.gnu-tools-for-stm32.14.3.rel1.linux64_1.0.100.202602081740/tools/bin/../lib/gcc/arm-none-eabi/14.3.1/thumb/v7e-m/nofp/crtbegin.o

.data           0x20000000       0xb0 load address 0x08004240
                0x20000000                        . = ALIGN (0x4)
                0x20000000                        _sdata = .
 *(.data)
 *(.data*)
 .data.GPIO_Port
                0x20000000       0x20 ./Src/GPIO_prog.o
 .data.USART_1  0x20000020       0x18 ./Src/System.o
                0x20000020                USART_1
 .data.PA9      0x20000038        0x7 ./Src/System.o
                0x20000038                PA9
 *fill*         0x2000003f        0x1 
 .data.PA10     0x20000040        0x7 ./Src/System.o
                0x20000040                PA10
 *fill*         0x20000047        0x1 
 .data.USART_Channel
                0x20000048       0x18 ./Src/USART_program.o
 .data._impure_ptr
                0x20000060        0x4 /home/abdallah-shehawey/.eclipse/com.st.stm32cube.ide.mcu.rcp.product_2.0.0_1934254364_linux_gtk_x86_64/plugins/com.st.stm32cube.ide.mcu.externaltools.gnu-tools-for-stm32.14.3.rel1.linux64_1.0.100.202602081740/tools/bin/../lib/gcc/arm-none-eabi/14.3.1/../../../../arm-none-eabi/lib/thumb/v7e-m/nofp/libc_nano.a(libc_a-impure.o)
                0x20000060                _impure_ptr
 .data._impure_data
                0x20000064       0x4c /home/abdallah-shehawey/.eclipse/com.st.stm32cube.ide.mcu.rcp.product_2.0.0_1934254364_linux_gtk_x86_64/plugins/com.st.stm32cube.ide.mcu.externaltools.gnu-tools-for-stm32.14.3.rel1.linux64_1.0.100.202602081740/tools/bin/../lib/gcc/arm-none-eabi/14.3.1/../../../../arm-none-eabi/lib/thumb/v7e-m/nofp/libc_nano.a(libc_a-impure.o)
                0x20000064                _impure_data
 *(.RamFunc)
 *(.RamFunc*)
                0x200000b0                        . = ALIGN (0x4)
                0x200000b0                        _edata = .

.igot.plt       0x200000b0        0x0 load address 0x080042f0
 .igot.plt      0x200000b0        0x0 /home/abdallah-shehawey/.eclipse/com.st.stm32cube.ide.mcu.rcp.product_2.0.0_1934254364_linux_gtk_x86_64/plugins/com.st.stm32cube.ide.mcu.externaltools.gnu-tools-for-stm32.14.3.rel1.linux64_1.0.100.202602081740/tools/bin/../lib/gcc/arm-none-eabi/14.3.1/thumb/v7e-m/nofp/crtbegin.o
                0x200000b0                        . = ALIGN (0x4)

.bss            0x200000b0      0x530 load address 0x080042f0
                0x200000b0                        _sbss = .
                0x200000b0                        __bss_start__ = _sbss
 *(.bss)
 .bss           0x200000b0       0x1c /home/abdallah-shehawey/.eclipse/com.st.stm32cube.ide.mcu.rcp.product_2.0.0_1934254364_linux_gtk_x86_64/plugins/com.st.stm32cube.ide.mcu.externaltools.gnu-tools-for-stm32.14.3.rel1.linux64_1.0.100.202602081740/tools/bin/../lib/gcc/arm-none-eabi/14.3.1/thumb/v7e-m/nofp/crtbegin.o
 *(.bss*)
 .bss.BSW_LeftFlag
                0x200000cc        0x1 ./Src/BSW_program.o
 .bss.BSW_RightFlag
                0x200000cd        0x1 ./Src/BSW_program.o
 .bss.BSW_SameDirectionExists
                0x200000ce        0x1 ./Src/BSW_program.o
 *fill*         0x200000cf        0x1 
 .bss.BSW_LeftDist
                0x200000d0        0x4 ./Src/BSW_program.o
 .bss.BSW_RightDist
                0x200000d4        0x4 ./Src/BSW_program.o
 .bss.DNPW_CurrentFlag
                0x200000d8        0x1 ./Src/DNPW_program.o
 .bss.DNPW_OppositeDetected
                0x200000d9        0x1 ./Src/DNPW_program.o
 .bss.DNPW_FrontVehicle
                0x200000da        0x1 ./Src/DNPW_program.o
 .bss.DNPW_WorstRisk
                0x200000db        0x1 ./Src/DNPW_program.o
 .bss.DNPW_FrontDist
                0x200000dc        0x4 ./Src/DNPW_program.o
 .bss.neighbor_table
                0x200000e0      0x230 ./Src/DSRC.o
 .bss.neighbor_count
                0x20000310        0x1 ./Src/DSRC.o
 *fill*         0x20000311        0x3 
 .bss.rx_queue  0x20000314      0x118 ./Src/DSRC.o
 .bss.queue_head
                0x2000042c        0x1 ./Src/DSRC.o
 .bss.queue_tail
                0x2000042d        0x1 ./Src/DSRC.o
 .bss.parse_state
                0x2000042e        0x1 ./Src/DSRC.o
 *fill*         0x2000042f        0x1 
 .bss.rx_buf    0x20000430       0x1c ./Src/DSRC.o
 .bss.rx_idx    0x2000044c        0x1 ./Src/DSRC.o
 .bss.rx_checksum
                0x2000044d        0x1 ./Src/DSRC.o
 *fill*         0x2000044e        0x2 
 .bss.EEBL_PrevSpeed
                0x20000450        0x4 ./Src/EEBL_program.o
 .bss.EEBL_BrakingDetected
                0x20000454        0x1 ./Src/EEBL_program.o
 .bss.EEBL_WorstLevel
                0x20000455        0x1 ./Src/EEBL_program.o
 .bss.FCW_CurrentFlag
                0x20000456        0x1 ./Src/FCW_program.o
 .bss.FCW_LocalWorst
                0x20000457        0x1 ./Src/FCW_program.o
 .bss.FCW_AlertLevel
                0x20000458        0x1 ./Src/FCW_program.o
 .bss.IMA_CurrentFlag
                0x20000459        0x1 ./Src/IMA_program.o
 .bss.IMA_CrossingDetected
                0x2000045a        0x1 ./Src/IMA_program.o
 .bss.IMA_IShouldWait
                0x2000045b        0x1 ./Src/IMA_program.o
 .bss.IMA_WorstRisk
                0x2000045c        0x1 ./Src/IMA_program.o
 .bss.RCC_u8State
                0x2000045d        0x1 ./Src/RCC_program.o
 *fill*         0x2000045e        0x2 
 .bss.US_Distances
                0x20000460       0x18 ./Src/SafetyEngine_program.o
                0x20000460                US_Distances
 .bss.Host_Speed
                0x20000478        0x4 ./Src/SafetyEngine_program.o
                0x20000478                Host_Speed
 .bss.Host_Heading
                0x2000047c        0x4 ./Src/SafetyEngine_program.o
                0x2000047c                Host_Heading
 .bss.Host_DistToIntersection
                0x20000480        0x4 ./Src/SafetyEngine_program.o
                0x20000480                Host_DistToIntersection
 .bss.USART_u8State
                0x20000484        0x6 ./Src/USART_program.o
 *fill*         0x2000048a        0x2 
 .bss.USART_CallBack
                0x2000048c       0x18 ./Src/USART_program.o
 .bss.sim_angle
                0x200004a4        0x4 ./Src/main.o
 .bss.__sf      0x200004a8      0x138 /home/abdallah-shehawey/.eclipse/com.st.stm32cube.ide.mcu.rcp.product_2.0.0_1934254364_linux_gtk_x86_64/plugins/com.st.stm32cube.ide.mcu.externaltools.gnu-tools-for-stm32.14.3.rel1.linux64_1.0.100.202602081740/tools/bin/../lib/gcc/arm-none-eabi/14.3.1/../../../../arm-none-eabi/lib/thumb/v7e-m/nofp/libc_nano.a(libc_a-findfp.o)
                0x200004a8                __sf
 *(COMMON)
                0x200005e0                        . = ALIGN (0x4)
                0x200005e0                        _ebss = .
                0x200005e0                        __bss_end__ = _ebss

._user_heap_stack
                0x200005e0      0x600 load address 0x080042f0
                0x200005e0                        . = ALIGN (0x8)
                [!provide]                        PROVIDE (end = .)
                0x200005e0                        PROVIDE (_end = .)
                0x200007e0                        . = (. + _Min_Heap_Size)
 *fill*         0x200005e0      0x200 
                0x20000be0                        . = (. + _Min_Stack_Size)
 *fill*         0x200007e0      0x400 
                0x20000be0                        . = ALIGN (0x8)

/DISCARD/
 libc.a(*)
 libm.a(*)
 libgcc.a(*)

.ARM.attributes
                0x00000000       0x2a
 *(.ARM.attributes)
 .ARM.attributes
                0x00000000       0x1e /home/abdallah-shehawey/.eclipse/com.st.stm32cube.ide.mcu.rcp.product_2.0.0_1934254364_linux_gtk_x86_64/plugins/com.st.stm32cube.ide.mcu.externaltools.gnu-tools-for-stm32.14.3.rel1.linux64_1.0.100.202602081740/tools/bin/../lib/gcc/arm-none-eabi/14.3.1/thumb/v7e-m/nofp/crti.o
 .ARM.attributes
                0x0000001e       0x2e /home/abdallah-shehawey/.eclipse/com.st.stm32cube.ide.mcu.rcp.product_2.0.0_1934254364_linux_gtk_x86_64/plugins/com.st.stm32cube.ide.mcu.externaltools.gnu-tools-for-stm32.14.3.rel1.linux64_1.0.100.202602081740/tools/bin/../lib/gcc/arm-none-eabi/14.3.1/thumb/v7e-m/nofp/crtbegin.o
 .ARM.attributes
                0x0000004c       0x2e ./Src/BSW_program.o
 .ARM.attributes
                0x0000007a       0x2e ./Src/DNPW_program.o
 .ARM.attributes
                0x000000a8       0x2e ./Src/DSRC.o
 .ARM.attributes
                0x000000d6       0x2e ./Src/EEBL_program.o
 .ARM.attributes
                0x00000104       0x2e ./Src/FCW_program.o
 .ARM.attributes
                0x00000132       0x2e ./Src/GPIO_prog.o
 .ARM.attributes
                0x00000160       0x2e ./Src/IMA_program.o
 .ARM.attributes
                0x0000018e       0x2e ./Src/NVIC_program.o
 .ARM.attributes
                0x000001bc       0x2e ./Src/RCC_program.o
 .ARM.attributes
                0x000001ea       0x2e ./Src/SYSTIC_program.o
 .ARM.attributes
                0x00000218       0x2e ./Src/SafetyEngine_program.o
 .ARM.attributes
                0x00000246       0x2e ./Src/System.o
 .ARM.attributes
                0x00000274       0x2e ./Src/USART_program.o
 .ARM.attributes
                0x000002a2       0x2e ./Src/main.o
 .ARM.attributes
                0x000002d0       0x21 ./Startup/startup_stm32f446retx.o
 .ARM.attributes
                0x000002f1       0x2e /home/abdallah-shehawey/.eclipse/com.st.stm32cube.ide.mcu.rcp.product_2.0.0_1934254364_linux_gtk_x86_64/plugins/com.st.stm32cube.ide.mcu.externaltools.gnu-tools-for-stm32.14.3.rel1.linux64_1.0.100.202602081740/tools/bin/../lib/gcc/arm-none-eabi/14.3.1/../../../../arm-none-eabi/lib/thumb/v7e-m/nofp/libc_nano.a(libc_a-findfp.o)
 .ARM.attributes
                0x0000031f       0x2e /home/abdallah-shehawey/.eclipse/com.st.stm32cube.ide.mcu.rcp.product_2.0.0_1934254364_linux_gtk_x86_64/plugins/com.st.stm32cube.ide.mcu.externaltools.gnu-tools-for-stm32.14.3.rel1.linux64_1.0.100.202602081740/tools/bin/../lib/gcc/arm-none-eabi/14.3.1/../../../../arm-none-eabi/lib/thumb/v7e-m/nofp/libc_nano.a(libc_a-memset.o)
 .ARM.attributes
                0x0000034d       0x2e /home/abdallah-shehawey/.eclipse/com.st.stm32cube.ide.mcu.rcp.product_2.0.0_1934254364_linux_gtk_x86_64/plugins/com.st.stm32cube.ide.mcu.externaltools.gnu-tools-for-stm32.14.3.rel1.linux64_1.0.100.202602081740/tools/bin/../lib/gcc/arm-none-eabi/14.3.1/../../../../arm-none-eabi/lib/thumb/v7e-m/nofp/libc_nano.a(libc_a-impure.o)
 .ARM.attributes
                0x0000037b       0x2e /home/abdallah-shehawey/.eclipse/com.st.stm32cube.ide.mcu.rcp.product_2.0.0_1934254364_linux_gtk_x86_64/plugins/com.st.stm32cube.ide.mcu.externaltools.gnu-tools-for-stm32.14.3.rel1.linux64_1.0.100.202602081740/tools/bin/../lib/gcc/arm-none-eabi/14.3.1/../../../../arm-none-eabi/lib/thumb/v7e-m/nofp/libc_nano.a(libc_a-errno.o)
 .ARM.attributes
                0x000003a9       0x2e /home/abdallah-shehawey/.eclipse/com.st.stm32cube.ide.mcu.rcp.product_2.0.0_1934254364_linux_gtk_x86_64/plugins/com.st.stm32cube.ide.mcu.externaltools.gnu-tools-for-stm32.14.3.rel1.linux64_1.0.100.202602081740/tools/bin/../lib/gcc/arm-none-eabi/14.3.1/../../../../arm-none-eabi/lib/thumb/v7e-m/nofp/libc_nano.a(libc_a-init.o)
 .ARM.attributes
                0x000003d7       0x2e /home/abdallah-shehawey/.eclipse/com.st.stm32cube.ide.mcu.rcp.product_2.0.0_1934254364_linux_gtk_x86_64/plugins/com.st.stm32cube.ide.mcu.externaltools.gnu-tools-for-stm32.14.3.rel1.linux64_1.0.100.202602081740/tools/bin/../lib/gcc/arm-none-eabi/14.3.1/../../../../arm-none-eabi/lib/thumb/v7e-m/nofp/libm.a(libm_a-wf_fmod.o)
 .ARM.attributes
                0x00000405       0x2e /home/abdallah-shehawey/.eclipse/com.st.stm32cube.ide.mcu.rcp.product_2.0.0_1934254364_linux_gtk_x86_64/plugins/com.st.stm32cube.ide.mcu.externaltools.gnu-tools-for-stm32.14.3.rel1.linux64_1.0.100.202602081740/tools/bin/../lib/gcc/arm-none-eabi/14.3.1/../../../../arm-none-eabi/lib/thumb/v7e-m/nofp/libm.a(libm_a-sf_sin.o)
 .ARM.attributes
                0x00000433       0x2e /home/abdallah-shehawey/.eclipse/com.st.stm32cube.ide.mcu.rcp.product_2.0.0_1934254364_linux_gtk_x86_64/plugins/com.st.stm32cube.ide.mcu.externaltools.gnu-tools-for-stm32.14.3.rel1.linux64_1.0.100.202602081740/tools/bin/../lib/gcc/arm-none-eabi/14.3.1/../../../../arm-none-eabi/lib/thumb/v7e-m/nofp/libm.a(libm_a-kf_cos.o)
 .ARM.attributes
                0x00000461       0x2e /home/abdallah-shehawey/.eclipse/com.st.stm32cube.ide.mcu.rcp.product_2.0.0_1934254364_linux_gtk_x86_64/plugins/com.st.stm32cube.ide.mcu.externaltools.gnu-tools-for-stm32.14.3.rel1.linux64_1.0.100.202602081740/tools/bin/../lib/gcc/arm-none-eabi/14.3.1/../../../../arm-none-eabi/lib/thumb/v7e-m/nofp/libm.a(libm_a-kf_sin.o)
 .ARM.attributes
                0x0000048f       0x2e /home/abdallah-shehawey/.eclipse/com.st.stm32cube.ide.mcu.rcp.product_2.0.0_1934254364_linux_gtk_x86_64/plugins/com.st.stm32cube.ide.mcu.externaltools.gnu-tools-for-stm32.14.3.rel1.linux64_1.0.100.202602081740/tools/bin/../lib/gcc/arm-none-eabi/14.3.1/../../../../arm-none-eabi/lib/thumb/v7e-m/nofp/libm.a(libm_a-ef_fmod.o)
 .ARM.attributes
                0x000004bd       0x2e /home/abdallah-shehawey/.eclipse/com.st.stm32cube.ide.mcu.rcp.product_2.0.0_1934254364_linux_gtk_x86_64/plugins/com.st.stm32cube.ide.mcu.externaltools.gnu-tools-for-stm32.14.3.rel1.linux64_1.0.100.202602081740/tools/bin/../lib/gcc/arm-none-eabi/14.3.1/../../../../arm-none-eabi/lib/thumb/v7e-m/nofp/libm.a(libm_a-ef_rem_pio2.o)
 .ARM.attributes
                0x000004eb       0x2e /home/abdallah-shehawey/.eclipse/com.st.stm32cube.ide.mcu.rcp.product_2.0.0_1934254364_linux_gtk_x86_64/plugins/com.st.stm32cube.ide.mcu.externaltools.gnu-tools-for-stm32.14.3.rel1.linux64_1.0.100.202602081740/tools/bin/../lib/gcc/arm-none-eabi/14.3.1/../../../../arm-none-eabi/lib/thumb/v7e-m/nofp/libm.a(libm_a-sf_fabs.o)
 .ARM.attributes
                0x00000519       0x2e /home/abdallah-shehawey/.eclipse/com.st.stm32cube.ide.mcu.rcp.product_2.0.0_1934254364_linux_gtk_x86_64/plugins/com.st.stm32cube.ide.mcu.externaltools.gnu-tools-for-stm32.14.3.rel1.linux64_1.0.100.202602081740/tools/bin/../lib/gcc/arm-none-eabi/14.3.1/../../../../arm-none-eabi/lib/thumb/v7e-m/nofp/libm.a(libm_a-kf_rem_pio2.o)
 .ARM.attributes
                0x00000547       0x2e /home/abdallah-shehawey/.eclipse/com.st.stm32cube.ide.mcu.rcp.product_2.0.0_1934254364_linux_gtk_x86_64/plugins/com.st.stm32cube.ide.mcu.externaltools.gnu-tools-for-stm32.14.3.rel1.linux64_1.0.100.202602081740/tools/bin/../lib/gcc/arm-none-eabi/14.3.1/../../../../arm-none-eabi/lib/thumb/v7e-m/nofp/libm.a(libm_a-sf_scalbn.o)
 .ARM.attributes
                0x00000575       0x2e /home/abdallah-shehawey/.eclipse/com.st.stm32cube.ide.mcu.rcp.product_2.0.0_1934254364_linux_gtk_x86_64/plugins/com.st.stm32cube.ide.mcu.externaltools.gnu-tools-for-stm32.14.3.rel1.linux64_1.0.100.202602081740/tools/bin/../lib/gcc/arm-none-eabi/14.3.1/../../../../arm-none-eabi/lib/thumb/v7e-m/nofp/libm.a(libm_a-sf_floor.o)
 .ARM.attributes
                0x000005a3       0x1e /home/abdallah-shehawey/.eclipse/com.st.stm32cube.ide.mcu.rcp.product_2.0.0_1934254364_linux_gtk_x86_64/plugins/com.st.stm32cube.ide.mcu.externaltools.gnu-tools-for-stm32.14.3.rel1.linux64_1.0.100.202602081740/tools/bin/../lib/gcc/arm-none-eabi/14.3.1/thumb/v7e-m/nofp/libgcc.a(_arm_addsubdf3.o)
 .ARM.attributes
                0x000005c1       0x1e /home/abdallah-shehawey/.eclipse/com.st.stm32cube.ide.mcu.rcp.product_2.0.0_1934254364_linux_gtk_x86_64/plugins/com.st.stm32cube.ide.mcu.externaltools.gnu-tools-for-stm32.14.3.rel1.linux64_1.0.100.202602081740/tools/bin/../lib/gcc/arm-none-eabi/14.3.1/thumb/v7e-m/nofp/libgcc.a(_arm_muldivdf3.o)
 .ARM.attributes
                0x000005df       0x1e /home/abdallah-shehawey/.eclipse/com.st.stm32cube.ide.mcu.rcp.product_2.0.0_1934254364_linux_gtk_x86_64/plugins/com.st.stm32cube.ide.mcu.externaltools.gnu-tools-for-stm32.14.3.rel1.linux64_1.0.100.202602081740/tools/bin/../lib/gcc/arm-none-eabi/14.3.1/thumb/v7e-m/nofp/libgcc.a(_arm_fixunsdfsi.o)
 .ARM.attributes
                0x000005fd       0x1e /home/abdallah-shehawey/.eclipse/com.st.stm32cube.ide.mcu.rcp.product_2.0.0_1934254364_linux_gtk_x86_64/plugins/com.st.stm32cube.ide.mcu.externaltools.gnu-tools-for-stm32.14.3.rel1.linux64_1.0.100.202602081740/tools/bin/../lib/gcc/arm-none-eabi/14.3.1/thumb/v7e-m/nofp/libgcc.a(_arm_addsubsf3.o)
 .ARM.attributes
                0x0000061b       0x1e /home/abdallah-shehawey/.eclipse/com.st.stm32cube.ide.mcu.rcp.product_2.0.0_1934254364_linux_gtk_x86_64/plugins/com.st.stm32cube.ide.mcu.externaltools.gnu-tools-for-stm32.14.3.rel1.linux64_1.0.100.202602081740/tools/bin/../lib/gcc/arm-none-eabi/14.3.1/thumb/v7e-m/nofp/libgcc.a(_arm_muldivsf3.o)
 .ARM.attributes
                0x00000639       0x1e /home/abdallah-shehawey/.eclipse/com.st.stm32cube.ide.mcu.rcp.product_2.0.0_1934254364_linux_gtk_x86_64/plugins/com.st.stm32cube.ide.mcu.externaltools.gnu-tools-for-stm32.14.3.rel1.linux64_1.0.100.202602081740/tools/bin/../lib/gcc/arm-none-eabi/14.3.1/thumb/v7e-m/nofp/libgcc.a(_arm_cmpsf2.o)
 .ARM.attributes
                0x00000657       0x1e /home/abdallah-shehawey/.eclipse/com.st.stm32cube.ide.mcu.rcp.product_2.0.0_1934254364_linux_gtk_x86_64/plugins/com.st.stm32cube.ide.mcu.externaltools.gnu-tools-for-stm32.14.3.rel1.linux64_1.0.100.202602081740/tools/bin/../lib/gcc/arm-none-eabi/14.3.1/thumb/v7e-m/nofp/libgcc.a(_arm_unordsf2.o)
 .ARM.attributes
                0x00000675       0x1e /home/abdallah-shehawey/.eclipse/com.st.stm32cube.ide.mcu.rcp.product_2.0.0_1934254364_linux_gtk_x86_64/plugins/com.st.stm32cube.ide.mcu.externaltools.gnu-tools-for-stm32.14.3.rel1.linux64_1.0.100.202602081740/tools/bin/../lib/gcc/arm-none-eabi/14.3.1/thumb/v7e-m/nofp/libgcc.a(_arm_fixsfsi.o)
 .ARM.attributes
                0x00000693       0x1e /home/abdallah-shehawey/.eclipse/com.st.stm32cube.ide.mcu.rcp.product_2.0.0_1934254364_linux_gtk_x86_64/plugins/com.st.stm32cube.ide.mcu.externaltools.gnu-tools-for-stm32.14.3.rel1.linux64_1.0.100.202602081740/tools/bin/../lib/gcc/arm-none-eabi/14.3.1/thumb/v7e-m/nofp/crtn.o
OUTPUT(DSRC.elf elf32-littlearm)
LOAD linker stubs
LOAD /home/abdallah-shehawey/.eclipse/com.st.stm32cube.ide.mcu.rcp.product_2.0.0_1934254364_linux_gtk_x86_64/plugins/com.st.stm32cube.ide.mcu.externaltools.gnu-tools-for-stm32.14.3.rel1.linux64_1.0.100.202602081740/tools/bin/../lib/gcc/arm-none-eabi/14.3.1/../../../../arm-none-eabi/lib/thumb/v7e-m/nofp/libc.a
LOAD /home/abdallah-shehawey/.eclipse/com.st.stm32cube.ide.mcu.rcp.product_2.0.0_1934254364_linux_gtk_x86_64/plugins/com.st.stm32cube.ide.mcu.externaltools.gnu-tools-for-stm32.14.3.rel1.linux64_1.0.100.202602081740/tools/bin/../lib/gcc/arm-none-eabi/14.3.1/../../../../arm-none-eabi/lib/thumb/v7e-m/nofp/libm.a
LOAD /home/abdallah-shehawey/.eclipse/com.st.stm32cube.ide.mcu.rcp.product_2.0.0_1934254364_linux_gtk_x86_64/plugins/com.st.stm32cube.ide.mcu.externaltools.gnu-tools-for-stm32.14.3.rel1.linux64_1.0.100.202602081740/tools/bin/../lib/gcc/arm-none-eabi/14.3.1/thumb/v7e-m/nofp/libgcc.a

.debug_info     0x00000000     0x4f16
 .debug_info    0x00000000      0x3aa ./Src/BSW_program.o
 .debug_info    0x000003aa      0x3ea ./Src/DNPW_program.o
 .debug_info    0x00000794      0x803 ./Src/DSRC.o
 .debug_info    0x00000f97      0x3b6 ./Src/EEBL_program.o
 .debug_info    0x0000134d      0x3bf ./Src/FCW_program.o
 .debug_info    0x0000170c      0xf57 ./Src/GPIO_prog.o
 .debug_info    0x00002663      0x399 ./Src/IMA_program.o
 .debug_info    0x000029fc      0x4e3 ./Src/NVIC_program.o
 .debug_info    0x00002edf      0x64c ./Src/RCC_program.o
 .debug_info    0x0000352b      0x197 ./Src/SYSTIC_program.o
 .debug_info    0x000036c2      0x4da ./Src/SafetyEngine_program.o
 .debug_info    0x00003b9c      0x9e8 ./Src/System.o
 .debug_info    0x00004584      0x71e ./Src/USART_program.o
 .debug_info    0x00004ca2      0x244 ./Src/main.o
 .debug_info    0x00004ee6       0x30 ./Startup/startup_stm32f446retx.o

.debug_abbrev   0x00000000     0x171d
 .debug_abbrev  0x00000000      0x1d7 ./Src/BSW_program.o
 .debug_abbrev  0x000001d7      0x1d4 ./Src/DNPW_program.o
 .debug_abbrev  0x000003ab      0x1ee ./Src/DSRC.o
 .debug_abbrev  0x00000599      0x1b9 ./Src/EEBL_program.o
 .debug_abbrev  0x00000752      0x1d7 ./Src/FCW_program.o
 .debug_abbrev  0x00000929      0x1e4 ./Src/GPIO_prog.o
 .debug_abbrev  0x00000b0d      0x1cf ./Src/IMA_program.o
 .debug_abbrev  0x00000cdc      0x134 ./Src/NVIC_program.o
 .debug_abbrev  0x00000e10      0x1a4 ./Src/RCC_program.o
 .debug_abbrev  0x00000fb4       0xe9 ./Src/SYSTIC_program.o
 .debug_abbrev  0x0000109d      0x1ca ./Src/SafetyEngine_program.o
 .debug_abbrev  0x00001267      0x17b ./Src/System.o
 .debug_abbrev  0x000013e2      0x1c8 ./Src/USART_program.o
 .debug_abbrev  0x000015aa      0x14f ./Src/main.o
 .debug_abbrev  0x000016f9       0x24 ./Startup/startup_stm32f446retx.o

.debug_aranges  0x00000000      0x528
 .debug_aranges
                0x00000000       0x60 ./Src/BSW_program.o
 .debug_aranges
                0x00000060       0x58 ./Src/DNPW_program.o
 .debug_aranges
                0x000000b8       0x70 ./Src/DSRC.o
 .debug_aranges
                0x00000128       0x50 ./Src/EEBL_program.o
 .debug_aranges
                0x00000178       0x58 ./Src/FCW_program.o
 .debug_aranges
                0x000001d0       0xe8 ./Src/GPIO_prog.o
 .debug_aranges
                0x000002b8       0x58 ./Src/IMA_program.o
 .debug_aranges
                0x00000310       0x48 ./Src/NVIC_program.o
 .debug_aranges
                0x00000358       0x58 ./Src/RCC_program.o
 .debug_aranges
                0x000003b0       0x48 ./Src/SYSTIC_program.o
 .debug_aranges
                0x000003f8       0x48 ./Src/SafetyEngine_program.o
 .debug_aranges
                0x00000440       0x28 ./Src/System.o
 .debug_aranges
                0x00000468       0x70 ./Src/USART_program.o
 .debug_aranges
                0x000004d8       0x28 ./Src/main.o
 .debug_aranges
                0x00000500       0x28 ./Startup/startup_stm32f446retx.o

.debug_rnglists
                0x00000000      0x3b9
 .debug_rnglists
                0x00000000       0x45 ./Src/BSW_program.o
 .debug_rnglists
                0x00000045       0x3f ./Src/DNPW_program.o
 .debug_rnglists
                0x00000084       0x54 ./Src/DSRC.o
 .debug_rnglists
                0x000000d8       0x39 ./Src/EEBL_program.o
 .debug_rnglists
                0x00000111       0x3f ./Src/FCW_program.o
 .debug_rnglists
                0x00000150       0xb4 ./Src/GPIO_prog.o
 .debug_rnglists
                0x00000204       0x3e ./Src/IMA_program.o
 .debug_rnglists
                0x00000242       0x31 ./Src/NVIC_program.o
 .debug_rnglists
                0x00000273       0x42 ./Src/RCC_program.o
 .debug_rnglists
                0x000002b5       0x33 ./Src/SYSTIC_program.o
 .debug_rnglists
                0x000002e8       0x32 ./Src/SafetyEngine_program.o
 .debug_rnglists
                0x0000031a       0x19 ./Src/System.o
 .debug_rnglists
                0x00000333       0x53 ./Src/USART_program.o
 .debug_rnglists
                0x00000386       0x1a ./Src/main.o
 .debug_rnglists
                0x000003a0       0x19 ./Startup/startup_stm32f446retx.o

.debug_macro    0x00000000     0x3157
 .debug_macro   0x00000000      0x188 ./Src/BSW_program.o
 .debug_macro   0x00000188      0xad8 ./Src/BSW_program.o
 .debug_macro   0x00000c60       0x1c ./Src/BSW_program.o
 .debug_macro   0x00000c7c       0x22 ./Src/BSW_program.o
 .debug_macro   0x00000c9e       0x8e ./Src/BSW_program.o
 .debug_macro   0x00000d2c       0x51 ./Src/BSW_program.o
 .debug_macro   0x00000d7d      0x103 ./Src/BSW_program.o
 .debug_macro   0x00000e80       0x6a ./Src/BSW_program.o
 .debug_macro   0x00000eea      0x1df ./Src/BSW_program.o
 .debug_macro   0x000010c9       0x61 ./Src/BSW_program.o
 .debug_macro   0x0000112a       0x24 ./Src/BSW_program.o
 .debug_macro   0x0000114e       0x43 ./Src/BSW_program.o
 .debug_macro   0x00001191       0x34 ./Src/BSW_program.o
 .debug_macro   0x000011c5      0x190 ./Src/BSW_program.o
 .debug_macro   0x00001355      0x364 ./Src/BSW_program.o
 .debug_macro   0x000016b9       0x16 ./Src/BSW_program.o
 .debug_macro   0x000016cf       0x4a ./Src/BSW_program.o
 .debug_macro   0x00001719       0x34 ./Src/BSW_program.o
 .debug_macro   0x0000174d       0x10 ./Src/BSW_program.o
 .debug_macro   0x0000175d       0x58 ./Src/BSW_program.o
 .debug_macro   0x000017b5       0x8e ./Src/BSW_program.o
 .debug_macro   0x00001843       0x1c ./Src/BSW_program.o
 .debug_macro   0x0000185f      0x17e ./Src/BSW_program.o
 .debug_macro   0x000019dd      0x19b ./Src/BSW_program.o
 .debug_macro   0x00001b78       0x16 ./Src/BSW_program.o
 .debug_macro   0x00001b8e       0x3c ./Src/BSW_program.o
 .debug_macro   0x00001bca       0x20 ./Src/BSW_program.o
 .debug_macro   0x00001bea       0x2e ./Src/BSW_program.o
 .debug_macro   0x00001c18       0x1c ./Src/BSW_program.o
 .debug_macro   0x00001c34       0x16 ./Src/BSW_program.o
 .debug_macro   0x00001c4a       0x34 ./Src/BSW_program.o
 .debug_macro   0x00001c7e      0x189 ./Src/DNPW_program.o
 .debug_macro   0x00001e07       0x28 ./Src/DNPW_program.o
 .debug_macro   0x00001e2f      0x165 ./Src/DSRC.o
 .debug_macro   0x00001f94       0x28 ./Src/DSRC.o
 .debug_macro   0x00001fbc      0x18d ./Src/EEBL_program.o
 .debug_macro   0x00002149       0x2e ./Src/EEBL_program.o
 .debug_macro   0x00002177      0x18d ./Src/FCW_program.o
 .debug_macro   0x00002304       0x28 ./Src/FCW_program.o
 .debug_macro   0x0000232c       0x9b ./Src/GPIO_prog.o
 .debug_macro   0x000023c7      0x131 ./Src/GPIO_prog.o
 .debug_macro   0x000024f8       0x46 ./Src/GPIO_prog.o
 .debug_macro   0x0000253e       0x58 ./Src/GPIO_prog.o
 .debug_macro   0x00002596      0x189 ./Src/IMA_program.o
 .debug_macro   0x0000271f       0x28 ./Src/IMA_program.o
 .debug_macro   0x00002747       0x93 ./Src/NVIC_program.o
 .debug_macro   0x000027da       0xa4 ./Src/RCC_program.o
 .debug_macro   0x0000287e       0x20 ./Src/RCC_program.o
 .debug_macro   0x0000289e       0x28 ./Src/RCC_program.o
 .debug_macro   0x000028c6       0x95 ./Src/SYSTIC_program.o
 .debug_macro   0x0000295b       0x28 ./Src/SYSTIC_program.o
 .debug_macro   0x00002983       0x34 ./Src/SYSTIC_program.o
 .debug_macro   0x000029b7      0x1be ./Src/SafetyEngine_program.o
 .debug_macro   0x00002b75      0x1a5 ./Src/System.o
 .debug_macro   0x00002d1a       0x2e ./Src/System.o
 .debug_macro   0x00002d48       0x90 ./Src/USART_program.o
 .debug_macro   0x00002dd8       0x7c ./Src/USART_program.o
 .debug_macro   0x00002e54      0x1bd ./Src/main.o
 .debug_macro   0x00003011       0x5b ./Src/main.o
 .debug_macro   0x0000306c       0x94 ./Src/main.o
 .debug_macro   0x00003100       0x57 ./Src/main.o

.debug_line     0x00000000     0x7c36
 .debug_line    0x00000000      0x887 ./Src/BSW_program.o
 .debug_line    0x00000887      0x882 ./Src/DNPW_program.o
 .debug_line    0x00001109      0x8da ./Src/DSRC.o
 .debug_line    0x000019e3      0x867 ./Src/EEBL_program.o
 .debug_line    0x0000224a      0x886 ./Src/FCW_program.o
 .debug_line    0x00002ad0      0xe1e ./Src/GPIO_prog.o
 .debug_line    0x000038ee      0x8a8 ./Src/IMA_program.o
 .debug_line    0x00004196      0x5fd ./Src/NVIC_program.o
 .debug_line    0x00004793      0x8d9 ./Src/RCC_program.o
 .debug_line    0x0000506c      0x634 ./Src/SYSTIC_program.o
 .debug_line    0x000056a0      0xa77 ./Src/SafetyEngine_program.o
 .debug_line    0x00006117      0x6f0 ./Src/System.o
 .debug_line    0x00006807      0xae3 ./Src/USART_program.o
 .debug_line    0x000072ea      0x8d1 ./Src/main.o
 .debug_line    0x00007bbb       0x7b ./Startup/startup_stm32f446retx.o

.debug_str      0x00000000     0xabbd
 .debug_str     0x00000000     0xabbd ./Src/BSW_program.o
                               0x7eb5 (size before relaxing)
 .debug_str     0x0000abbd     0x7f28 ./Src/DNPW_program.o
 .debug_str     0x0000abbd     0x8121 ./Src/DSRC.o
 .debug_str     0x0000abbd     0x7f2a ./Src/EEBL_program.o
 .debug_str     0x0000abbd     0x7efa ./Src/FCW_program.o
 .debug_str     0x0000abbd     0x4ec6 ./Src/GPIO_prog.o
 .debug_str     0x0000abbd     0x7ef2 ./Src/IMA_program.o
 .debug_str     0x0000abbd     0x4910 ./Src/NVIC_program.o
 .debug_str     0x0000abbd     0x4b94 ./Src/RCC_program.o
 .debug_str     0x0000abbd     0x4681 ./Src/SYSTIC_program.o
 .debug_str     0x0000abbd     0x802d ./Src/SafetyEngine_program.o
 .debug_str     0x0000abbd     0x8936 ./Src/System.o
 .debug_str     0x0000abbd     0x4abe ./Src/USART_program.o
 .debug_str     0x0000abbd     0x85c7 ./Src/main.o
 .debug_str     0x0000abbd       0x80 ./Startup/startup_stm32f446retx.o

.comment        0x00000000       0x43
 .comment       0x00000000       0x43 ./Src/BSW_program.o
                                 0x44 (size before relaxing)
 .comment       0x00000043       0x44 ./Src/DNPW_program.o
 .comment       0x00000043       0x44 ./Src/DSRC.o
 .comment       0x00000043       0x44 ./Src/EEBL_program.o
 .comment       0x00000043       0x44 ./Src/FCW_program.o
 .comment       0x00000043       0x44 ./Src/GPIO_prog.o
 .comment       0x00000043       0x44 ./Src/IMA_program.o
 .comment       0x00000043       0x44 ./Src/NVIC_program.o
 .comment       0x00000043       0x44 ./Src/RCC_program.o
 .comment       0x00000043       0x44 ./Src/SYSTIC_program.o
 .comment       0x00000043       0x44 ./Src/SafetyEngine_program.o
 .comment       0x00000043       0x44 ./Src/System.o
 .comment       0x00000043       0x44 ./Src/USART_program.o
 .comment       0x00000043       0x44 ./Src/main.o

.debug_frame    0x00000000     0x170c
 .debug_frame   0x00000000      0x134 ./Src/BSW_program.o
 .debug_frame   0x00000134      0x110 ./Src/DNPW_program.o
 .debug_frame   0x00000244      0x1ac ./Src/DSRC.o
 .debug_frame   0x000003f0       0xf4 ./Src/EEBL_program.o
 .debug_frame   0x000004e4      0x108 ./Src/FCW_program.o
 .debug_frame   0x000005ec      0x3c8 ./Src/GPIO_prog.o
 .debug_frame   0x000009b4      0x108 ./Src/IMA_program.o
 .debug_frame   0x00000abc       0xe8 ./Src/NVIC_program.o
 .debug_frame   0x00000ba4      0x130 ./Src/RCC_program.o
 .debug_frame   0x00000cd4       0xc8 ./Src/SYSTIC_program.o
 .debug_frame   0x00000d9c       0xe0 ./Src/SafetyEngine_program.o
 .debug_frame   0x00000e7c       0x50 ./Src/System.o
 .debug_frame   0x00000ecc      0x17c ./Src/USART_program.o
 .debug_frame   0x00001048       0x58 ./Src/main.o
 .debug_frame   0x000010a0      0x144 /home/abdallah-shehawey/.eclipse/com.st.stm32cube.ide.mcu.rcp.product_2.0.0_1934254364_linux_gtk_x86_64/plugins/com.st.stm32cube.ide.mcu.externaltools.gnu-tools-for-stm32.14.3.rel1.linux64_1.0.100.202602081740/tools/bin/../lib/gcc/arm-none-eabi/14.3.1/../../../../arm-none-eabi/lib/thumb/v7e-m/nofp/libc_nano.a(libc_a-findfp.o)
 .debug_frame   0x000011e4       0x20 /home/abdallah-shehawey/.eclipse/com.st.stm32cube.ide.mcu.rcp.product_2.0.0_1934254364_linux_gtk_x86_64/plugins/com.st.stm32cube.ide.mcu.externaltools.gnu-tools-for-stm32.14.3.rel1.linux64_1.0.100.202602081740/tools/bin/../lib/gcc/arm-none-eabi/14.3.1/../../../../arm-none-eabi/lib/thumb/v7e-m/nofp/libc_nano.a(libc_a-memset.o)
 .debug_frame   0x00001204       0x20 /home/abdallah-shehawey/.eclipse/com.st.stm32cube.ide.mcu.rcp.product_2.0.0_1934254364_linux_gtk_x86_64/plugins/com.st.stm32cube.ide.mcu.externaltools.gnu-tools-for-stm32.14.3.rel1.linux64_1.0.100.202602081740/tools/bin/../lib/gcc/arm-none-eabi/14.3.1/../../../../arm-none-eabi/lib/thumb/v7e-m/nofp/libc_nano.a(libc_a-errno.o)
 .debug_frame   0x00001224       0x2c /home/abdallah-shehawey/.eclipse/com.st.stm32cube.ide.mcu.rcp.product_2.0.0_1934254364_linux_gtk_x86_64/plugins/com.st.stm32cube.ide.mcu.externaltools.gnu-tools-for-stm32.14.3.rel1.linux64_1.0.100.202602081740/tools/bin/../lib/gcc/arm-none-eabi/14.3.1/../../../../arm-none-eabi/lib/thumb/v7e-m/nofp/libc_nano.a(libc_a-init.o)
 .debug_frame   0x00001250       0x2c /home/abdallah-shehawey/.eclipse/com.st.stm32cube.ide.mcu.rcp.product_2.0.0_1934254364_linux_gtk_x86_64/plugins/com.st.stm32cube.ide.mcu.externaltools.gnu-tools-for-stm32.14.3.rel1.linux64_1.0.100.202602081740/tools/bin/../lib/gcc/arm-none-eabi/14.3.1/../../../../arm-none-eabi/lib/thumb/v7e-m/nofp/libm.a(libm_a-wf_fmod.o)
 .debug_frame   0x0000127c       0x38 /home/abdallah-shehawey/.eclipse/com.st.stm32cube.ide.mcu.rcp.product_2.0.0_1934254364_linux_gtk_x86_64/plugins/com.st.stm32cube.ide.mcu.externaltools.gnu-tools-for-stm32.14.3.rel1.linux64_1.0.100.202602081740/tools/bin/../lib/gcc/arm-none-eabi/14.3.1/../../../../arm-none-eabi/lib/thumb/v7e-m/nofp/libm.a(libm_a-sf_sin.o)
 .debug_frame   0x000012b4       0x34 /home/abdallah-shehawey/.eclipse/com.st.stm32cube.ide.mcu.rcp.product_2.0.0_1934254364_linux_gtk_x86_64/plugins/com.st.stm32cube.ide.mcu.externaltools.gnu-tools-for-stm32.14.3.rel1.linux64_1.0.100.202602081740/tools/bin/../lib/gcc/arm-none-eabi/14.3.1/../../../../arm-none-eabi/lib/thumb/v7e-m/nofp/libm.a(libm_a-kf_cos.o)
 .debug_frame   0x000012e8       0x34 /home/abdallah-shehawey/.eclipse/com.st.stm32cube.ide.mcu.rcp.product_2.0.0_1934254364_linux_gtk_x86_64/plugins/com.st.stm32cube.ide.mcu.externaltools.gnu-tools-for-stm32.14.3.rel1.linux64_1.0.100.202602081740/tools/bin/../lib/gcc/arm-none-eabi/14.3.1/../../../../arm-none-eabi/lib/thumb/v7e-m/nofp/libm.a(libm_a-kf_sin.o)
 .debug_frame   0x0000131c       0x2c /home/abdallah-shehawey/.eclipse/com.st.stm32cube.ide.mcu.rcp.product_2.0.0_1934254364_linux_gtk_x86_64/plugins/com.st.stm32cube.ide.mcu.externaltools.gnu-tools-for-stm32.14.3.rel1.linux64_1.0.100.202602081740/tools/bin/../lib/gcc/arm-none-eabi/14.3.1/../../../../arm-none-eabi/lib/thumb/v7e-m/nofp/libm.a(libm_a-ef_fmod.o)
 .debug_frame   0x00001348       0x48 /home/abdallah-shehawey/.eclipse/com.st.stm32cube.ide.mcu.rcp.product_2.0.0_1934254364_linux_gtk_x86_64/plugins/com.st.stm32cube.ide.mcu.externaltools.gnu-tools-for-stm32.14.3.rel1.linux64_1.0.100.202602081740/tools/bin/../lib/gcc/arm-none-eabi/14.3.1/../../../../arm-none-eabi/lib/thumb/v7e-m/nofp/libm.a(libm_a-ef_rem_pio2.o)
 .debug_frame   0x00001390       0x20 /home/abdallah-shehawey/.eclipse/com.st.stm32cube.ide.mcu.rcp.product_2.0.0_1934254364_linux_gtk_x86_64/plugins/com.st.stm32cube.ide.mcu.externaltools.gnu-tools-for-stm32.14.3.rel1.linux64_1.0.100.202602081740/tools/bin/../lib/gcc/arm-none-eabi/14.3.1/../../../../arm-none-eabi/lib/thumb/v7e-m/nofp/libm.a(libm_a-sf_fabs.o)
 .debug_frame   0x000013b0       0x50 /home/abdallah-shehawey/.eclipse/com.st.stm32cube.ide.mcu.rcp.product_2.0.0_1934254364_linux_gtk_x86_64/plugins/com.st.stm32cube.ide.mcu.externaltools.gnu-tools-for-stm32.14.3.rel1.linux64_1.0.100.202602081740/tools/bin/../lib/gcc/arm-none-eabi/14.3.1/../../../../arm-none-eabi/lib/thumb/v7e-m/nofp/libm.a(libm_a-kf_rem_pio2.o)
 .debug_frame   0x00001400       0x28 /home/abdallah-shehawey/.eclipse/com.st.stm32cube.ide.mcu.rcp.product_2.0.0_1934254364_linux_gtk_x86_64/plugins/com.st.stm32cube.ide.mcu.externaltools.gnu-tools-for-stm32.14.3.rel1.linux64_1.0.100.202602081740/tools/bin/../lib/gcc/arm-none-eabi/14.3.1/../../../../arm-none-eabi/lib/thumb/v7e-m/nofp/libm.a(libm_a-sf_scalbn.o)
 .debug_frame   0x00001428       0x30 /home/abdallah-shehawey/.eclipse/com.st.stm32cube.ide.mcu.rcp.product_2.0.0_1934254364_linux_gtk_x86_64/plugins/com.st.stm32cube.ide.mcu.externaltools.gnu-tools-for-stm32.14.3.rel1.linux64_1.0.100.202602081740/tools/bin/../lib/gcc/arm-none-eabi/14.3.1/../../../../arm-none-eabi/lib/thumb/v7e-m/nofp/libm.a(libm_a-sf_floor.o)
 .debug_frame   0x00001458       0xac /home/abdallah-shehawey/.eclipse/com.st.stm32cube.ide.mcu.rcp.product_2.0.0_1934254364_linux_gtk_x86_64/plugins/com.st.stm32cube.ide.mcu.externaltools.gnu-tools-for-stm32.14.3.rel1.linux64_1.0.100.202602081740/tools/bin/../lib/gcc/arm-none-eabi/14.3.1/thumb/v7e-m/nofp/libgcc.a(_arm_addsubdf3.o)
 .debug_frame   0x00001504       0x50 /home/abdallah-shehawey/.eclipse/com.st.stm32cube.ide.mcu.rcp.product_2.0.0_1934254364_linux_gtk_x86_64/plugins/com.st.stm32cube.ide.mcu.externaltools.gnu-tools-for-stm32.14.3.rel1.linux64_1.0.100.202602081740/tools/bin/../lib/gcc/arm-none-eabi/14.3.1/thumb/v7e-m/nofp/libgcc.a(_arm_muldivdf3.o)
 .debug_frame   0x00001554       0x24 /home/abdallah-shehawey/.eclipse/com.st.stm32cube.ide.mcu.rcp.product_2.0.0_1934254364_linux_gtk_x86_64/plugins/com.st.stm32cube.ide.mcu.externaltools.gnu-tools-for-stm32.14.3.rel1.linux64_1.0.100.202602081740/tools/bin/../lib/gcc/arm-none-eabi/14.3.1/thumb/v7e-m/nofp/libgcc.a(_arm_fixunsdfsi.o)
 .debug_frame   0x00001578       0x4c /home/abdallah-shehawey/.eclipse/com.st.stm32cube.ide.mcu.rcp.product_2.0.0_1934254364_linux_gtk_x86_64/plugins/com.st.stm32cube.ide.mcu.externaltools.gnu-tools-for-stm32.14.3.rel1.linux64_1.0.100.202602081740/tools/bin/../lib/gcc/arm-none-eabi/14.3.1/thumb/v7e-m/nofp/libgcc.a(_arm_addsubsf3.o)
 .debug_frame   0x000015c4       0x38 /home/abdallah-shehawey/.eclipse/com.st.stm32cube.ide.mcu.rcp.product_2.0.0_1934254364_linux_gtk_x86_64/plugins/com.st.stm32cube.ide.mcu.externaltools.gnu-tools-for-stm32.14.3.rel1.linux64_1.0.100.202602081740/tools/bin/../lib/gcc/arm-none-eabi/14.3.1/thumb/v7e-m/nofp/libgcc.a(_arm_muldivsf3.o)
 .debug_frame   0x000015fc       0xc8 /home/abdallah-shehawey/.eclipse/com.st.stm32cube.ide.mcu.rcp.product_2.0.0_1934254364_linux_gtk_x86_64/plugins/com.st.stm32cube.ide.mcu.externaltools.gnu-tools-for-stm32.14.3.rel1.linux64_1.0.100.202602081740/tools/bin/../lib/gcc/arm-none-eabi/14.3.1/thumb/v7e-m/nofp/libgcc.a(_arm_cmpsf2.o)
 .debug_frame   0x000016c4       0x24 /home/abdallah-shehawey/.eclipse/com.st.stm32cube.ide.mcu.rcp.product_2.0.0_1934254364_linux_gtk_x86_64/plugins/com.st.stm32cube.ide.mcu.externaltools.gnu-tools-for-stm32.14.3.rel1.linux64_1.0.100.202602081740/tools/bin/../lib/gcc/arm-none-eabi/14.3.1/thumb/v7e-m/nofp/libgcc.a(_arm_unordsf2.o)
 .debug_frame   0x000016e8       0x24 /home/abdallah-shehawey/.eclipse/com.st.stm32cube.ide.mcu.rcp.product_2.0.0_1934254364_linux_gtk_x86_64/plugins/com.st.stm32cube.ide.mcu.externaltools.gnu-tools-for-stm32.14.3.rel1.linux64_1.0.100.202602081740/tools/bin/../lib/gcc/arm-none-eabi/14.3.1/thumb/v7e-m/nofp/libgcc.a(_arm_fixsfsi.o)

.debug_line_str
                0x00000000       0x64
 .debug_line_str
                0x00000000       0x64 ./Startup/startup_stm32f446retx.o
