00:29:11 **** Clean-only build of configuration Debug for project BareMetal ****
make -j16 clean 
rm -rf ./ThirdParty/Source/portable/MemMang/heap_4.cyclo ./ThirdParty/Source/portable/MemMang/heap_4.d ./ThirdParty/Source/portable/MemMang/heap_4.o ./ThirdParty/Source/portable/MemMang/heap_4.su
rm -rf ./ThirdParty/Source/portable/GCC/ARM_CM4F/port.cyclo ./ThirdParty/Source/portable/GCC/ARM_CM4F/port.d ./ThirdParty/Source/portable/GCC/ARM_CM4F/port.o ./ThirdParty/Source/portable/GCC/ARM_CM4F/port.su
rm -rf ./ThirdParty/Source/croutine.cyclo ./ThirdParty/Source/croutine.d ./ThirdParty/Source/croutine.o ./ThirdParty/Source/croutine.su ./ThirdParty/Source/event_groups.cyclo ./ThirdParty/Source/event_groups.d ./ThirdParty/Source/event_groups.o ./ThirdParty/Source/event_groups.su ./ThirdParty/Source/list.cyclo ./ThirdParty/Source/list.d ./ThirdParty/Source/list.o ./ThirdParty/Source/list.su ./ThirdParty/Source/queue.cyclo ./ThirdParty/Source/queue.d ./ThirdParty/Source/queue.o ./ThirdParty/Source/queue.su ./ThirdParty/Source/stream_buffer.cyclo ./ThirdParty/Source/stream_buffer.d ./ThirdParty/Source/stream_buffer.o ./ThirdParty/Source/stream_buffer.su ./ThirdParty/Source/tasks.cyclo ./ThirdParty/Source/tasks.d ./ThirdParty/Source/tasks.o ./ThirdParty/Source/tasks.su ./ThirdParty/Source/timers.cyclo ./ThirdParty/Source/timers.d ./ThirdParty/Source/timers.o ./ThirdParty/Source/timers.su
rm -rf ./Startup/startup_stm32f446retx.d ./Startup/startup_stm32f446retx.o
rm -rf ./Src/BSW_program.cyclo ./Src/BSW_program.d ./Src/BSW_program.o ./Src/BSW_program.su ./Src/BUZ_program.cyclo ./Src/BUZ_program.d ./Src/BUZ_program.o ./Src/BUZ_program.su ./Src/DNPW_program.cyclo ./Src/DNPW_program.d ./Src/DNPW_program.o ./Src/DNPW_program.su ./Src/EEBL_program.cyclo ./Src/EEBL_program.d ./Src/EEBL_program.o ./Src/EEBL_program.su ./Src/EXTI_program.cyclo ./Src/EXTI_program.d ./Src/EXTI_program.o ./Src/EXTI_program.su ./Src/FCW_program.cyclo ./Src/FCW_program.d ./Src/FCW_program.o ./Src/FCW_program.su ./Src/GPIO_prog.cyclo ./Src/GPIO_prog.d ./Src/GPIO_prog.o ./Src/GPIO_prog.su ./Src/IMA_program.cyclo ./Src/IMA_program.d ./Src/IMA_program.o ./Src/IMA_program.su ./Src/LED_prog.cyclo ./Src/LED_prog.d ./Src/LED_prog.o ./Src/LED_prog.su ./Src/MPU9250_program.cyclo ./Src/MPU9250_program.d ./Src/MPU9250_program.o ./Src/MPU9250_program.su ./Src/NVIC_program.cyclo ./Src/NVIC_program.d ./Src/NVIC_program.o ./Src/NVIC_program.su ./Src/RCC_program.cyclo ./Src/RCC_program.d ./Src/RCC_program.o ./Src/RCC_program.su ./Src/SCB_program.cyclo ./Src/SCB_program.d ./Src/SCB_program.o ./Src/SCB_program.su ./Src/SDW_program.cyclo ./Src/SDW_program.d ./Src/SDW_program.o ./Src/SDW_program.su ./Src/SPI_program.cyclo ./Src/SPI_program.d ./Src/SPI_program.o ./Src/SPI_program.su ./Src/SYSCFG_program.cyclo ./Src/SYSCFG_program.d ./Src/SYSCFG_program.o ./Src/SYSCFG_program.su ./Src/SYSTIC_program.cyclo ./Src/SYSTIC_program.d ./Src/SYSTIC_program.o ./Src/SYSTIC_program.su ./Src/System.cyclo ./Src/System.d ./Src/System.o ./Src/System.su ./Src/TIM_program.cyclo ./Src/TIM_program.d ./Src/TIM_program.o ./Src/TIM_program.su ./Src/USART_program.cyclo ./Src/USART_program.d ./Src/USART_program.o ./Src/USART_program.su ./Src/US_prog.cyclo ./Src/US_prog.d ./Src/US_prog.o ./Src/US_prog.su ./Src/main.cyclo ./Src/main.d ./Src/main.o ./Src/main.su ./Src/syscalls.cyclo ./Src/syscalls.d ./Src/syscalls.o ./Src/syscalls.su
rm -rf Bare_Metal.elf Bare_Metal.hex Bare_Metal.list Bare_Metal.map default.size.stdout
 
00:29:11 **** Build of configuration Debug for project BareMetal ****
make -j16 all 
arm-none-eabi-gcc "../ThirdParty/Source/portable/MemMang/heap_4.c" -mcpu=cortex-m4 -std=gnu11 -g3 -DDEBUG -DSTM32 -DSTM32F4 -DSTM32F446RETx -DNUCLEO_F446RE -c -I../Inc -I../ThirdParty/Source/portable/ -I../ThirdParty/Source/include -I../ThirdParty/Source/portable/GCC/ARM_CM4F/ -O0 -ffunction-sections -fdata-sections -Wall -fstack-usage -fcyclomatic-complexity -MMD -MP -MF"ThirdParty/Source/portable/MemMang/heap_4.d" -MT"ThirdParty/Source/portable/MemMang/heap_4.o" --specs=nano.specs -mfpu=fpv4-sp-d16 -mfloat-abi=hard -mthumb -o "ThirdParty/Source/portable/MemMang/heap_4.o"
arm-none-eabi-gcc "../ThirdParty/Source/portable/GCC/ARM_CM4F/port.c" -mcpu=cortex-m4 -std=gnu11 -g3 -DDEBUG -DSTM32 -DSTM32F4 -DSTM32F446RETx -DNUCLEO_F446RE -c -I../Inc -I../ThirdParty/Source/portable/ -I../ThirdParty/Source/include -I../ThirdParty/Source/portable/GCC/ARM_CM4F/ -O0 -ffunction-sections -fdata-sections -Wall -fstack-usage -fcyclomatic-complexity -MMD -MP -MF"ThirdParty/Source/portable/GCC/ARM_CM4F/port.d" -MT"ThirdParty/Source/portable/GCC/ARM_CM4F/port.o" --specs=nano.specs -mfpu=fpv4-sp-d16 -mfloat-abi=hard -mthumb -o "ThirdParty/Source/portable/GCC/ARM_CM4F/port.o"
arm-none-eabi-gcc "../ThirdParty/Source/croutine.c" -mcpu=cortex-m4 -std=gnu11 -g3 -DDEBUG -DSTM32 -DSTM32F4 -DSTM32F446RETx -DNUCLEO_F446RE -c -I../Inc -I../ThirdParty/Source/portable/ -I../ThirdParty/Source/include -I../ThirdParty/Source/portable/GCC/ARM_CM4F/ -O0 -ffunction-sections -fdata-sections -Wall -fstack-usage -fcyclomatic-complexity -MMD -MP -MF"ThirdParty/Source/croutine.d" -MT"ThirdParty/Source/croutine.o" --specs=nano.specs -mfpu=fpv4-sp-d16 -mfloat-abi=hard -mthumb -o "ThirdParty/Source/croutine.o"
arm-none-eabi-gcc "../ThirdParty/Source/event_groups.c" -mcpu=cortex-m4 -std=gnu11 -g3 -DDEBUG -DSTM32 -DSTM32F4 -DSTM32F446RETx -DNUCLEO_F446RE -c -I../Inc -I../ThirdParty/Source/portable/ -I../ThirdParty/Source/include -I../ThirdParty/Source/portable/GCC/ARM_CM4F/ -O0 -ffunction-sections -fdata-sections -Wall -fstack-usage -fcyclomatic-complexity -MMD -MP -MF"ThirdParty/Source/event_groups.d" -MT"ThirdParty/Source/event_groups.o" --specs=nano.specs -mfpu=fpv4-sp-d16 -mfloat-abi=hard -mthumb -o "ThirdParty/Source/event_groups.o"
arm-none-eabi-gcc "../ThirdParty/Source/list.c" -mcpu=cortex-m4 -std=gnu11 -g3 -DDEBUG -DSTM32 -DSTM32F4 -DSTM32F446RETx -DNUCLEO_F446RE -c -I../Inc -I../ThirdParty/Source/portable/ -I../ThirdParty/Source/include -I../ThirdParty/Source/portable/GCC/ARM_CM4F/ -O0 -ffunction-sections -fdata-sections -Wall -fstack-usage -fcyclomatic-complexity -MMD -MP -MF"ThirdParty/Source/list.d" -MT"ThirdParty/Source/list.o" --specs=nano.specs -mfpu=fpv4-sp-d16 -mfloat-abi=hard -mthumb -o "ThirdParty/Source/list.o"
arm-none-eabi-gcc "../ThirdParty/Source/queue.c" -mcpu=cortex-m4 -std=gnu11 -g3 -DDEBUG -DSTM32 -DSTM32F4 -DSTM32F446RETx -DNUCLEO_F446RE -c -I../Inc -I../ThirdParty/Source/portable/ -I../ThirdParty/Source/include -I../ThirdParty/Source/portable/GCC/ARM_CM4F/ -O0 -ffunction-sections -fdata-sections -Wall -fstack-usage -fcyclomatic-complexity -MMD -MP -MF"ThirdParty/Source/queue.d" -MT"ThirdParty/Source/queue.o" --specs=nano.specs -mfpu=fpv4-sp-d16 -mfloat-abi=hard -mthumb -o "ThirdParty/Source/queue.o"
arm-none-eabi-gcc "../ThirdParty/Source/stream_buffer.c" -mcpu=cortex-m4 -std=gnu11 -g3 -DDEBUG -DSTM32 -DSTM32F4 -DSTM32F446RETx -DNUCLEO_F446RE -c -I../Inc -I../ThirdParty/Source/portable/ -I../ThirdParty/Source/include -I../ThirdParty/Source/portable/GCC/ARM_CM4F/ -O0 -ffunction-sections -fdata-sections -Wall -fstack-usage -fcyclomatic-complexity -MMD -MP -MF"ThirdParty/Source/stream_buffer.d" -MT"ThirdParty/Source/stream_buffer.o" --specs=nano.specs -mfpu=fpv4-sp-d16 -mfloat-abi=hard -mthumb -o "ThirdParty/Source/stream_buffer.o"
arm-none-eabi-gcc "../ThirdParty/Source/tasks.c" -mcpu=cortex-m4 -std=gnu11 -g3 -DDEBUG -DSTM32 -DSTM32F4 -DSTM32F446RETx -DNUCLEO_F446RE -c -I../Inc -I../ThirdParty/Source/portable/ -I../ThirdParty/Source/include -I../ThirdParty/Source/portable/GCC/ARM_CM4F/ -O0 -ffunction-sections -fdata-sections -Wall -fstack-usage -fcyclomatic-complexity -MMD -MP -MF"ThirdParty/Source/tasks.d" -MT"ThirdParty/Source/tasks.o" --specs=nano.specs -mfpu=fpv4-sp-d16 -mfloat-abi=hard -mthumb -o "ThirdParty/Source/tasks.o"
arm-none-eabi-gcc "../ThirdParty/Source/timers.c" -mcpu=cortex-m4 -std=gnu11 -g3 -DDEBUG -DSTM32 -DSTM32F4 -DSTM32F446RETx -DNUCLEO_F446RE -c -I../Inc -I../ThirdParty/Source/portable/ -I../ThirdParty/Source/include -I../ThirdParty/Source/portable/GCC/ARM_CM4F/ -O0 -ffunction-sections -fdata-sections -Wall -fstack-usage -fcyclomatic-complexity -MMD -MP -MF"ThirdParty/Source/timers.d" -MT"ThirdParty/Source/timers.o" --specs=nano.specs -mfpu=fpv4-sp-d16 -mfloat-abi=hard -mthumb -o "ThirdParty/Source/timers.o"
arm-none-eabi-gcc -mcpu=cortex-m4 -g3 -DDEBUG -c -x assembler-with-cpp -MMD -MP -MF"Startup/startup_stm32f446retx.d" -MT"Startup/startup_stm32f446retx.o" --specs=nano.specs -mfpu=fpv4-sp-d16 -mfloat-abi=hard -mthumb -o "Startup/startup_stm32f446retx.o" "../Startup/startup_stm32f446retx.s"
arm-none-eabi-gcc "../Src/BSW_program.c" -mcpu=cortex-m4 -std=gnu11 -g3 -DDEBUG -DSTM32 -DSTM32F4 -DSTM32F446RETx -DNUCLEO_F446RE -c -I../Inc -I../ThirdParty/Source/portable/ -I../ThirdParty/Source/include -I../ThirdParty/Source/portable/GCC/ARM_CM4F/ -O0 -ffunction-sections -fdata-sections -Wall -fstack-usage -fcyclomatic-complexity -MMD -MP -MF"Src/BSW_program.d" -MT"Src/BSW_program.o" --specs=nano.specs -mfpu=fpv4-sp-d16 -mfloat-abi=hard -mthumb -o "Src/BSW_program.o"
arm-none-eabi-gcc "../Src/BUZ_program.c" -mcpu=cortex-m4 -std=gnu11 -g3 -DDEBUG -DSTM32 -DSTM32F4 -DSTM32F446RETx -DNUCLEO_F446RE -c -I../Inc -I../ThirdParty/Source/portable/ -I../ThirdParty/Source/include -I../ThirdParty/Source/portable/GCC/ARM_CM4F/ -O0 -ffunction-sections -fdata-sections -Wall -fstack-usage -fcyclomatic-complexity -MMD -MP -MF"Src/BUZ_program.d" -MT"Src/BUZ_program.o" --specs=nano.specs -mfpu=fpv4-sp-d16 -mfloat-abi=hard -mthumb -o "Src/BUZ_program.o"
arm-none-eabi-gcc "../Src/DNPW_program.c" -mcpu=cortex-m4 -std=gnu11 -g3 -DDEBUG -DSTM32 -DSTM32F4 -DSTM32F446RETx -DNUCLEO_F446RE -c -I../Inc -I../ThirdParty/Source/portable/ -I../ThirdParty/Source/include -I../ThirdParty/Source/portable/GCC/ARM_CM4F/ -O0 -ffunction-sections -fdata-sections -Wall -fstack-usage -fcyclomatic-complexity -MMD -MP -MF"Src/DNPW_program.d" -MT"Src/DNPW_program.o" --specs=nano.specs -mfpu=fpv4-sp-d16 -mfloat-abi=hard -mthumb -o "Src/DNPW_program.o"
arm-none-eabi-gcc "../Src/EEBL_program.c" -mcpu=cortex-m4 -std=gnu11 -g3 -DDEBUG -DSTM32 -DSTM32F4 -DSTM32F446RETx -DNUCLEO_F446RE -c -I../Inc -I../ThirdParty/Source/portable/ -I../ThirdParty/Source/include -I../ThirdParty/Source/portable/GCC/ARM_CM4F/ -O0 -ffunction-sections -fdata-sections -Wall -fstack-usage -fcyclomatic-complexity -MMD -MP -MF"Src/EEBL_program.d" -MT"Src/EEBL_program.o" --specs=nano.specs -mfpu=fpv4-sp-d16 -mfloat-abi=hard -mthumb -o "Src/EEBL_program.o"
arm-none-eabi-gcc "../Src/EXTI_program.c" -mcpu=cortex-m4 -std=gnu11 -g3 -DDEBUG -DSTM32 -DSTM32F4 -DSTM32F446RETx -DNUCLEO_F446RE -c -I../Inc -I../ThirdParty/Source/portable/ -I../ThirdParty/Source/include -I../ThirdParty/Source/portable/GCC/ARM_CM4F/ -O0 -ffunction-sections -fdata-sections -Wall -fstack-usage -fcyclomatic-complexity -MMD -MP -MF"Src/EXTI_program.d" -MT"Src/EXTI_program.o" --specs=nano.specs -mfpu=fpv4-sp-d16 -mfloat-abi=hard -mthumb -o "Src/EXTI_program.o"
arm-none-eabi-gcc "../Src/FCW_program.c" -mcpu=cortex-m4 -std=gnu11 -g3 -DDEBUG -DSTM32 -DSTM32F4 -DSTM32F446RETx -DNUCLEO_F446RE -c -I../Inc -I../ThirdParty/Source/portable/ -I../ThirdParty/Source/include -I../ThirdParty/Source/portable/GCC/ARM_CM4F/ -O0 -ffunction-sections -fdata-sections -Wall -fstack-usage -fcyclomatic-complexity -MMD -MP -MF"Src/FCW_program.d" -MT"Src/FCW_program.o" --specs=nano.specs -mfpu=fpv4-sp-d16 -mfloat-abi=hard -mthumb -o "Src/FCW_program.o"
arm-none-eabi-gcc "../Src/GPIO_prog.c" -mcpu=cortex-m4 -std=gnu11 -g3 -DDEBUG -DSTM32 -DSTM32F4 -DSTM32F446RETx -DNUCLEO_F446RE -c -I../Inc -I../ThirdParty/Source/portable/ -I../ThirdParty/Source/include -I../ThirdParty/Source/portable/GCC/ARM_CM4F/ -O0 -ffunction-sections -fdata-sections -Wall -fstack-usage -fcyclomatic-complexity -MMD -MP -MF"Src/GPIO_prog.d" -MT"Src/GPIO_prog.o" --specs=nano.specs -mfpu=fpv4-sp-d16 -mfloat-abi=hard -mthumb -o "Src/GPIO_prog.o"
arm-none-eabi-gcc "../Src/IMA_program.c" -mcpu=cortex-m4 -std=gnu11 -g3 -DDEBUG -DSTM32 -DSTM32F4 -DSTM32F446RETx -DNUCLEO_F446RE -c -I../Inc -I../ThirdParty/Source/portable/ -I../ThirdParty/Source/include -I../ThirdParty/Source/portable/GCC/ARM_CM4F/ -O0 -ffunction-sections -fdata-sections -Wall -fstack-usage -fcyclomatic-complexity -MMD -MP -MF"Src/IMA_program.d" -MT"Src/IMA_program.o" --specs=nano.specs -mfpu=fpv4-sp-d16 -mfloat-abi=hard -mthumb -o "Src/IMA_program.o"
arm-none-eabi-gcc "../Src/LED_prog.c" -mcpu=cortex-m4 -std=gnu11 -g3 -DDEBUG -DSTM32 -DSTM32F4 -DSTM32F446RETx -DNUCLEO_F446RE -c -I../Inc -I../ThirdParty/Source/portable/ -I../ThirdParty/Source/include -I../ThirdParty/Source/portable/GCC/ARM_CM4F/ -O0 -ffunction-sections -fdata-sections -Wall -fstack-usage -fcyclomatic-complexity -MMD -MP -MF"Src/LED_prog.d" -MT"Src/LED_prog.o" --specs=nano.specs -mfpu=fpv4-sp-d16 -mfloat-abi=hard -mthumb -o "Src/LED_prog.o"
arm-none-eabi-gcc "../Src/MPU9250_program.c" -mcpu=cortex-m4 -std=gnu11 -g3 -DDEBUG -DSTM32 -DSTM32F4 -DSTM32F446RETx -DNUCLEO_F446RE -c -I../Inc -I../ThirdParty/Source/portable/ -I../ThirdParty/Source/include -I../ThirdParty/Source/portable/GCC/ARM_CM4F/ -O0 -ffunction-sections -fdata-sections -Wall -fstack-usage -fcyclomatic-complexity -MMD -MP -MF"Src/MPU9250_program.d" -MT"Src/MPU9250_program.o" --specs=nano.specs -mfpu=fpv4-sp-d16 -mfloat-abi=hard -mthumb -o "Src/MPU9250_program.o"
arm-none-eabi-gcc "../Src/NVIC_program.c" -mcpu=cortex-m4 -std=gnu11 -g3 -DDEBUG -DSTM32 -DSTM32F4 -DSTM32F446RETx -DNUCLEO_F446RE -c -I../Inc -I../ThirdParty/Source/portable/ -I../ThirdParty/Source/include -I../ThirdParty/Source/portable/GCC/ARM_CM4F/ -O0 -ffunction-sections -fdata-sections -Wall -fstack-usage -fcyclomatic-complexity -MMD -MP -MF"Src/NVIC_program.d" -MT"Src/NVIC_program.o" --specs=nano.specs -mfpu=fpv4-sp-d16 -mfloat-abi=hard -mthumb -o "Src/NVIC_program.o"
arm-none-eabi-gcc "../Src/RCC_program.c" -mcpu=cortex-m4 -std=gnu11 -g3 -DDEBUG -DSTM32 -DSTM32F4 -DSTM32F446RETx -DNUCLEO_F446RE -c -I../Inc -I../ThirdParty/Source/portable/ -I../ThirdParty/Source/include -I../ThirdParty/Source/portable/GCC/ARM_CM4F/ -O0 -ffunction-sections -fdata-sections -Wall -fstack-usage -fcyclomatic-complexity -MMD -MP -MF"Src/RCC_program.d" -MT"Src/RCC_program.o" --specs=nano.specs -mfpu=fpv4-sp-d16 -mfloat-abi=hard -mthumb -o "Src/RCC_program.o"
../Src/EXTI_program.c: In function 'EXTI_vSetTrigSrc':
../Src/EXTI_program.c:163:1: warning: control reaches end of non-void function [-Wreturn-type]
  163 | }
      | ^
arm-none-eabi-gcc "../Src/SCB_program.c" -mcpu=cortex-m4 -std=gnu11 -g3 -DDEBUG -DSTM32 -DSTM32F4 -DSTM32F446RETx -DNUCLEO_F446RE -c -I../Inc -I../ThirdParty/Source/portable/ -I../ThirdParty/Source/include -I../ThirdParty/Source/portable/GCC/ARM_CM4F/ -O0 -ffunction-sections -fdata-sections -Wall -fstack-usage -fcyclomatic-complexity -MMD -MP -MF"Src/SCB_program.d" -MT"Src/SCB_program.o" --specs=nano.specs -mfpu=fpv4-sp-d16 -mfloat-abi=hard -mthumb -o "Src/SCB_program.o"
arm-none-eabi-gcc "../Src/SDW_program.c" -mcpu=cortex-m4 -std=gnu11 -g3 -DDEBUG -DSTM32 -DSTM32F4 -DSTM32F446RETx -DNUCLEO_F446RE -c -I../Inc -I../ThirdParty/Source/portable/ -I../ThirdParty/Source/include -I../ThirdParty/Source/portable/GCC/ARM_CM4F/ -O0 -ffunction-sections -fdata-sections -Wall -fstack-usage -fcyclomatic-complexity -MMD -MP -MF"Src/SDW_program.d" -MT"Src/SDW_program.o" --specs=nano.specs -mfpu=fpv4-sp-d16 -mfloat-abi=hard -mthumb -o "Src/SDW_program.o"
arm-none-eabi-gcc "../Src/SPI_program.c" -mcpu=cortex-m4 -std=gnu11 -g3 -DDEBUG -DSTM32 -DSTM32F4 -DSTM32F446RETx -DNUCLEO_F446RE -c -I../Inc -I../ThirdParty/Source/portable/ -I../ThirdParty/Source/include -I../ThirdParty/Source/portable/GCC/ARM_CM4F/ -O0 -ffunction-sections -fdata-sections -Wall -fstack-usage -fcyclomatic-complexity -MMD -MP -MF"Src/SPI_program.d" -MT"Src/SPI_program.o" --specs=nano.specs -mfpu=fpv4-sp-d16 -mfloat-abi=hard -mthumb -o "Src/SPI_program.o"
arm-none-eabi-gcc "../Src/SYSCFG_program.c" -mcpu=cortex-m4 -std=gnu11 -g3 -DDEBUG -DSTM32 -DSTM32F4 -DSTM32F446RETx -DNUCLEO_F446RE -c -I../Inc -I../ThirdParty/Source/portable/ -I../ThirdParty/Source/include -I../ThirdParty/Source/portable/GCC/ARM_CM4F/ -O0 -ffunction-sections -fdata-sections -Wall -fstack-usage -fcyclomatic-complexity -MMD -MP -MF"Src/SYSCFG_program.d" -MT"Src/SYSCFG_program.o" --specs=nano.specs -mfpu=fpv4-sp-d16 -mfloat-abi=hard -mthumb -o "Src/SYSCFG_program.o"
arm-none-eabi-gcc "../Src/SYSTIC_program.c" -mcpu=cortex-m4 -std=gnu11 -g3 -DDEBUG -DSTM32 -DSTM32F4 -DSTM32F446RETx -DNUCLEO_F446RE -c -I../Inc -I../ThirdParty/Source/portable/ -I../ThirdParty/Source/include -I../ThirdParty/Source/portable/GCC/ARM_CM4F/ -O0 -ffunction-sections -fdata-sections -Wall -fstack-usage -fcyclomatic-complexity -MMD -MP -MF"Src/SYSTIC_program.d" -MT"Src/SYSTIC_program.o" --specs=nano.specs -mfpu=fpv4-sp-d16 -mfloat-abi=hard -mthumb -o "Src/SYSTIC_program.o"
arm-none-eabi-gcc "../Src/System.c" -mcpu=cortex-m4 -std=gnu11 -g3 -DDEBUG -DSTM32 -DSTM32F4 -DSTM32F446RETx -DNUCLEO_F446RE -c -I../Inc -I../ThirdParty/Source/portable/ -I../ThirdParty/Source/include -I../ThirdParty/Source/portable/GCC/ARM_CM4F/ -O0 -ffunction-sections -fdata-sections -Wall -fstack-usage -fcyclomatic-complexity -MMD -MP -MF"Src/System.d" -MT"Src/System.o" --specs=nano.specs -mfpu=fpv4-sp-d16 -mfloat-abi=hard -mthumb -o "Src/System.o"
arm-none-eabi-gcc "../Src/TIM_program.c" -mcpu=cortex-m4 -std=gnu11 -g3 -DDEBUG -DSTM32 -DSTM32F4 -DSTM32F446RETx -DNUCLEO_F446RE -c -I../Inc -I../ThirdParty/Source/portable/ -I../ThirdParty/Source/include -I../ThirdParty/Source/portable/GCC/ARM_CM4F/ -O0 -ffunction-sections -fdata-sections -Wall -fstack-usage -fcyclomatic-complexity -MMD -MP -MF"Src/TIM_program.d" -MT"Src/TIM_program.o" --specs=nano.specs -mfpu=fpv4-sp-d16 -mfloat-abi=hard -mthumb -o "Src/TIM_program.o"
arm-none-eabi-gcc "../Src/USART_program.c" -mcpu=cortex-m4 -std=gnu11 -g3 -DDEBUG -DSTM32 -DSTM32F4 -DSTM32F446RETx -DNUCLEO_F446RE -c -I../Inc -I../ThirdParty/Source/portable/ -I../ThirdParty/Source/include -I../ThirdParty/Source/portable/GCC/ARM_CM4F/ -O0 -ffunction-sections -fdata-sections -Wall -fstack-usage -fcyclomatic-complexity -MMD -MP -MF"Src/USART_program.d" -MT"Src/USART_program.o" --specs=nano.specs -mfpu=fpv4-sp-d16 -mfloat-abi=hard -mthumb -o "Src/USART_program.o"
arm-none-eabi-gcc "../Src/US_prog.c" -mcpu=cortex-m4 -std=gnu11 -g3 -DDEBUG -DSTM32 -DSTM32F4 -DSTM32F446RETx -DNUCLEO_F446RE -c -I../Inc -I../ThirdParty/Source/portable/ -I../ThirdParty/Source/include -I../ThirdParty/Source/portable/GCC/ARM_CM4F/ -O0 -ffunction-sections -fdata-sections -Wall -fstack-usage -fcyclomatic-complexity -MMD -MP -MF"Src/US_prog.d" -MT"Src/US_prog.o" --specs=nano.specs -mfpu=fpv4-sp-d16 -mfloat-abi=hard -mthumb -o "Src/US_prog.o"
arm-none-eabi-gcc "../Src/main.c" -mcpu=cortex-m4 -std=gnu11 -g3 -DDEBUG -DSTM32 -DSTM32F4 -DSTM32F446RETx -DNUCLEO_F446RE -c -I../Inc -I../ThirdParty/Source/portable/ -I../ThirdParty/Source/include -I../ThirdParty/Source/portable/GCC/ARM_CM4F/ -O0 -ffunction-sections -fdata-sections -Wall -fstack-usage -fcyclomatic-complexity -MMD -MP -MF"Src/main.d" -MT"Src/main.o" --specs=nano.specs -mfpu=fpv4-sp-d16 -mfloat-abi=hard -mthumb -o "Src/main.o"
arm-none-eabi-gcc "../Src/syscalls.c" -mcpu=cortex-m4 -std=gnu11 -g3 -DDEBUG -DSTM32 -DSTM32F4 -DSTM32F446RETx -DNUCLEO_F446RE -c -I../Inc -I../ThirdParty/Source/portable/ -I../ThirdParty/Source/include -I../ThirdParty/Source/portable/GCC/ARM_CM4F/ -O0 -ffunction-sections -fdata-sections -Wall -fstack-usage -fcyclomatic-complexity -MMD -MP -MF"Src/syscalls.d" -MT"Src/syscalls.o" --specs=nano.specs -mfpu=fpv4-sp-d16 -mfloat-abi=hard -mthumb -o "Src/syscalls.o"
In file included from ../Src/SYSTIC_program.c:28:
../Src/../Inc/Drivers/MCAL/SYSTIC/SYSTIC_private.h:45: warning: "ENABLE" redefined
   45 | #define ENABLE  (1U)  /**< Enable a feature */
      | 
In file included from ../Src/SYSTIC_program.c:24:
../Src/../Inc/Drivers/LIB/ErrTypes.h:11: note: this is the location of the previous definition
   11 | #define ENABLE  1u
      | 
../Src/../Inc/Drivers/MCAL/SYSTIC/SYSTIC_private.h:46: warning: "DISABLE" redefined
   46 | #define DISABLE (0U) /**< Disable a feature */
      | 
../Src/../Inc/Drivers/LIB/ErrTypes.h:12: note: this is the location of the previous definition
   12 | #define DISABLE 0u
      | 
../Src/USART_program.c: In function 'USART_Init':
../Src/USART_program.c:60:16: warning: unused variable 'USARTDIV' [-Wunused-variable]
   60 |       uint32_t USARTDIV = 0;
      |                ^~~~~~~~
arm-none-eabi-gcc -o "BareMetal.elf" @"objects.list"   -mcpu=cortex-m4 -T"D:\Grad_Project\V2X-Collision-Avoidance\BareMetal\STM32F446RETX_FLASH.ld" --specs=nosys.specs -Wl,-Map="BareMetal.map" -Wl,--gc-sections -static --specs=nano.specs -mfpu=fpv4-sp-d16 -mfloat-abi=hard -mthumb -Wl,--start-group -lc -lm -Wl,--end-group
Finished building target: BareMetal.elf
 
arm-none-eabi-size  BareMetal.elf 
arm-none-eabi-objdump -h -S BareMetal.elf  > "BareMetal.list"
arm-none-eabi-objcopy  -O ihex BareMetal.elf  "BareMetal.hex"
   text	   data	    bss	    dec	    hex	filename
  12580	     44	  78908	  91532	  1658c	BareMetal.elf
Finished building: default.size.stdout
 
Finished building: BareMetal.hex
Finished building: BareMetal.list
 
 
00:29:25 **** Incremental Build of configuration Debug for project BareMetal ****
make -j16 all 
arm-none-eabi-size  BareMetal.elf 
   text	   data	    bss	    dec	    hex	filename
  12580	     44	  78908	  91532	  1658c	BareMetal.elf
Finished building: default.size.stdout
 
00:29:33 **** Incremental Build of configuration Debug for project BareMetal ****
make -j16 all 
arm-none-eabi-size  BareMetal.elf 
   text	   data	    bss	    dec	    hex	filename
  12580	     44	  78908	  91532	  1658c	BareMetal.elf
Finished building: default.size.stdout
 
